
Allocating common symbols
Common symbol       size              file

transmissionStatus  0x1               ..\obj\main.o
dataOut             0x20              ..\obj\main.o

Discarded input sections

 .text          0x00000000        0x0 ..\obj\stm32f4xx_usart.o
 .data          0x00000000        0x0 ..\obj\stm32f4xx_usart.o
 .bss           0x00000000        0x0 ..\obj\stm32f4xx_usart.o
 .text.USART_DeInit
                0x00000000       0xd0 ..\obj\stm32f4xx_usart.o
 .text.USART_StructInit
                0x00000000       0x38 ..\obj\stm32f4xx_usart.o
 .text.USART_ClockInit
                0x00000000       0x54 ..\obj\stm32f4xx_usart.o
 .text.USART_ClockStructInit
                0x00000000       0x2c ..\obj\stm32f4xx_usart.o
 .text.USART_SetPrescaler
                0x00000000       0x38 ..\obj\stm32f4xx_usart.o
 .text.USART_OverSampling8Cmd
                0x00000000       0x44 ..\obj\stm32f4xx_usart.o
 .text.USART_OneBitMethodCmd
                0x00000000       0x40 ..\obj\stm32f4xx_usart.o
 .text.USART_SendData
                0x00000000       0x24 ..\obj\stm32f4xx_usart.o
 .text.USART_SetAddress
                0x00000000       0x38 ..\obj\stm32f4xx_usart.o
 .text.USART_ReceiverWakeUpCmd
                0x00000000       0x40 ..\obj\stm32f4xx_usart.o
 .text.USART_WakeUpConfig
                0x00000000       0x38 ..\obj\stm32f4xx_usart.o
 .text.USART_LINBreakDetectLengthConfig
                0x00000000       0x38 ..\obj\stm32f4xx_usart.o
 .text.USART_LINCmd
                0x00000000       0x40 ..\obj\stm32f4xx_usart.o
 .text.USART_SendBreak
                0x00000000       0x24 ..\obj\stm32f4xx_usart.o
 .text.USART_HalfDuplexCmd
                0x00000000       0x40 ..\obj\stm32f4xx_usart.o
 .text.USART_SetGuardTime
                0x00000000       0x3c ..\obj\stm32f4xx_usart.o
 .text.USART_SmartCardCmd
                0x00000000       0x40 ..\obj\stm32f4xx_usart.o
 .text.USART_SmartCardNACKCmd
                0x00000000       0x40 ..\obj\stm32f4xx_usart.o
 .text.USART_IrDAConfig
                0x00000000       0x38 ..\obj\stm32f4xx_usart.o
 .text.USART_IrDACmd
                0x00000000       0x40 ..\obj\stm32f4xx_usart.o
 .text.USART_DMACmd
                0x00000000       0x48 ..\obj\stm32f4xx_usart.o
 .text.USART_GetFlagStatus
                0x00000000       0x38 ..\obj\stm32f4xx_usart.o
 .text.USART_ClearFlag
                0x00000000       0x20 ..\obj\stm32f4xx_usart.o
 .text          0x00000000        0x0 ..\obj\tm_stm32f4_nrf24l01.o
 .data          0x00000000        0x0 ..\obj\tm_stm32f4_nrf24l01.o
 .text.TM_NRF24L01_WriteBit
                0x00000000       0x60 ..\obj\tm_stm32f4_nrf24l01.o
 .text.TM_NRF24L01_ReadBit
                0x00000000       0x38 ..\obj\tm_stm32f4_nrf24l01.o
 .text.TM_NRF24L01_ReadRegister
                0x00000000       0x44 ..\obj\tm_stm32f4_nrf24l01.o
 .text.TM_NRF24L01_ReadRegisterMulti
                0x00000000       0x48 ..\obj\tm_stm32f4_nrf24l01.o
 .text.TM_NRF24L01_PowerDown
                0x00000000       0x1c ..\obj\tm_stm32f4_nrf24l01.o
 .text.TM_NRF24L01_GetData
                0x00000000       0x44 ..\obj\tm_stm32f4_nrf24l01.o
 .text.TM_NRF24L01_DataReady
                0x00000000       0x34 ..\obj\tm_stm32f4_nrf24l01.o
 .text.TM_NRF24L01_RxFifoEmpty
                0x00000000       0x20 ..\obj\tm_stm32f4_nrf24l01.o
 .text.TM_NRF24L01_GetRetransmissionsCount
                0x00000000       0x18 ..\obj\tm_stm32f4_nrf24l01.o
 .text          0x00000000        0x0 ..\obj\startup_stm32f4xx.o
 .data          0x00000000        0x0 ..\obj\startup_stm32f4xx.o
 .bss           0x00000000        0x0 ..\obj\startup_stm32f4xx.o
 .text          0x00000000        0x0 ..\obj\main.o
 .text          0x00000000        0x0 ..\obj\stm32f4xx_rcc.o
 .bss           0x00000000        0x0 ..\obj\stm32f4xx_rcc.o
 .text.RCC_DeInit
                0x00000000       0x50 ..\obj\stm32f4xx_rcc.o
 .text.RCC_HSEConfig
                0x00000000       0x24 ..\obj\stm32f4xx_rcc.o
 .text.RCC_WaitForHSEStartUp
                0x00000000       0x50 ..\obj\stm32f4xx_rcc.o
 .text.RCC_AdjustHSICalibrationValue
                0x00000000       0x3c ..\obj\stm32f4xx_rcc.o
 .text.RCC_HSICmd
                0x00000000       0x20 ..\obj\stm32f4xx_rcc.o
 .text.RCC_LSEConfig
                0x00000000       0x40 ..\obj\stm32f4xx_rcc.o
 .text.RCC_LSICmd
                0x00000000       0x20 ..\obj\stm32f4xx_rcc.o
 .text.RCC_PLLConfig
                0x00000000       0x3c ..\obj\stm32f4xx_rcc.o
 .text.RCC_PLLCmd
                0x00000000       0x20 ..\obj\stm32f4xx_rcc.o
 .text.RCC_PLLI2SConfig
                0x00000000       0x28 ..\obj\stm32f4xx_rcc.o
 .text.RCC_PLLI2SCmd
                0x00000000       0x20 ..\obj\stm32f4xx_rcc.o
 .text.RCC_ClockSecuritySystemCmd
                0x00000000       0x20 ..\obj\stm32f4xx_rcc.o
 .text.RCC_MCO1Config
                0x00000000       0x3c ..\obj\stm32f4xx_rcc.o
 .text.RCC_MCO2Config
                0x00000000       0x3c ..\obj\stm32f4xx_rcc.o
 .text.RCC_SYSCLKConfig
                0x00000000       0x38 ..\obj\stm32f4xx_rcc.o
 .text.RCC_GetSYSCLKSource
                0x00000000       0x20 ..\obj\stm32f4xx_rcc.o
 .text.RCC_HCLKConfig
                0x00000000       0x38 ..\obj\stm32f4xx_rcc.o
 .text.RCC_PCLK1Config
                0x00000000       0x38 ..\obj\stm32f4xx_rcc.o
 .text.RCC_PCLK2Config
                0x00000000       0x38 ..\obj\stm32f4xx_rcc.o
 .text.RCC_RTCCLKConfig
                0x00000000       0x5c ..\obj\stm32f4xx_rcc.o
 .text.RCC_RTCCLKCmd
                0x00000000       0x20 ..\obj\stm32f4xx_rcc.o
 .text.RCC_BackupResetCmd
                0x00000000       0x20 ..\obj\stm32f4xx_rcc.o
 .text.RCC_I2SCLKConfig
                0x00000000       0x1c ..\obj\stm32f4xx_rcc.o
 .text.RCC_AHB2PeriphClockCmd
                0x00000000       0x3c ..\obj\stm32f4xx_rcc.o
 .text.RCC_AHB3PeriphClockCmd
                0x00000000       0x3c ..\obj\stm32f4xx_rcc.o
 .text.RCC_APB1PeriphClockCmd
                0x00000000       0x3c ..\obj\stm32f4xx_rcc.o
 .text.RCC_AHB1PeriphResetCmd
                0x00000000       0x3c ..\obj\stm32f4xx_rcc.o
 .text.RCC_AHB2PeriphResetCmd
                0x00000000       0x3c ..\obj\stm32f4xx_rcc.o
 .text.RCC_AHB3PeriphResetCmd
                0x00000000       0x3c ..\obj\stm32f4xx_rcc.o
 .text.RCC_APB1PeriphResetCmd
                0x00000000       0x3c ..\obj\stm32f4xx_rcc.o
 .text.RCC_APB2PeriphResetCmd
                0x00000000       0x3c ..\obj\stm32f4xx_rcc.o
 .text.RCC_AHB1PeriphClockLPModeCmd
                0x00000000       0x3c ..\obj\stm32f4xx_rcc.o
 .text.RCC_AHB2PeriphClockLPModeCmd
                0x00000000       0x3c ..\obj\stm32f4xx_rcc.o
 .text.RCC_AHB3PeriphClockLPModeCmd
                0x00000000       0x3c ..\obj\stm32f4xx_rcc.o
 .text.RCC_APB1PeriphClockLPModeCmd
                0x00000000       0x3c ..\obj\stm32f4xx_rcc.o
 .text.RCC_APB2PeriphClockLPModeCmd
                0x00000000       0x3c ..\obj\stm32f4xx_rcc.o
 .text.RCC_ITConfig
                0x00000000       0x48 ..\obj\stm32f4xx_rcc.o
 .text.RCC_GetFlagStatus
                0x00000000       0x74 ..\obj\stm32f4xx_rcc.o
 .text.RCC_ClearFlag
                0x00000000       0x1c ..\obj\stm32f4xx_rcc.o
 .text.RCC_GetITStatus
                0x00000000       0x38 ..\obj\stm32f4xx_rcc.o
 .text.RCC_ClearITPendingBit
                0x00000000       0x20 ..\obj\stm32f4xx_rcc.o
 .text          0x00000000        0x0 ..\obj\tm_stm32f4_usart.o
 .data          0x00000000        0x0 ..\obj\tm_stm32f4_usart.o
 .bss           0x00000000        0x0 ..\obj\tm_stm32f4_usart.o
 .text.TM_USART_Init
                0x00000000       0x18 ..\obj\tm_stm32f4_usart.o
 .text.TM_USART_InitWithFlowControl
                0x00000000       0x1c ..\obj\tm_stm32f4_usart.o
 .text.TM_USART_Getc
                0x00000000       0x74 ..\obj\tm_stm32f4_usart.o
 .text.TM_USART_Gets
                0x00000000       0x94 ..\obj\tm_stm32f4_usart.o
 .text.TM_USART_BufferEmpty
                0x00000000       0x34 ..\obj\tm_stm32f4_usart.o
 .text.TM_USART_BufferFull
                0x00000000       0x2c ..\obj\tm_stm32f4_usart.o
 .text.TM_USART_ClearBuffer
                0x00000000       0x28 ..\obj\tm_stm32f4_usart.o
 .text.TM_USART_SetCustomStringEndCharacter
                0x00000000       0x20 ..\obj\tm_stm32f4_usart.o
 .text.TM_USART_FindCharacter
                0x00000000       0x60 ..\obj\tm_stm32f4_usart.o
 .text.TM_USART_Puts
                0x00000000       0x5c ..\obj\tm_stm32f4_usart.o
 .text.TM_USART_Send
                0x00000000       0x68 ..\obj\tm_stm32f4_usart.o
 .text.TM_USART_INT_InsertToBuffer
                0x00000000       0x5c ..\obj\tm_stm32f4_usart.o
 .text.TM_USART_InitCustomPinsCallback
                0x00000000       0x18 ..\obj\tm_stm32f4_usart.o
 .text.TM_USART_INT_GetUsart
                0x00000000       0x18 ..\obj\tm_stm32f4_usart.o
 .text.TM_USART_INT_GetSubPriority
                0x00000000       0x18 ..\obj\tm_stm32f4_usart.o
 .text.TM_USART_INT_Init
                0x00000000       0xac ..\obj\tm_stm32f4_usart.o
 .debug_info    0x00000000      0x7e4 ..\obj\tm_stm32f4_usart.o
 .debug_abbrev  0x00000000      0x1f9 ..\obj\tm_stm32f4_usart.o
 .debug_aranges
                0x00000000       0x98 ..\obj\tm_stm32f4_usart.o
 .debug_ranges  0x00000000       0x88 ..\obj\tm_stm32f4_usart.o
 .debug_line    0x00000000      0x389 ..\obj\tm_stm32f4_usart.o
 .debug_str     0x00000000      0x61a ..\obj\tm_stm32f4_usart.o
 .comment       0x00000000       0x71 ..\obj\tm_stm32f4_usart.o
 .ARM.attributes
                0x00000000       0x33 ..\obj\tm_stm32f4_usart.o
 .debug_frame   0x00000000      0x1f8 ..\obj\tm_stm32f4_usart.o
 .text          0x00000000        0x0 ..\obj\tm_stm32f4_spi.o
 .data          0x00000000        0x0 ..\obj\tm_stm32f4_spi.o
 .bss           0x00000000        0x0 ..\obj\tm_stm32f4_spi.o
 .text.TM_SPI_InitWithMode
                0x00000000       0x88 ..\obj\tm_stm32f4_spi.o
 .text.TM_SPI_InitFull
                0x00000000       0x74 ..\obj\tm_stm32f4_spi.o
 .text.TM_SPI_GetPrescalerFromMaxFrequency
                0x00000000       0x68 ..\obj\tm_stm32f4_spi.o
 .text.TM_SPI_SetDataSize
                0x00000000       0x78 ..\obj\tm_stm32f4_spi.o
 .text.TM_SPI_SendMulti
                0x00000000       0x98 ..\obj\tm_stm32f4_spi.o
 .text.TM_SPI_ReadMulti
                0x00000000       0x94 ..\obj\tm_stm32f4_spi.o
 .text.TM_SPI_SendMulti16
                0x00000000       0x98 ..\obj\tm_stm32f4_spi.o
 .text.TM_SPI_WriteMulti16
                0x00000000       0x88 ..\obj\tm_stm32f4_spi.o
 .text.TM_SPI_ReadMulti16
                0x00000000       0x90 ..\obj\tm_stm32f4_spi.o
 .text          0x00000000        0x0 ..\obj\stm32f4xx_gpio.o
 .data          0x00000000        0x0 ..\obj\stm32f4xx_gpio.o
 .bss           0x00000000        0x0 ..\obj\stm32f4xx_gpio.o
 .text.GPIO_DeInit
                0x00000000      0x120 ..\obj\stm32f4xx_gpio.o
 .text.GPIO_StructInit
                0x00000000       0x34 ..\obj\stm32f4xx_gpio.o
 .text.GPIO_PinLockConfig
                0x00000000       0x44 ..\obj\stm32f4xx_gpio.o
 .text.GPIO_ReadInputDataBit
                0x00000000       0x34 ..\obj\stm32f4xx_gpio.o
 .text.GPIO_ReadInputData
                0x00000000       0x1c ..\obj\stm32f4xx_gpio.o
 .text.GPIO_ReadOutputDataBit
                0x00000000       0x34 ..\obj\stm32f4xx_gpio.o
 .text.GPIO_ReadOutputData
                0x00000000       0x1c ..\obj\stm32f4xx_gpio.o
 .text.GPIO_WriteBit
                0x00000000       0x30 ..\obj\stm32f4xx_gpio.o
 .text.GPIO_Write
                0x00000000       0x1c ..\obj\stm32f4xx_gpio.o
 .text.GPIO_ToggleBits
                0x00000000       0x24 ..\obj\stm32f4xx_gpio.o
 .text          0x00000000        0x0 ..\obj\system_stm32f4xx.o
 .data          0x00000000       0x14 ..\obj\system_stm32f4xx.o
 .bss           0x00000000        0x0 ..\obj\system_stm32f4xx.o
 .text.SystemInit
                0x00000000       0x58 ..\obj\system_stm32f4xx.o
 .text.SystemCoreClockUpdate
                0x00000000       0xf8 ..\obj\system_stm32f4xx.o
 .text.SetSysClock
                0x00000000       0xf4 ..\obj\system_stm32f4xx.o
 .debug_info    0x00000000      0x566 ..\obj\system_stm32f4xx.o
 .debug_abbrev  0x00000000      0x136 ..\obj\system_stm32f4xx.o
 .debug_aranges
                0x00000000       0x30 ..\obj\system_stm32f4xx.o
 .debug_ranges  0x00000000       0x20 ..\obj\system_stm32f4xx.o
 .debug_line    0x00000000      0x198 ..\obj\system_stm32f4xx.o
 .debug_str     0x00000000      0x382 ..\obj\system_stm32f4xx.o
 .comment       0x00000000       0x71 ..\obj\system_stm32f4xx.o
 .ARM.attributes
                0x00000000       0x33 ..\obj\system_stm32f4xx.o
 .debug_frame   0x00000000       0x64 ..\obj\system_stm32f4xx.o
 .text          0x00000000        0x0 ..\obj\stm32f4xx_spi.o
 .data          0x00000000        0x0 ..\obj\stm32f4xx_spi.o
 .bss           0x00000000        0x0 ..\obj\stm32f4xx_spi.o
 .text.SPI_I2S_DeInit
                0x00000000       0x74 ..\obj\stm32f4xx_spi.o
 .text.I2S_Init
                0x00000000      0x1b0 ..\obj\stm32f4xx_spi.o
 .text.I2S_StructInit
                0x00000000       0x38 ..\obj\stm32f4xx_spi.o
 .text.SPI_Cmd  0x00000000       0x40 ..\obj\stm32f4xx_spi.o
 .text.I2S_Cmd  0x00000000       0x40 ..\obj\stm32f4xx_spi.o
 .text.SPI_DataSizeConfig
                0x00000000       0x38 ..\obj\stm32f4xx_spi.o
 .text.SPI_BiDirectionalLineConfig
                0x00000000       0x40 ..\obj\stm32f4xx_spi.o
 .text.SPI_NSSInternalSoftwareConfig
                0x00000000       0x44 ..\obj\stm32f4xx_spi.o
 .text.SPI_SSOutputCmd
                0x00000000       0x40 ..\obj\stm32f4xx_spi.o
 .text.SPI_TIModeCmd
                0x00000000       0x40 ..\obj\stm32f4xx_spi.o
 .text.I2S_FullDuplexConfig
                0x00000000       0x9c ..\obj\stm32f4xx_spi.o
 .text.SPI_I2S_ReceiveData
                0x00000000       0x1c ..\obj\stm32f4xx_spi.o
 .text.SPI_I2S_SendData
                0x00000000       0x1c ..\obj\stm32f4xx_spi.o
 .text.SPI_CalculateCRC
                0x00000000       0x40 ..\obj\stm32f4xx_spi.o
 .text.SPI_TransmitCRC
                0x00000000       0x24 ..\obj\stm32f4xx_spi.o
 .text.SPI_GetCRC
                0x00000000       0x34 ..\obj\stm32f4xx_spi.o
 .text.SPI_GetCRCPolynomial
                0x00000000       0x1c ..\obj\stm32f4xx_spi.o
 .text.SPI_I2S_DMACmd
                0x00000000       0x48 ..\obj\stm32f4xx_spi.o
 .text.SPI_I2S_ITConfig
                0x00000000       0x60 ..\obj\stm32f4xx_spi.o
 .text.SPI_I2S_GetFlagStatus
                0x00000000       0x38 ..\obj\stm32f4xx_spi.o
 .text.SPI_I2S_ClearFlag
                0x00000000       0x20 ..\obj\stm32f4xx_spi.o
 .text.SPI_I2S_GetITStatus
                0x00000000       0x78 ..\obj\stm32f4xx_spi.o
 .text.SPI_I2S_ClearITPendingBit
                0x00000000       0x34 ..\obj\stm32f4xx_spi.o
 .text          0x00000000        0x0 ..\obj\misc.o
 .data          0x00000000        0x0 ..\obj\misc.o
 .bss           0x00000000        0x0 ..\obj\misc.o
 .text.NVIC_PriorityGroupConfig
                0x00000000       0x24 ..\obj\misc.o
 .text.NVIC_SetVectorTable
                0x00000000       0x2c ..\obj\misc.o
 .text.NVIC_SystemLPConfig
                0x00000000       0x40 ..\obj\misc.o
 .text.SysTick_CLKSourceConfig
                0x00000000       0x38 ..\obj\misc.o
 .text          0x00000000        0x0 ..\obj\tm_stm32f4_gpio.o
 .data          0x00000000        0x0 ..\obj\tm_stm32f4_gpio.o
 .text.TM_GPIO_DeInit
                0x00000000       0x7c ..\obj\tm_stm32f4_gpio.o
 .text.TM_GPIO_SetPinAsInput
                0x00000000       0x50 ..\obj\tm_stm32f4_gpio.o
 .text.TM_GPIO_SetPinAsOutput
                0x00000000       0x5c ..\obj\tm_stm32f4_gpio.o
 .text.TM_GPIO_SetPinAsAnalog
                0x00000000       0x4c ..\obj\tm_stm32f4_gpio.o
 .text.TM_GPIO_SetPinAsAlternate
                0x00000000       0x5c ..\obj\tm_stm32f4_gpio.o
 .text.TM_GPIO_SetPullResistor
                0x00000000       0x60 ..\obj\tm_stm32f4_gpio.o
 .text.TM_GPIO_Lock
                0x00000000       0x38 ..\obj\tm_stm32f4_gpio.o
 .text.TM_GPIO_GetPinSource
                0x00000000       0x30 ..\obj\tm_stm32f4_gpio.o
 .text.TM_GPIO_INT_DisableClock
                0x00000000       0x2c ..\obj\tm_stm32f4_gpio.o
 .text.TM_GPIO_GetUsedPins
                0x00000000       0x24 ..\obj\tm_stm32f4_gpio.o
 .text.TM_GPIO_GetFreePins
                0x00000000       0x28 ..\obj\tm_stm32f4_gpio.o

Memory Configuration

Name             Origin             Length             Attributes
rom              0x08000000         0x00100000         xr
ram              0x20000000         0x00020000         xrw
ram1             0x10000000         0x00010000         xrw
*default*        0x00000000         0xffffffff

Linker script and memory map

                0x20020000                _eram = 0x20020000

.text           0x08000000     0x17e0
 *(.isr_vector .isr_vector.*)
 .isr_vector    0x08000000      0x188 ..\obj\startup_stm32f4xx.o
                0x08000000                g_pfnVectors
 *(.text .text.* .gnu.linkonce.t.*)
 .text.USART_Init
                0x08000188      0x174 ..\obj\stm32f4xx_usart.o
                0x08000188                USART_Init
 .text.USART_Cmd
                0x080002fc       0x40 ..\obj\stm32f4xx_usart.o
                0x080002fc                USART_Cmd
 .text.USART_ReceiveData
                0x0800033c       0x20 ..\obj\stm32f4xx_usart.o
                0x0800033c                USART_ReceiveData
 .text.USART_ITConfig
                0x0800035c       0x90 ..\obj\stm32f4xx_usart.o
                0x0800035c                USART_ITConfig
 .text.USART_GetITStatus
                0x080003ec       0xb0 ..\obj\stm32f4xx_usart.o
                0x080003ec                USART_GetITStatus
 .text.USART_ClearITPendingBit
                0x0800049c       0x38 ..\obj\stm32f4xx_usart.o
                0x0800049c                USART_ClearITPendingBit
 .text.TM_SPI_Send
                0x080004d4       0x78 ..\obj\tm_stm32f4_nrf24l01.o
 .text.TM_NRF24L01_InitPins
                0x0800054c       0x48 ..\obj\tm_stm32f4_nrf24l01.o
                0x0800054c                TM_NRF24L01_InitPins
 .text.TM_NRF24L01_Init
                0x08000594      0x120 ..\obj\tm_stm32f4_nrf24l01.o
                0x08000594                TM_NRF24L01_Init
 .text.TM_NRF24L01_SetMyAddress
                0x080006b4       0x2c ..\obj\tm_stm32f4_nrf24l01.o
                0x080006b4                TM_NRF24L01_SetMyAddress
 .text.TM_NRF24L01_SetTxAddress
                0x080006e0       0x24 ..\obj\tm_stm32f4_nrf24l01.o
                0x080006e0                TM_NRF24L01_SetTxAddress
 .text.TM_NRF24L01_WriteRegister
                0x08000704       0x48 ..\obj\tm_stm32f4_nrf24l01.o
                0x08000704                TM_NRF24L01_WriteRegister
 .text.TM_NRF24L01_WriteRegisterMulti
                0x0800074c       0x4c ..\obj\tm_stm32f4_nrf24l01.o
                0x0800074c                TM_NRF24L01_WriteRegisterMulti
 .text.TM_NRF24L01_PowerUpTx
                0x08000798       0x18 ..\obj\tm_stm32f4_nrf24l01.o
                0x08000798                TM_NRF24L01_PowerUpTx
 .text.TM_NRF24L01_PowerUpRx
                0x080007b0       0x44 ..\obj\tm_stm32f4_nrf24l01.o
                0x080007b0                TM_NRF24L01_PowerUpRx
 .text.TM_NRF24L01_Transmit
                0x080007f4       0x68 ..\obj\tm_stm32f4_nrf24l01.o
                0x080007f4                TM_NRF24L01_Transmit
 .text.TM_NRF24L01_GetStatus
                0x0800085c       0x30 ..\obj\tm_stm32f4_nrf24l01.o
                0x0800085c                TM_NRF24L01_GetStatus
 .text.TM_NRF24L01_GetTransmissionStatus
                0x0800088c       0x34 ..\obj\tm_stm32f4_nrf24l01.o
                0x0800088c                TM_NRF24L01_GetTransmissionStatus
 .text.TM_NRF24L01_SoftwareReset
                0x080008c0      0x124 ..\obj\tm_stm32f4_nrf24l01.o
                0x080008c0                TM_NRF24L01_SoftwareReset
 .text.TM_NRF24L01_SetChannel
                0x080009e4       0x34 ..\obj\tm_stm32f4_nrf24l01.o
                0x080009e4                TM_NRF24L01_SetChannel
 .text.TM_NRF24L01_SetRF
                0x08000a18       0x80 ..\obj\tm_stm32f4_nrf24l01.o
                0x08000a18                TM_NRF24L01_SetRF
 .text.Default_Reset_Handler
                0x08000a98       0x5c ..\obj\startup_stm32f4xx.o
                0x08000a98                Default_Reset_Handler
                0x08000a98                Reset_Handler
 .text.Default_Handler
                0x08000af4        0x8 ..\obj\startup_stm32f4xx.o
                0x08000af4                RTC_Alarm_IRQHandler
                0x08000af4                HASH_RNG_IRQHandler
                0x08000af4                EXTI2_IRQHandler
                0x08000af4                TIM8_CC_IRQHandler
                0x08000af4                DebugMon_Handler
                0x08000af4                TIM1_CC_IRQHandler
                0x08000af4                DMA2_Stream5_IRQHandler
                0x08000af4                HardFault_Handler
                0x08000af4                DMA1_Stream5_IRQHandler
                0x08000af4                SysTick_Handler
                0x08000af4                PVD_IRQHandler
                0x08000af4                SDIO_IRQHandler
                0x08000af4                TAMP_STAMP_IRQHandler
                0x08000af4                PendSV_Handler
                0x08000af4                NMI_Handler
                0x08000af4                CAN2_RX1_IRQHandler
                0x08000af4                EXTI3_IRQHandler
                0x08000af4                TIM8_TRG_COM_TIM14_IRQHandler
                0x08000af4                TIM1_UP_TIM10_IRQHandler
                0x08000af4                TIM8_UP_TIM13_IRQHandler
                0x08000af4                I2C3_ER_IRQHandler
                0x08000af4                EXTI0_IRQHandler
                0x08000af4                I2C2_EV_IRQHandler
                0x08000af4                DMA1_Stream2_IRQHandler
                0x08000af4                CAN1_RX0_IRQHandler
                0x08000af4                FPU_IRQHandler
                0x08000af4                OTG_HS_WKUP_IRQHandler
                0x08000af4                UsageFault_Handler
                0x08000af4                CAN2_SCE_IRQHandler
                0x08000af4                DMA2_Stream2_IRQHandler
                0x08000af4                SPI1_IRQHandler
                0x08000af4                TIM6_DAC_IRQHandler
                0x08000af4                TIM1_BRK_TIM9_IRQHandler
                0x08000af4                DCMI_IRQHandler
                0x08000af4                CAN2_RX0_IRQHandler
                0x08000af4                DMA2_Stream3_IRQHandler
                0x08000af4                USART6_IRQHandler
                0x08000af4                USART3_IRQHandler
                0x08000af4                CRYP_IRQHandler
                0x08000af4                CAN1_RX1_IRQHandler
                0x08000af4                UART5_IRQHandler
                0x08000af4                DMA2_Stream0_IRQHandler
                0x08000af4                TIM4_IRQHandler
                0x08000af4                I2C1_EV_IRQHandler
                0x08000af4                DMA1_Stream6_IRQHandler
                0x08000af4                DMA1_Stream1_IRQHandler
                0x08000af4                UART4_IRQHandler
                0x08000af4                TIM3_IRQHandler
                0x08000af4                RCC_IRQHandler
                0x08000af4                TIM8_BRK_TIM12_IRQHandler
                0x08000af4                EXTI15_10_IRQHandler
                0x08000af4                ADC_IRQHandler
                0x08000af4                DMA1_Stream7_IRQHandler
                0x08000af4                TIM7_IRQHandler
                0x08000af4                CAN2_TX_IRQHandler
                0x08000af4                TIM5_IRQHandler
                0x08000af4                DMA2_Stream7_IRQHandler
                0x08000af4                I2C3_EV_IRQHandler
                0x08000af4                EXTI9_5_IRQHandler
                0x08000af4                RTC_WKUP_IRQHandler
                0x08000af4                ETH_WKUP_IRQHandler
                0x08000af4                SPI2_IRQHandler
                0x08000af4                OTG_HS_EP1_IN_IRQHandler
                0x08000af4                MemManage_Handler
                0x08000af4                DMA1_Stream0_IRQHandler
                0x08000af4                CAN1_TX_IRQHandler
                0x08000af4                SVC_Handler
                0x08000af4                EXTI4_IRQHandler
                0x08000af4                FSMC_IRQHandler
                0x08000af4                ETH_IRQHandler
                0x08000af4                OTG_HS_EP1_OUT_IRQHandler
                0x08000af4                WWDG_IRQHandler
                0x08000af4                TIM2_IRQHandler
                0x08000af4                OTG_FS_WKUP_IRQHandler
                0x08000af4                TIM1_TRG_COM_TIM11_IRQHandler
                0x08000af4                OTG_HS_IRQHandler
                0x08000af4                EXTI1_IRQHandler
                0x08000af4                USART2_IRQHandler
                0x08000af4                I2C2_ER_IRQHandler
                0x08000af4                DMA2_Stream1_IRQHandler
                0x08000af4                CAN1_SCE_IRQHandler
                0x08000af4                FLASH_IRQHandler
                0x08000af4                DMA2_Stream4_IRQHandler
                0x08000af4                BusFault_Handler
                0x08000af4                OTG_FS_IRQHandler
                0x08000af4                SPI3_IRQHandler
                0x08000af4                DMA1_Stream4_IRQHandler
                0x08000af4                I2C1_ER_IRQHandler
                0x08000af4                DMA2_Stream6_IRQHandler
                0x08000af4                DMA1_Stream3_IRQHandler
 .text.USART1_IRQHandler
                0x08000afc       0x60 ..\obj\main.o
                0x08000afc                USART1_IRQHandler
 .text.main     0x08000b5c       0x58 ..\obj\main.o
                0x08000b5c                main
 .text.USART1_GPIO_Init
                0x08000bb4       0x4c ..\obj\main.o
                0x08000bb4                USART1_GPIO_Init
 .text.USART1_Initialize
                0x08000c00       0x3c ..\obj\main.o
                0x08000c00                USART1_Initialize
 .text.NVIC_Initialize
                0x08000c3c       0x34 ..\obj\main.o
                0x08000c3c                NVIC_Initialize
 .text.Enable_USART1
                0x08000c70       0x14 ..\obj\main.o
                0x08000c70                Enable_USART1
 .text.nRF_Init
                0x08000c84       0x2c ..\obj\main.o
                0x08000c84                nRF_Init
 .text.waitforsend
                0x08000cb0       0x20 ..\obj\main.o
                0x08000cb0                waitforsend
 .text.LEDinit  0x08000cd0       0x38 ..\obj\main.o
                0x08000cd0                LEDinit
 .text.RCC_GetClocksFreq
                0x08000d08      0x154 ..\obj\stm32f4xx_rcc.o
                0x08000d08                RCC_GetClocksFreq
 .text.RCC_AHB1PeriphClockCmd
                0x08000e5c       0x3c ..\obj\stm32f4xx_rcc.o
                0x08000e5c                RCC_AHB1PeriphClockCmd
 .text.RCC_APB2PeriphClockCmd
                0x08000e98       0x3c ..\obj\stm32f4xx_rcc.o
                0x08000e98                RCC_APB2PeriphClockCmd
 .text.TM_SPI_Init
                0x08000ed4       0x80 ..\obj\tm_stm32f4_spi.o
                0x08000ed4                TM_SPI_Init
 .text.TM_SPI_WriteMulti
                0x08000f54       0x88 ..\obj\tm_stm32f4_spi.o
                0x08000f54                TM_SPI_WriteMulti
 .text.TM_SPI_InitCustomPinsCallback
                0x08000fdc       0x18 ..\obj\tm_stm32f4_spi.o
                0x08000fdc                TM_SPI_InitCustomPinsCallback
 .text.TM_SPIx_Init
                0x08000ff4      0x110 ..\obj\tm_stm32f4_spi.o
 .text.TM_SPI1_INT_InitPins
                0x08001104       0x60 ..\obj\tm_stm32f4_spi.o
                0x08001104                TM_SPI1_INT_InitPins
 .text.TM_SPI2_INT_InitPins
                0x08001164       0x94 ..\obj\tm_stm32f4_spi.o
                0x08001164                TM_SPI2_INT_InitPins
 .text.TM_SPI3_INT_InitPins
                0x080011f8       0x60 ..\obj\tm_stm32f4_spi.o
                0x080011f8                TM_SPI3_INT_InitPins
 .text.GPIO_Init
                0x08001258      0x11c ..\obj\stm32f4xx_gpio.o
                0x08001258                GPIO_Init
 .text.GPIO_SetBits
                0x08001374       0x1c ..\obj\stm32f4xx_gpio.o
                0x08001374                GPIO_SetBits
 .text.GPIO_ResetBits
                0x08001390       0x1c ..\obj\stm32f4xx_gpio.o
                0x08001390                GPIO_ResetBits
 .text.GPIO_PinAFConfig
                0x080013ac       0x8c ..\obj\stm32f4xx_gpio.o
                0x080013ac                GPIO_PinAFConfig
 .text.SPI_Init
                0x08001438       0x88 ..\obj\stm32f4xx_spi.o
                0x08001438                SPI_Init
 .text.SPI_StructInit
                0x080014c0       0x48 ..\obj\stm32f4xx_spi.o
                0x080014c0                SPI_StructInit
 .text.NVIC_Init
                0x08001508       0xbc ..\obj\misc.o
                0x08001508                NVIC_Init
 .text.TM_GPIO_Init
                0x080015c4       0x38 ..\obj\tm_stm32f4_gpio.o
                0x080015c4                TM_GPIO_Init
 .text.TM_GPIO_InitAlternate
                0x080015fc       0x98 ..\obj\tm_stm32f4_gpio.o
                0x080015fc                TM_GPIO_InitAlternate
 .text.TM_GPIO_GetPortSource
                0x08001694       0x24 ..\obj\tm_stm32f4_gpio.o
                0x08001694                TM_GPIO_GetPortSource
 .text.TM_GPIO_INT_EnableClock
                0x080016b8       0x2c ..\obj\tm_stm32f4_gpio.o
                0x080016b8                TM_GPIO_INT_EnableClock
 .text.TM_GPIO_INT_Init
                0x080016e4       0xfc ..\obj\tm_stm32f4_gpio.o
                0x080016e4                TM_GPIO_INT_Init
 *(.glue_7t)
 .glue_7t       0x00000000        0x0 linker stubs
 *(.glue_7)
 .glue_7        0x00000000        0x0 linker stubs
 *(.rodata .rodata* .gnu.linkonce.r.*)

.vfp11_veneer   0x080017e0        0x0
 .vfp11_veneer  0x00000000        0x0 linker stubs

.v4_bx          0x080017e0        0x0
 .v4_bx         0x00000000        0x0 linker stubs

.iplt           0x080017e0        0x0
 .iplt          0x00000000        0x0 ..\obj\stm32f4xx_usart.o

.rel.dyn        0x080017e0        0x0
 .rel.iplt      0x00000000        0x0 ..\obj\stm32f4xx_usart.o

.ARM.extab
 *(.ARM.extab* .gnu.linkonce.armextab.*)
                0x080017e0                __exidx_start = .

.ARM.exidx
 *(.ARM.exidx* .gnu.linkonce.armexidx.*)
                0x080017e0                __exidx_end = .
                0x080017e0                . = ALIGN (0x4)
                0x080017e0                _etext = .
                0x080017e0                _sidata = .

.data           0x20000000       0x20 load address 0x080017e0
                0x20000000                _sdata = .
 *(.data .data.*)
 .data          0x20000000       0x10 ..\obj\main.o
                0x20000000                MyAddress
                0x20000008                TxAddress
 .data          0x20000010       0x10 ..\obj\stm32f4xx_rcc.o
                0x20000020                . = ALIGN (0x4)
                0x20000020                _edata = .

.igot.plt       0x20000020        0x0 load address 0x08001800
 .igot.plt      0x00000000        0x0 ..\obj\stm32f4xx_usart.o

.bss            0x20000020       0x48 load address 0x08001800
                0x20000020                _sbss = .
 *(.bss .bss.*)
 .bss           0x20000020        0x4 ..\obj\tm_stm32f4_nrf24l01.o
 .bss           0x20000024        0x8 ..\obj\main.o
                0x20000024                flag
 .bss           0x2000002c       0x18 ..\obj\tm_stm32f4_gpio.o
 *(COMMON)
 COMMON         0x20000044       0x24 ..\obj\main.o
                0x20000044                transmissionStatus
                0x20000048                dataOut
                0x20000068                . = ALIGN (0x4)
                0x20000068                _ebss = .

.co_stack       0x20000068      0x800 load address 0x08001848
                0x20000068                . = ALIGN (0x8)
 *(.co_stack .co_stack.*)
 .co_stack      0x20000068      0x800 ..\obj\startup_stm32f4xx.o
                0x20000068                pulStack
                0x20000868                . = ALIGN (0x4)
                0x20000868                _end = .
LOAD ..\obj\stm32f4xx_usart.o
LOAD ..\obj\tm_stm32f4_nrf24l01.o
LOAD ..\obj\startup_stm32f4xx.o
LOAD ..\obj\main.o
LOAD ..\obj\stm32f4xx_rcc.o
LOAD ..\obj\tm_stm32f4_usart.o
LOAD ..\obj\tm_stm32f4_spi.o
LOAD ..\obj\stm32f4xx_gpio.o
LOAD ..\obj\system_stm32f4xx.o
LOAD ..\obj\stm32f4xx_spi.o
LOAD ..\obj\misc.o
LOAD ..\obj\tm_stm32f4_gpio.o
START GROUP
LOAD c:/users/vibhuti singhania/desktop/stm32f-krssg/gcc-arm-none-eabi/bin/../lib/gcc/arm-none-eabi/4.8.3/armv7e-m\libgcc.a
LOAD c:/users/vibhuti singhania/desktop/stm32f-krssg/gcc-arm-none-eabi/bin/../lib/gcc/arm-none-eabi/4.8.3/../../../../arm-none-eabi/lib/armv7e-m\libg.a
LOAD c:/users/vibhuti singhania/desktop/stm32f-krssg/gcc-arm-none-eabi/bin/../lib/gcc/arm-none-eabi/4.8.3/../../../../arm-none-eabi/lib/armv7e-m\libc.a
END GROUP
OUTPUT(usart nrf final.elf elf32-littlearm)

.debug_info     0x00000000     0x4ef3
 .debug_info    0x00000000      0x996 ..\obj\stm32f4xx_usart.o
 .debug_info    0x00000996      0x82f ..\obj\tm_stm32f4_nrf24l01.o
 .debug_info    0x000011c5       0xed ..\obj\startup_stm32f4xx.o
 .debug_info    0x000012b2      0x811 ..\obj\main.o
 .debug_info    0x00001ac3      0xc21 ..\obj\stm32f4xx_rcc.o
 .debug_info    0x000026e4      0xa51 ..\obj\tm_stm32f4_spi.o
 .debug_info    0x00003135      0x5d6 ..\obj\stm32f4xx_gpio.o
 .debug_info    0x0000370b      0xadb ..\obj\stm32f4xx_spi.o
 .debug_info    0x000041e6      0x51c ..\obj\misc.o
 .debug_info    0x00004702      0x7f1 ..\obj\tm_stm32f4_gpio.o

.debug_abbrev   0x00000000      0xec0
 .debug_abbrev  0x00000000      0x155 ..\obj\stm32f4xx_usart.o
 .debug_abbrev  0x00000155      0x1e2 ..\obj\tm_stm32f4_nrf24l01.o
 .debug_abbrev  0x00000337       0xb0 ..\obj\startup_stm32f4xx.o
 .debug_abbrev  0x000003e7      0x174 ..\obj\main.o
 .debug_abbrev  0x0000055b      0x1e3 ..\obj\stm32f4xx_rcc.o
 .debug_abbrev  0x0000073e      0x1e4 ..\obj\tm_stm32f4_spi.o
 .debug_abbrev  0x00000922      0x1a3 ..\obj\stm32f4xx_gpio.o
 .debug_abbrev  0x00000ac5      0x167 ..\obj\stm32f4xx_spi.o
 .debug_abbrev  0x00000c2c      0x145 ..\obj\misc.o
 .debug_abbrev  0x00000d71      0x14f ..\obj\tm_stm32f4_gpio.o

.debug_aranges  0x00000000      0x6b0
 .debug_aranges
                0x00000000      0x100 ..\obj\stm32f4xx_usart.o
 .debug_aranges
                0x00000100       0xd8 ..\obj\tm_stm32f4_nrf24l01.o
 .debug_aranges
                0x000001d8       0x28 ..\obj\startup_stm32f4xx.o
 .debug_aranges
                0x00000200       0x60 ..\obj\main.o
 .debug_aranges
                0x00000260      0x178 ..\obj\stm32f4xx_rcc.o
 .debug_aranges
                0x000003d8       0x98 ..\obj\tm_stm32f4_spi.o
 .debug_aranges
                0x00000470       0x88 ..\obj\stm32f4xx_gpio.o
 .debug_aranges
                0x000004f8       0xe0 ..\obj\stm32f4xx_spi.o
 .debug_aranges
                0x000005d8       0x40 ..\obj\misc.o
 .debug_aranges
                0x00000618       0x98 ..\obj\tm_stm32f4_gpio.o

.debug_ranges   0x00000000      0x610
 .debug_ranges  0x00000000       0xf0 ..\obj\stm32f4xx_usart.o
 .debug_ranges  0x000000f0       0xc8 ..\obj\tm_stm32f4_nrf24l01.o
 .debug_ranges  0x000001b8       0x18 ..\obj\startup_stm32f4xx.o
 .debug_ranges  0x000001d0       0x50 ..\obj\main.o
 .debug_ranges  0x00000220      0x168 ..\obj\stm32f4xx_rcc.o
 .debug_ranges  0x00000388       0x88 ..\obj\tm_stm32f4_spi.o
 .debug_ranges  0x00000410       0x78 ..\obj\stm32f4xx_gpio.o
 .debug_ranges  0x00000488       0xd0 ..\obj\stm32f4xx_spi.o
 .debug_ranges  0x00000558       0x30 ..\obj\misc.o
 .debug_ranges  0x00000588       0x88 ..\obj\tm_stm32f4_gpio.o

.debug_line     0x00000000     0x21c8
 .debug_line    0x00000000      0x457 ..\obj\stm32f4xx_usart.o
 .debug_line    0x00000457      0x464 ..\obj\tm_stm32f4_nrf24l01.o
 .debug_line    0x000008bb       0xa3 ..\obj\startup_stm32f4xx.o
 .debug_line    0x0000095e      0x2bb ..\obj\main.o
 .debug_line    0x00000c19      0x54f ..\obj\stm32f4xx_rcc.o
 .debug_line    0x00001168      0x466 ..\obj\tm_stm32f4_spi.o
 .debug_line    0x000015ce      0x2f4 ..\obj\stm32f4xx_gpio.o
 .debug_line    0x000018c2      0x407 ..\obj\stm32f4xx_spi.o
 .debug_line    0x00001cc9      0x1fa ..\obj\misc.o
 .debug_line    0x00001ec3      0x305 ..\obj\tm_stm32f4_gpio.o

.debug_str      0x00000000     0x2493
 .debug_str     0x00000000      0x606 ..\obj\stm32f4xx_usart.o
                                0x667 (size before relaxing)
 .debug_str     0x00000606      0x601 ..\obj\tm_stm32f4_nrf24l01.o
                                0x79b (size before relaxing)
 .debug_str     0x00000c07       0xb2 ..\obj\startup_stm32f4xx.o
                                0x149 (size before relaxing)
 .debug_str     0x00000cb9      0x718 ..\obj\main.o
                                0xb56 (size before relaxing)
 .debug_str     0x000013d1      0x5e5 ..\obj\stm32f4xx_rcc.o
                                0x828 (size before relaxing)
 .debug_str     0x000019b6      0x2f0 ..\obj\tm_stm32f4_spi.o
                                0x71c (size before relaxing)
 .debug_str     0x00001ca6      0x17d ..\obj\stm32f4xx_gpio.o
                                0x47b (size before relaxing)
 .debug_str     0x00001e23      0x2e2 ..\obj\stm32f4xx_spi.o
                                0x662 (size before relaxing)
 .debug_str     0x00002105      0x1b7 ..\obj\misc.o
                                0x3b1 (size before relaxing)
 .debug_str     0x000022bc      0x1d7 ..\obj\tm_stm32f4_gpio.o
                                0x574 (size before relaxing)

.comment        0x00000000       0x70
 .comment       0x00000000       0x70 ..\obj\stm32f4xx_usart.o
                                 0x71 (size before relaxing)
 .comment       0x00000000       0x71 ..\obj\tm_stm32f4_nrf24l01.o
 .comment       0x00000000       0x71 ..\obj\startup_stm32f4xx.o
 .comment       0x00000000       0x71 ..\obj\main.o
 .comment       0x00000000       0x71 ..\obj\stm32f4xx_rcc.o
 .comment       0x00000000       0x71 ..\obj\tm_stm32f4_spi.o
 .comment       0x00000000       0x71 ..\obj\stm32f4xx_gpio.o
 .comment       0x00000000       0x71 ..\obj\stm32f4xx_spi.o
 .comment       0x00000000       0x71 ..\obj\misc.o
 .comment       0x00000000       0x71 ..\obj\tm_stm32f4_gpio.o

.ARM.attributes
                0x00000000       0x33
 .ARM.attributes
                0x00000000       0x33 ..\obj\stm32f4xx_usart.o
 .ARM.attributes
                0x00000033       0x33 ..\obj\tm_stm32f4_nrf24l01.o
 .ARM.attributes
                0x00000066       0x33 ..\obj\startup_stm32f4xx.o
 .ARM.attributes
                0x00000099       0x33 ..\obj\main.o
 .ARM.attributes
                0x000000cc       0x33 ..\obj\stm32f4xx_rcc.o
 .ARM.attributes
                0x000000ff       0x33 ..\obj\tm_stm32f4_spi.o
 .ARM.attributes
                0x00000132       0x33 ..\obj\stm32f4xx_gpio.o
 .ARM.attributes
                0x00000165       0x33 ..\obj\stm32f4xx_spi.o
 .ARM.attributes
                0x00000198       0x33 ..\obj\misc.o
 .ARM.attributes
                0x000001cb       0x33 ..\obj\tm_stm32f4_gpio.o

.debug_frame    0x00000000     0x1570
 .debug_frame   0x00000000      0x344 ..\obj\stm32f4xx_usart.o
 .debug_frame   0x00000344      0x2fc ..\obj\tm_stm32f4_nrf24l01.o
 .debug_frame   0x00000640       0x48 ..\obj\startup_stm32f4xx.o
 .debug_frame   0x00000688      0x120 ..\obj\main.o
 .debug_frame   0x000007a8      0x4d8 ..\obj\stm32f4xx_rcc.o
 .debug_frame   0x00000c80      0x1f0 ..\obj\tm_stm32f4_spi.o
 .debug_frame   0x00000e70      0x19c ..\obj\stm32f4xx_gpio.o
 .debug_frame   0x0000100c      0x2d0 ..\obj\stm32f4xx_spi.o
 .debug_frame   0x000012dc       0x9c ..\obj\misc.o
 .debug_frame   0x00001378      0x1f8 ..\obj\tm_stm32f4_gpio.o
