
Discarded input sections

 .text          0x00000000        0x0 ..\obj\stm32f4xx_usart.o
 .data          0x00000000        0x0 ..\obj\stm32f4xx_usart.o
 .bss           0x00000000        0x0 ..\obj\stm32f4xx_usart.o
 .text.USART_DeInit
                0x00000000       0xd0 ..\obj\stm32f4xx_usart.o
 .text.USART_StructInit
                0x00000000       0x38 ..\obj\stm32f4xx_usart.o
 .text.USART_ClockInit
                0x00000000       0x54 ..\obj\stm32f4xx_usart.o
 .text.USART_ClockStructInit
                0x00000000       0x2c ..\obj\stm32f4xx_usart.o
 .text.USART_SetPrescaler
                0x00000000       0x38 ..\obj\stm32f4xx_usart.o
 .text.USART_OverSampling8Cmd
                0x00000000       0x44 ..\obj\stm32f4xx_usart.o
 .text.USART_OneBitMethodCmd
                0x00000000       0x40 ..\obj\stm32f4xx_usart.o
 .text.USART_SetAddress
                0x00000000       0x38 ..\obj\stm32f4xx_usart.o
 .text.USART_ReceiverWakeUpCmd
                0x00000000       0x40 ..\obj\stm32f4xx_usart.o
 .text.USART_WakeUpConfig
                0x00000000       0x38 ..\obj\stm32f4xx_usart.o
 .text.USART_LINBreakDetectLengthConfig
                0x00000000       0x38 ..\obj\stm32f4xx_usart.o
 .text.USART_LINCmd
                0x00000000       0x40 ..\obj\stm32f4xx_usart.o
 .text.USART_SendBreak
                0x00000000       0x24 ..\obj\stm32f4xx_usart.o
 .text.USART_HalfDuplexCmd
                0x00000000       0x40 ..\obj\stm32f4xx_usart.o
 .text.USART_SetGuardTime
                0x00000000       0x3c ..\obj\stm32f4xx_usart.o
 .text.USART_SmartCardCmd
                0x00000000       0x40 ..\obj\stm32f4xx_usart.o
 .text.USART_SmartCardNACKCmd
                0x00000000       0x40 ..\obj\stm32f4xx_usart.o
 .text.USART_IrDAConfig
                0x00000000       0x38 ..\obj\stm32f4xx_usart.o
 .text.USART_IrDACmd
                0x00000000       0x40 ..\obj\stm32f4xx_usart.o
 .text.USART_DMACmd
                0x00000000       0x48 ..\obj\stm32f4xx_usart.o
 .text.USART_GetFlagStatus
                0x00000000       0x38 ..\obj\stm32f4xx_usart.o
 .text.USART_ClearFlag
                0x00000000       0x20 ..\obj\stm32f4xx_usart.o
 .text.USART_GetITStatus
                0x00000000       0xb0 ..\obj\stm32f4xx_usart.o
 .text.USART_ClearITPendingBit
                0x00000000       0x38 ..\obj\stm32f4xx_usart.o
 .text          0x00000000        0x0 ..\obj\startup_stm32f4xx.o
 .data          0x00000000        0x0 ..\obj\startup_stm32f4xx.o
 .bss           0x00000000        0x0 ..\obj\startup_stm32f4xx.o
 .text          0x00000000        0x0 ..\obj\main.o
 .data          0x00000000        0x0 ..\obj\main.o
 .bss           0x00000000        0x0 ..\obj\main.o
 .text          0x00000000        0x0 ..\obj\stm32f4xx_rcc.o
 .bss           0x00000000        0x0 ..\obj\stm32f4xx_rcc.o
 .text.RCC_DeInit
                0x00000000       0x50 ..\obj\stm32f4xx_rcc.o
 .text.RCC_HSEConfig
                0x00000000       0x24 ..\obj\stm32f4xx_rcc.o
 .text.RCC_WaitForHSEStartUp
                0x00000000       0x50 ..\obj\stm32f4xx_rcc.o
 .text.RCC_AdjustHSICalibrationValue
                0x00000000       0x3c ..\obj\stm32f4xx_rcc.o
 .text.RCC_HSICmd
                0x00000000       0x20 ..\obj\stm32f4xx_rcc.o
 .text.RCC_LSEConfig
                0x00000000       0x40 ..\obj\stm32f4xx_rcc.o
 .text.RCC_LSICmd
                0x00000000       0x20 ..\obj\stm32f4xx_rcc.o
 .text.RCC_PLLConfig
                0x00000000       0x3c ..\obj\stm32f4xx_rcc.o
 .text.RCC_PLLCmd
                0x00000000       0x20 ..\obj\stm32f4xx_rcc.o
 .text.RCC_PLLI2SConfig
                0x00000000       0x28 ..\obj\stm32f4xx_rcc.o
 .text.RCC_PLLI2SCmd
                0x00000000       0x20 ..\obj\stm32f4xx_rcc.o
 .text.RCC_ClockSecuritySystemCmd
                0x00000000       0x20 ..\obj\stm32f4xx_rcc.o
 .text.RCC_MCO1Config
                0x00000000       0x3c ..\obj\stm32f4xx_rcc.o
 .text.RCC_MCO2Config
                0x00000000       0x3c ..\obj\stm32f4xx_rcc.o
 .text.RCC_SYSCLKConfig
                0x00000000       0x38 ..\obj\stm32f4xx_rcc.o
 .text.RCC_GetSYSCLKSource
                0x00000000       0x20 ..\obj\stm32f4xx_rcc.o
 .text.RCC_HCLKConfig
                0x00000000       0x38 ..\obj\stm32f4xx_rcc.o
 .text.RCC_PCLK1Config
                0x00000000       0x38 ..\obj\stm32f4xx_rcc.o
 .text.RCC_PCLK2Config
                0x00000000       0x38 ..\obj\stm32f4xx_rcc.o
 .text.RCC_RTCCLKConfig
                0x00000000       0x5c ..\obj\stm32f4xx_rcc.o
 .text.RCC_RTCCLKCmd
                0x00000000       0x20 ..\obj\stm32f4xx_rcc.o
 .text.RCC_BackupResetCmd
                0x00000000       0x20 ..\obj\stm32f4xx_rcc.o
 .text.RCC_I2SCLKConfig
                0x00000000       0x1c ..\obj\stm32f4xx_rcc.o
 .text.RCC_AHB2PeriphClockCmd
                0x00000000       0x3c ..\obj\stm32f4xx_rcc.o
 .text.RCC_AHB3PeriphClockCmd
                0x00000000       0x3c ..\obj\stm32f4xx_rcc.o
 .text.RCC_APB2PeriphClockCmd
                0x00000000       0x3c ..\obj\stm32f4xx_rcc.o
 .text.RCC_AHB1PeriphResetCmd
                0x00000000       0x3c ..\obj\stm32f4xx_rcc.o
 .text.RCC_AHB2PeriphResetCmd
                0x00000000       0x3c ..\obj\stm32f4xx_rcc.o
 .text.RCC_AHB3PeriphResetCmd
                0x00000000       0x3c ..\obj\stm32f4xx_rcc.o
 .text.RCC_APB1PeriphResetCmd
                0x00000000       0x3c ..\obj\stm32f4xx_rcc.o
 .text.RCC_APB2PeriphResetCmd
                0x00000000       0x3c ..\obj\stm32f4xx_rcc.o
 .text.RCC_AHB1PeriphClockLPModeCmd
                0x00000000       0x3c ..\obj\stm32f4xx_rcc.o
 .text.RCC_AHB2PeriphClockLPModeCmd
                0x00000000       0x3c ..\obj\stm32f4xx_rcc.o
 .text.RCC_AHB3PeriphClockLPModeCmd
                0x00000000       0x3c ..\obj\stm32f4xx_rcc.o
 .text.RCC_APB1PeriphClockLPModeCmd
                0x00000000       0x3c ..\obj\stm32f4xx_rcc.o
 .text.RCC_APB2PeriphClockLPModeCmd
                0x00000000       0x3c ..\obj\stm32f4xx_rcc.o
 .text.RCC_ITConfig
                0x00000000       0x48 ..\obj\stm32f4xx_rcc.o
 .text.RCC_GetFlagStatus
                0x00000000       0x74 ..\obj\stm32f4xx_rcc.o
 .text.RCC_ClearFlag
                0x00000000       0x1c ..\obj\stm32f4xx_rcc.o
 .text.RCC_GetITStatus
                0x00000000       0x38 ..\obj\stm32f4xx_rcc.o
 .text.RCC_ClearITPendingBit
                0x00000000       0x20 ..\obj\stm32f4xx_rcc.o
 .text          0x00000000        0x0 ..\obj\stm32f4xx_gpio.o
 .data          0x00000000        0x0 ..\obj\stm32f4xx_gpio.o
 .bss           0x00000000        0x0 ..\obj\stm32f4xx_gpio.o
 .text.GPIO_DeInit
                0x00000000      0x120 ..\obj\stm32f4xx_gpio.o
 .text.GPIO_StructInit
                0x00000000       0x34 ..\obj\stm32f4xx_gpio.o
 .text.GPIO_PinLockConfig
                0x00000000       0x44 ..\obj\stm32f4xx_gpio.o
 .text.GPIO_ReadInputDataBit
                0x00000000       0x34 ..\obj\stm32f4xx_gpio.o
 .text.GPIO_ReadInputData
                0x00000000       0x1c ..\obj\stm32f4xx_gpio.o
 .text.GPIO_ReadOutputDataBit
                0x00000000       0x34 ..\obj\stm32f4xx_gpio.o
 .text.GPIO_ReadOutputData
                0x00000000       0x1c ..\obj\stm32f4xx_gpio.o
 .text.GPIO_SetBits
                0x00000000       0x1c ..\obj\stm32f4xx_gpio.o
 .text.GPIO_WriteBit
                0x00000000       0x30 ..\obj\stm32f4xx_gpio.o
 .text.GPIO_Write
                0x00000000       0x1c ..\obj\stm32f4xx_gpio.o
 .text.GPIO_ToggleBits
                0x00000000       0x24 ..\obj\stm32f4xx_gpio.o
 .text          0x00000000        0x0 ..\obj\system_stm32f4xx.o
 .data          0x00000000       0x14 ..\obj\system_stm32f4xx.o
 .bss           0x00000000        0x0 ..\obj\system_stm32f4xx.o
 .text.SystemInit
                0x00000000       0x58 ..\obj\system_stm32f4xx.o
 .text.SystemCoreClockUpdate
                0x00000000       0xf8 ..\obj\system_stm32f4xx.o
 .text.SetSysClock
                0x00000000       0xf4 ..\obj\system_stm32f4xx.o
 .debug_info    0x00000000      0x566 ..\obj\system_stm32f4xx.o
 .debug_abbrev  0x00000000      0x136 ..\obj\system_stm32f4xx.o
 .debug_aranges
                0x00000000       0x30 ..\obj\system_stm32f4xx.o
 .debug_ranges  0x00000000       0x20 ..\obj\system_stm32f4xx.o
 .debug_line    0x00000000      0x198 ..\obj\system_stm32f4xx.o
 .debug_str     0x00000000      0x382 ..\obj\system_stm32f4xx.o
 .comment       0x00000000       0x71 ..\obj\system_stm32f4xx.o
 .ARM.attributes
                0x00000000       0x33 ..\obj\system_stm32f4xx.o
 .debug_frame   0x00000000       0x64 ..\obj\system_stm32f4xx.o
 .text          0x00000000        0x0 ..\obj\misc.o
 .data          0x00000000        0x0 ..\obj\misc.o
 .bss           0x00000000        0x0 ..\obj\misc.o
 .text.NVIC_PriorityGroupConfig
                0x00000000       0x24 ..\obj\misc.o
 .text.NVIC_SetVectorTable
                0x00000000       0x2c ..\obj\misc.o
 .text.NVIC_SystemLPConfig
                0x00000000       0x40 ..\obj\misc.o
 .text.SysTick_CLKSourceConfig
                0x00000000       0x38 ..\obj\misc.o

Memory Configuration

Name             Origin             Length             Attributes
rom              0x08000000         0x00100000         xr
ram              0x20000000         0x00020000         xrw
ram1             0x10000000         0x00010000         xrw
*default*        0x00000000         0xffffffff

Linker script and memory map

                0x20020000                _eram = 0x20020000

.text           0x08000000      0x9fc
 *(.isr_vector .isr_vector.*)
 .isr_vector    0x08000000      0x188 ..\obj\startup_stm32f4xx.o
                0x08000000                g_pfnVectors
 *(.text .text.* .gnu.linkonce.t.*)
 .text.USART_Init
                0x08000188      0x174 ..\obj\stm32f4xx_usart.o
                0x08000188                USART_Init
 .text.USART_Cmd
                0x080002fc       0x40 ..\obj\stm32f4xx_usart.o
                0x080002fc                USART_Cmd
 .text.USART_SendData
                0x0800033c       0x24 ..\obj\stm32f4xx_usart.o
                0x0800033c                USART_SendData
 .text.USART_ReceiveData
                0x08000360       0x20 ..\obj\stm32f4xx_usart.o
                0x08000360                USART_ReceiveData
 .text.USART_ITConfig
                0x08000380       0x90 ..\obj\stm32f4xx_usart.o
                0x08000380                USART_ITConfig
 .text.Default_Reset_Handler
                0x08000410       0x5c ..\obj\startup_stm32f4xx.o
                0x08000410                Default_Reset_Handler
                0x08000410                Reset_Handler
 .text.Default_Handler
                0x0800046c        0x8 ..\obj\startup_stm32f4xx.o
                0x0800046c                RTC_Alarm_IRQHandler
                0x0800046c                HASH_RNG_IRQHandler
                0x0800046c                EXTI2_IRQHandler
                0x0800046c                TIM8_CC_IRQHandler
                0x0800046c                DebugMon_Handler
                0x0800046c                TIM1_CC_IRQHandler
                0x0800046c                DMA2_Stream5_IRQHandler
                0x0800046c                HardFault_Handler
                0x0800046c                DMA1_Stream5_IRQHandler
                0x0800046c                SysTick_Handler
                0x0800046c                PVD_IRQHandler
                0x0800046c                SDIO_IRQHandler
                0x0800046c                TAMP_STAMP_IRQHandler
                0x0800046c                PendSV_Handler
                0x0800046c                NMI_Handler
                0x0800046c                CAN2_RX1_IRQHandler
                0x0800046c                EXTI3_IRQHandler
                0x0800046c                TIM8_TRG_COM_TIM14_IRQHandler
                0x0800046c                TIM1_UP_TIM10_IRQHandler
                0x0800046c                TIM8_UP_TIM13_IRQHandler
                0x0800046c                I2C3_ER_IRQHandler
                0x0800046c                EXTI0_IRQHandler
                0x0800046c                I2C2_EV_IRQHandler
                0x0800046c                DMA1_Stream2_IRQHandler
                0x0800046c                CAN1_RX0_IRQHandler
                0x0800046c                FPU_IRQHandler
                0x0800046c                OTG_HS_WKUP_IRQHandler
                0x0800046c                UsageFault_Handler
                0x0800046c                CAN2_SCE_IRQHandler
                0x0800046c                DMA2_Stream2_IRQHandler
                0x0800046c                SPI1_IRQHandler
                0x0800046c                TIM6_DAC_IRQHandler
                0x0800046c                TIM1_BRK_TIM9_IRQHandler
                0x0800046c                DCMI_IRQHandler
                0x0800046c                CAN2_RX0_IRQHandler
                0x0800046c                DMA2_Stream3_IRQHandler
                0x0800046c                USART6_IRQHandler
                0x0800046c                CRYP_IRQHandler
                0x0800046c                CAN1_RX1_IRQHandler
                0x0800046c                UART5_IRQHandler
                0x0800046c                DMA2_Stream0_IRQHandler
                0x0800046c                TIM4_IRQHandler
                0x0800046c                I2C1_EV_IRQHandler
                0x0800046c                DMA1_Stream6_IRQHandler
                0x0800046c                DMA1_Stream1_IRQHandler
                0x0800046c                UART4_IRQHandler
                0x0800046c                TIM3_IRQHandler
                0x0800046c                RCC_IRQHandler
                0x0800046c                TIM8_BRK_TIM12_IRQHandler
                0x0800046c                EXTI15_10_IRQHandler
                0x0800046c                ADC_IRQHandler
                0x0800046c                DMA1_Stream7_IRQHandler
                0x0800046c                TIM7_IRQHandler
                0x0800046c                CAN2_TX_IRQHandler
                0x0800046c                TIM5_IRQHandler
                0x0800046c                DMA2_Stream7_IRQHandler
                0x0800046c                I2C3_EV_IRQHandler
                0x0800046c                EXTI9_5_IRQHandler
                0x0800046c                RTC_WKUP_IRQHandler
                0x0800046c                ETH_WKUP_IRQHandler
                0x0800046c                SPI2_IRQHandler
                0x0800046c                OTG_HS_EP1_IN_IRQHandler
                0x0800046c                MemManage_Handler
                0x0800046c                DMA1_Stream0_IRQHandler
                0x0800046c                CAN1_TX_IRQHandler
                0x0800046c                SVC_Handler
                0x0800046c                EXTI4_IRQHandler
                0x0800046c                FSMC_IRQHandler
                0x0800046c                ETH_IRQHandler
                0x0800046c                OTG_HS_EP1_OUT_IRQHandler
                0x0800046c                WWDG_IRQHandler
                0x0800046c                TIM2_IRQHandler
                0x0800046c                OTG_FS_WKUP_IRQHandler
                0x0800046c                TIM1_TRG_COM_TIM11_IRQHandler
                0x0800046c                OTG_HS_IRQHandler
                0x0800046c                EXTI1_IRQHandler
                0x0800046c                USART2_IRQHandler
                0x0800046c                I2C2_ER_IRQHandler
                0x0800046c                DMA2_Stream1_IRQHandler
                0x0800046c                CAN1_SCE_IRQHandler
                0x0800046c                FLASH_IRQHandler
                0x0800046c                DMA2_Stream4_IRQHandler
                0x0800046c                BusFault_Handler
                0x0800046c                USART1_IRQHandler
                0x0800046c                OTG_FS_IRQHandler
                0x0800046c                SPI3_IRQHandler
                0x0800046c                DMA1_Stream4_IRQHandler
                0x0800046c                I2C1_ER_IRQHandler
                0x0800046c                DMA2_Stream6_IRQHandler
                0x0800046c                DMA1_Stream3_IRQHandler
 .text.InitializeGPIO
                0x08000474       0x38 ..\obj\main.o
                0x08000474                InitializeGPIO
 .text.USART_Initialize
                0x080004ac       0xa0 ..\obj\main.o
                0x080004ac                USART_Initialize
 .text.InitializeNVIC
                0x0800054c       0x24 ..\obj\main.o
                0x0800054c                InitializeNVIC
 .text.main     0x08000570       0x14 ..\obj\main.o
                0x08000570                main
 .text.USART3_IRQHandler
                0x08000584       0x2c ..\obj\main.o
                0x08000584                USART3_IRQHandler
 .text.RCC_GetClocksFreq
                0x080005b0      0x154 ..\obj\stm32f4xx_rcc.o
                0x080005b0                RCC_GetClocksFreq
 .text.RCC_AHB1PeriphClockCmd
                0x08000704       0x3c ..\obj\stm32f4xx_rcc.o
                0x08000704                RCC_AHB1PeriphClockCmd
 .text.RCC_APB1PeriphClockCmd
                0x08000740       0x3c ..\obj\stm32f4xx_rcc.o
                0x08000740                RCC_APB1PeriphClockCmd
 .text.GPIO_Init
                0x0800077c      0x11c ..\obj\stm32f4xx_gpio.o
                0x0800077c                GPIO_Init
 .text.GPIO_ResetBits
                0x08000898       0x1c ..\obj\stm32f4xx_gpio.o
                0x08000898                GPIO_ResetBits
 .text.GPIO_PinAFConfig
                0x080008b4       0x8c ..\obj\stm32f4xx_gpio.o
                0x080008b4                GPIO_PinAFConfig
 .text.NVIC_Init
                0x08000940       0xbc ..\obj\misc.o
                0x08000940                NVIC_Init
 *(.glue_7t)
 .glue_7t       0x00000000        0x0 linker stubs
 *(.glue_7)
 .glue_7        0x00000000        0x0 linker stubs
 *(.rodata .rodata* .gnu.linkonce.r.*)

.vfp11_veneer   0x080009fc        0x0
 .vfp11_veneer  0x00000000        0x0 linker stubs

.v4_bx          0x080009fc        0x0
 .v4_bx         0x00000000        0x0 linker stubs

.iplt           0x080009fc        0x0
 .iplt          0x00000000        0x0 ..\obj\stm32f4xx_usart.o

.rel.dyn        0x080009fc        0x0
 .rel.iplt      0x00000000        0x0 ..\obj\stm32f4xx_usart.o

.ARM.extab
 *(.ARM.extab* .gnu.linkonce.armextab.*)
                0x080009fc                __exidx_start = .

.ARM.exidx
 *(.ARM.exidx* .gnu.linkonce.armexidx.*)
                0x080009fc                __exidx_end = .
                0x080009fc                . = ALIGN (0x4)
                0x080009fc                _etext = .
                0x080009fc                _sidata = .

.data           0x20000000       0x10 load address 0x080009fc
                0x20000000                _sdata = .
 *(.data .data.*)
 .data          0x20000000       0x10 ..\obj\stm32f4xx_rcc.o
                0x20000010                . = ALIGN (0x4)
                0x20000010                _edata = .

.igot.plt       0x20000010        0x0 load address 0x08000a0c
 .igot.plt      0x00000000        0x0 ..\obj\stm32f4xx_usart.o

.bss            0x20000010        0x0
                0x20000010                _sbss = .
 *(.bss .bss.*)
 *(COMMON)
                0x20000010                . = ALIGN (0x4)
                0x20000010                _ebss = .

.co_stack       0x20000010      0x800 load address 0x08000a0c
                0x20000010                . = ALIGN (0x8)
 *(.co_stack .co_stack.*)
 .co_stack      0x20000010      0x800 ..\obj\startup_stm32f4xx.o
                0x20000010                pulStack
                0x20000810                . = ALIGN (0x4)
                0x20000810                _end = .
LOAD ..\obj\stm32f4xx_usart.o
LOAD ..\obj\startup_stm32f4xx.o
LOAD ..\obj\main.o
LOAD ..\obj\stm32f4xx_rcc.o
LOAD ..\obj\stm32f4xx_gpio.o
LOAD ..\obj\system_stm32f4xx.o
LOAD ..\obj\misc.o
START GROUP
LOAD c:/users/vibhuti singhania/desktop/stm32f-krssg/gcc-arm-none-eabi/bin/../lib/gcc/arm-none-eabi/4.8.3/armv7e-m\libgcc.a
LOAD c:/users/vibhuti singhania/desktop/stm32f-krssg/gcc-arm-none-eabi/bin/../lib/gcc/arm-none-eabi/4.8.3/../../../../arm-none-eabi/lib/armv7e-m\libg.a
LOAD c:/users/vibhuti singhania/desktop/stm32f-krssg/gcc-arm-none-eabi/bin/../lib/gcc/arm-none-eabi/4.8.3/../../../../arm-none-eabi/lib/armv7e-m\libc.a
END GROUP
OUTPUT(USART Interrupt.elf elf32-littlearm)

.debug_info     0x00000000     0x284c
 .debug_info    0x00000000      0x996 ..\obj\stm32f4xx_usart.o
 .debug_info    0x00000996       0xed ..\obj\startup_stm32f4xx.o
 .debug_info    0x00000a83      0x6b6 ..\obj\main.o
 .debug_info    0x00001139      0xc21 ..\obj\stm32f4xx_rcc.o
 .debug_info    0x00001d5a      0x5d6 ..\obj\stm32f4xx_gpio.o
 .debug_info    0x00002330      0x51c ..\obj\misc.o

.debug_abbrev   0x00000000      0x81b
 .debug_abbrev  0x00000000      0x155 ..\obj\stm32f4xx_usart.o
 .debug_abbrev  0x00000155       0xb0 ..\obj\startup_stm32f4xx.o
 .debug_abbrev  0x00000205      0x14b ..\obj\main.o
 .debug_abbrev  0x00000350      0x1e3 ..\obj\stm32f4xx_rcc.o
 .debug_abbrev  0x00000533      0x1a3 ..\obj\stm32f4xx_gpio.o
 .debug_abbrev  0x000006d6      0x145 ..\obj\misc.o

.debug_aranges  0x00000000      0x3a8
 .debug_aranges
                0x00000000      0x100 ..\obj\stm32f4xx_usart.o
 .debug_aranges
                0x00000100       0x28 ..\obj\startup_stm32f4xx.o
 .debug_aranges
                0x00000128       0x40 ..\obj\main.o
 .debug_aranges
                0x00000168      0x178 ..\obj\stm32f4xx_rcc.o
 .debug_aranges
                0x000002e0       0x88 ..\obj\stm32f4xx_gpio.o
 .debug_aranges
                0x00000368       0x40 ..\obj\misc.o

.debug_ranges   0x00000000      0x348
 .debug_ranges  0x00000000       0xf0 ..\obj\stm32f4xx_usart.o
 .debug_ranges  0x000000f0       0x18 ..\obj\startup_stm32f4xx.o
 .debug_ranges  0x00000108       0x30 ..\obj\main.o
 .debug_ranges  0x00000138      0x168 ..\obj\stm32f4xx_rcc.o
 .debug_ranges  0x000002a0       0x78 ..\obj\stm32f4xx_gpio.o
 .debug_ranges  0x00000318       0x30 ..\obj\misc.o

.debug_line     0x00000000     0x1159
 .debug_line    0x00000000      0x457 ..\obj\stm32f4xx_usart.o
 .debug_line    0x00000457       0xa3 ..\obj\startup_stm32f4xx.o
 .debug_line    0x000004fa      0x222 ..\obj\main.o
 .debug_line    0x0000071c      0x54f ..\obj\stm32f4xx_rcc.o
 .debug_line    0x00000c6b      0x2f4 ..\obj\stm32f4xx_gpio.o
 .debug_line    0x00000f5f      0x1fa ..\obj\misc.o

.debug_str      0x00000000     0x1775
 .debug_str     0x00000000      0x606 ..\obj\stm32f4xx_usart.o
                                0x667 (size before relaxing)
 .debug_str     0x00000606       0xb2 ..\obj\startup_stm32f4xx.o
                                0x149 (size before relaxing)
 .debug_str     0x000006b8      0x77c ..\obj\main.o
                                0x9a4 (size before relaxing)
 .debug_str     0x00000e34      0x5e5 ..\obj\stm32f4xx_rcc.o
                                0x828 (size before relaxing)
 .debug_str     0x00001419      0x1a5 ..\obj\stm32f4xx_gpio.o
                                0x47b (size before relaxing)
 .debug_str     0x000015be      0x1b7 ..\obj\misc.o
                                0x3b1 (size before relaxing)

.comment        0x00000000       0x70
 .comment       0x00000000       0x70 ..\obj\stm32f4xx_usart.o
                                 0x71 (size before relaxing)
 .comment       0x00000000       0x71 ..\obj\startup_stm32f4xx.o
 .comment       0x00000000       0x71 ..\obj\main.o
 .comment       0x00000000       0x71 ..\obj\stm32f4xx_rcc.o
 .comment       0x00000000       0x71 ..\obj\stm32f4xx_gpio.o
 .comment       0x00000000       0x71 ..\obj\misc.o

.ARM.attributes
                0x00000000       0x33
 .ARM.attributes
                0x00000000       0x33 ..\obj\stm32f4xx_usart.o
 .ARM.attributes
                0x00000033       0x33 ..\obj\startup_stm32f4xx.o
 .ARM.attributes
                0x00000066       0x33 ..\obj\main.o
 .ARM.attributes
                0x00000099       0x33 ..\obj\stm32f4xx_rcc.o
 .ARM.attributes
                0x000000cc       0x33 ..\obj\stm32f4xx_gpio.o
 .ARM.attributes
                0x000000ff       0x33 ..\obj\misc.o

.debug_frame    0x00000000      0xb44
 .debug_frame   0x00000000      0x344 ..\obj\stm32f4xx_usart.o
 .debug_frame   0x00000344       0x48 ..\obj\startup_stm32f4xx.o
 .debug_frame   0x0000038c       0xa8 ..\obj\main.o
 .debug_frame   0x00000434      0x4d8 ..\obj\stm32f4xx_rcc.o
 .debug_frame   0x0000090c      0x19c ..\obj\stm32f4xx_gpio.o
 .debug_frame   0x00000aa8       0x9c ..\obj\misc.o
