
Allocating common symbols
Common symbol       size              file

data1               0x4               ..\obj\main.o
data2               0x4               ..\obj\main.o
data4               0x4               ..\obj\main.o
dataR               0x20              ..\obj\main.o
i                   0x4               ..\obj\main.o
data3               0x4               ..\obj\main.o

Discarded input sections

 .text          0x00000000        0x0 ..\obj\tm_stm32f4_nrf24l01.o
 .data          0x00000000        0x0 ..\obj\tm_stm32f4_nrf24l01.o
 .text.TM_NRF24L01_WriteBit
                0x00000000       0x60 ..\obj\tm_stm32f4_nrf24l01.o
 .text.TM_NRF24L01_ReadBit
                0x00000000       0x38 ..\obj\tm_stm32f4_nrf24l01.o
 .text.TM_NRF24L01_ReadRegisterMulti
                0x00000000       0x48 ..\obj\tm_stm32f4_nrf24l01.o
 .text.TM_NRF24L01_PowerUpTx
                0x00000000       0x18 ..\obj\tm_stm32f4_nrf24l01.o
 .text.TM_NRF24L01_PowerDown
                0x00000000       0x1c ..\obj\tm_stm32f4_nrf24l01.o
 .text.TM_NRF24L01_Transmit
                0x00000000       0x68 ..\obj\tm_stm32f4_nrf24l01.o
 .text.TM_NRF24L01_GetTransmissionStatus
                0x00000000       0x34 ..\obj\tm_stm32f4_nrf24l01.o
 .text.TM_NRF24L01_GetRetransmissionsCount
                0x00000000       0x18 ..\obj\tm_stm32f4_nrf24l01.o
 .text          0x00000000        0x0 ..\obj\startup_stm32f4xx.o
 .data          0x00000000        0x0 ..\obj\startup_stm32f4xx.o
 .bss           0x00000000        0x0 ..\obj\startup_stm32f4xx.o
 .text          0x00000000        0x0 ..\obj\main.o
 .bss           0x00000000        0x0 ..\obj\main.o
 .text          0x00000000        0x0 ..\obj\stm32f4xx_rcc.o
 .data          0x00000000       0x10 ..\obj\stm32f4xx_rcc.o
 .bss           0x00000000        0x0 ..\obj\stm32f4xx_rcc.o
 .text.RCC_DeInit
                0x00000000       0x50 ..\obj\stm32f4xx_rcc.o
 .text.RCC_HSEConfig
                0x00000000       0x24 ..\obj\stm32f4xx_rcc.o
 .text.RCC_WaitForHSEStartUp
                0x00000000       0x50 ..\obj\stm32f4xx_rcc.o
 .text.RCC_AdjustHSICalibrationValue
                0x00000000       0x3c ..\obj\stm32f4xx_rcc.o
 .text.RCC_HSICmd
                0x00000000       0x20 ..\obj\stm32f4xx_rcc.o
 .text.RCC_LSEConfig
                0x00000000       0x40 ..\obj\stm32f4xx_rcc.o
 .text.RCC_LSICmd
                0x00000000       0x20 ..\obj\stm32f4xx_rcc.o
 .text.RCC_PLLConfig
                0x00000000       0x3c ..\obj\stm32f4xx_rcc.o
 .text.RCC_PLLCmd
                0x00000000       0x20 ..\obj\stm32f4xx_rcc.o
 .text.RCC_PLLI2SConfig
                0x00000000       0x28 ..\obj\stm32f4xx_rcc.o
 .text.RCC_PLLI2SCmd
                0x00000000       0x20 ..\obj\stm32f4xx_rcc.o
 .text.RCC_ClockSecuritySystemCmd
                0x00000000       0x20 ..\obj\stm32f4xx_rcc.o
 .text.RCC_MCO1Config
                0x00000000       0x3c ..\obj\stm32f4xx_rcc.o
 .text.RCC_MCO2Config
                0x00000000       0x3c ..\obj\stm32f4xx_rcc.o
 .text.RCC_SYSCLKConfig
                0x00000000       0x38 ..\obj\stm32f4xx_rcc.o
 .text.RCC_GetSYSCLKSource
                0x00000000       0x20 ..\obj\stm32f4xx_rcc.o
 .text.RCC_HCLKConfig
                0x00000000       0x38 ..\obj\stm32f4xx_rcc.o
 .text.RCC_PCLK1Config
                0x00000000       0x38 ..\obj\stm32f4xx_rcc.o
 .text.RCC_PCLK2Config
                0x00000000       0x38 ..\obj\stm32f4xx_rcc.o
 .text.RCC_GetClocksFreq
                0x00000000      0x154 ..\obj\stm32f4xx_rcc.o
 .text.RCC_RTCCLKConfig
                0x00000000       0x5c ..\obj\stm32f4xx_rcc.o
 .text.RCC_RTCCLKCmd
                0x00000000       0x20 ..\obj\stm32f4xx_rcc.o
 .text.RCC_BackupResetCmd
                0x00000000       0x20 ..\obj\stm32f4xx_rcc.o
 .text.RCC_I2SCLKConfig
                0x00000000       0x1c ..\obj\stm32f4xx_rcc.o
 .text.RCC_AHB2PeriphClockCmd
                0x00000000       0x3c ..\obj\stm32f4xx_rcc.o
 .text.RCC_AHB3PeriphClockCmd
                0x00000000       0x3c ..\obj\stm32f4xx_rcc.o
 .text.RCC_APB2PeriphClockCmd
                0x00000000       0x3c ..\obj\stm32f4xx_rcc.o
 .text.RCC_AHB1PeriphResetCmd
                0x00000000       0x3c ..\obj\stm32f4xx_rcc.o
 .text.RCC_AHB2PeriphResetCmd
                0x00000000       0x3c ..\obj\stm32f4xx_rcc.o
 .text.RCC_AHB3PeriphResetCmd
                0x00000000       0x3c ..\obj\stm32f4xx_rcc.o
 .text.RCC_APB1PeriphResetCmd
                0x00000000       0x3c ..\obj\stm32f4xx_rcc.o
 .text.RCC_APB2PeriphResetCmd
                0x00000000       0x3c ..\obj\stm32f4xx_rcc.o
 .text.RCC_AHB1PeriphClockLPModeCmd
                0x00000000       0x3c ..\obj\stm32f4xx_rcc.o
 .text.RCC_AHB2PeriphClockLPModeCmd
                0x00000000       0x3c ..\obj\stm32f4xx_rcc.o
 .text.RCC_AHB3PeriphClockLPModeCmd
                0x00000000       0x3c ..\obj\stm32f4xx_rcc.o
 .text.RCC_APB1PeriphClockLPModeCmd
                0x00000000       0x3c ..\obj\stm32f4xx_rcc.o
 .text.RCC_APB2PeriphClockLPModeCmd
                0x00000000       0x3c ..\obj\stm32f4xx_rcc.o
 .text.RCC_ITConfig
                0x00000000       0x48 ..\obj\stm32f4xx_rcc.o
 .text.RCC_GetFlagStatus
                0x00000000       0x74 ..\obj\stm32f4xx_rcc.o
 .text.RCC_ClearFlag
                0x00000000       0x1c ..\obj\stm32f4xx_rcc.o
 .text.RCC_GetITStatus
                0x00000000       0x38 ..\obj\stm32f4xx_rcc.o
 .text.RCC_ClearITPendingBit
                0x00000000       0x20 ..\obj\stm32f4xx_rcc.o
 .text          0x00000000        0x0 ..\obj\tm_stm32f4_spi.o
 .data          0x00000000        0x0 ..\obj\tm_stm32f4_spi.o
 .bss           0x00000000        0x0 ..\obj\tm_stm32f4_spi.o
 .text.TM_SPI_InitWithMode
                0x00000000       0x88 ..\obj\tm_stm32f4_spi.o
 .text.TM_SPI_InitFull
                0x00000000       0x74 ..\obj\tm_stm32f4_spi.o
 .text.TM_SPI_GetPrescalerFromMaxFrequency
                0x00000000       0x68 ..\obj\tm_stm32f4_spi.o
 .text.TM_SPI_SetDataSize
                0x00000000       0x78 ..\obj\tm_stm32f4_spi.o
 .text.TM_SPI_ReadMulti
                0x00000000       0x94 ..\obj\tm_stm32f4_spi.o
 .text.TM_SPI_SendMulti16
                0x00000000       0x98 ..\obj\tm_stm32f4_spi.o
 .text.TM_SPI_WriteMulti16
                0x00000000       0x88 ..\obj\tm_stm32f4_spi.o
 .text.TM_SPI_ReadMulti16
                0x00000000       0x90 ..\obj\tm_stm32f4_spi.o
 .text          0x00000000        0x0 ..\obj\stm32f4xx_gpio.o
 .data          0x00000000        0x0 ..\obj\stm32f4xx_gpio.o
 .bss           0x00000000        0x0 ..\obj\stm32f4xx_gpio.o
 .text.GPIO_DeInit
                0x00000000      0x120 ..\obj\stm32f4xx_gpio.o
 .text.GPIO_StructInit
                0x00000000       0x34 ..\obj\stm32f4xx_gpio.o
 .text.GPIO_PinLockConfig
                0x00000000       0x44 ..\obj\stm32f4xx_gpio.o
 .text.GPIO_ReadInputDataBit
                0x00000000       0x34 ..\obj\stm32f4xx_gpio.o
 .text.GPIO_ReadInputData
                0x00000000       0x1c ..\obj\stm32f4xx_gpio.o
 .text.GPIO_ReadOutputDataBit
                0x00000000       0x34 ..\obj\stm32f4xx_gpio.o
 .text.GPIO_ReadOutputData
                0x00000000       0x1c ..\obj\stm32f4xx_gpio.o
 .text.GPIO_WriteBit
                0x00000000       0x30 ..\obj\stm32f4xx_gpio.o
 .text.GPIO_Write
                0x00000000       0x1c ..\obj\stm32f4xx_gpio.o
 .text.GPIO_ToggleBits
                0x00000000       0x24 ..\obj\stm32f4xx_gpio.o
 .text          0x00000000        0x0 ..\obj\system_stm32f4xx.o
 .data          0x00000000       0x14 ..\obj\system_stm32f4xx.o
 .bss           0x00000000        0x0 ..\obj\system_stm32f4xx.o
 .text.SystemInit
                0x00000000       0x58 ..\obj\system_stm32f4xx.o
 .text.SystemCoreClockUpdate
                0x00000000       0xf8 ..\obj\system_stm32f4xx.o
 .text.SetSysClock
                0x00000000       0xf4 ..\obj\system_stm32f4xx.o
 .debug_info    0x00000000      0x566 ..\obj\system_stm32f4xx.o
 .debug_abbrev  0x00000000      0x136 ..\obj\system_stm32f4xx.o
 .debug_aranges
                0x00000000       0x30 ..\obj\system_stm32f4xx.o
 .debug_ranges  0x00000000       0x20 ..\obj\system_stm32f4xx.o
 .debug_line    0x00000000      0x192 ..\obj\system_stm32f4xx.o
 .debug_str     0x00000000      0x37f ..\obj\system_stm32f4xx.o
 .comment       0x00000000       0x71 ..\obj\system_stm32f4xx.o
 .ARM.attributes
                0x00000000       0x33 ..\obj\system_stm32f4xx.o
 .debug_frame   0x00000000       0x64 ..\obj\system_stm32f4xx.o
 .text          0x00000000        0x0 ..\obj\stm32f4xx_spi.o
 .data          0x00000000        0x0 ..\obj\stm32f4xx_spi.o
 .bss           0x00000000        0x0 ..\obj\stm32f4xx_spi.o
 .text.SPI_I2S_DeInit
                0x00000000       0x74 ..\obj\stm32f4xx_spi.o
 .text.I2S_Init
                0x00000000      0x1b0 ..\obj\stm32f4xx_spi.o
 .text.I2S_StructInit
                0x00000000       0x38 ..\obj\stm32f4xx_spi.o
 .text.SPI_Cmd  0x00000000       0x40 ..\obj\stm32f4xx_spi.o
 .text.I2S_Cmd  0x00000000       0x40 ..\obj\stm32f4xx_spi.o
 .text.SPI_DataSizeConfig
                0x00000000       0x38 ..\obj\stm32f4xx_spi.o
 .text.SPI_BiDirectionalLineConfig
                0x00000000       0x40 ..\obj\stm32f4xx_spi.o
 .text.SPI_NSSInternalSoftwareConfig
                0x00000000       0x44 ..\obj\stm32f4xx_spi.o
 .text.SPI_SSOutputCmd
                0x00000000       0x40 ..\obj\stm32f4xx_spi.o
 .text.SPI_TIModeCmd
                0x00000000       0x40 ..\obj\stm32f4xx_spi.o
 .text.I2S_FullDuplexConfig
                0x00000000       0x9c ..\obj\stm32f4xx_spi.o
 .text.SPI_I2S_ReceiveData
                0x00000000       0x1c ..\obj\stm32f4xx_spi.o
 .text.SPI_I2S_SendData
                0x00000000       0x1c ..\obj\stm32f4xx_spi.o
 .text.SPI_CalculateCRC
                0x00000000       0x40 ..\obj\stm32f4xx_spi.o
 .text.SPI_TransmitCRC
                0x00000000       0x24 ..\obj\stm32f4xx_spi.o
 .text.SPI_GetCRC
                0x00000000       0x34 ..\obj\stm32f4xx_spi.o
 .text.SPI_GetCRCPolynomial
                0x00000000       0x1c ..\obj\stm32f4xx_spi.o
 .text.SPI_I2S_DMACmd
                0x00000000       0x48 ..\obj\stm32f4xx_spi.o
 .text.SPI_I2S_ITConfig
                0x00000000       0x60 ..\obj\stm32f4xx_spi.o
 .text.SPI_I2S_GetFlagStatus
                0x00000000       0x38 ..\obj\stm32f4xx_spi.o
 .text.SPI_I2S_ClearFlag
                0x00000000       0x20 ..\obj\stm32f4xx_spi.o
 .text.SPI_I2S_GetITStatus
                0x00000000       0x78 ..\obj\stm32f4xx_spi.o
 .text.SPI_I2S_ClearITPendingBit
                0x00000000       0x34 ..\obj\stm32f4xx_spi.o
 .text          0x00000000        0x0 ..\obj\tm_stm32f4_gpio.o
 .data          0x00000000        0x0 ..\obj\tm_stm32f4_gpio.o
 .text.TM_GPIO_DeInit
                0x00000000       0x7c ..\obj\tm_stm32f4_gpio.o
 .text.TM_GPIO_SetPinAsInput
                0x00000000       0x50 ..\obj\tm_stm32f4_gpio.o
 .text.TM_GPIO_SetPinAsOutput
                0x00000000       0x5c ..\obj\tm_stm32f4_gpio.o
 .text.TM_GPIO_SetPinAsAnalog
                0x00000000       0x4c ..\obj\tm_stm32f4_gpio.o
 .text.TM_GPIO_SetPinAsAlternate
                0x00000000       0x5c ..\obj\tm_stm32f4_gpio.o
 .text.TM_GPIO_SetPullResistor
                0x00000000       0x60 ..\obj\tm_stm32f4_gpio.o
 .text.TM_GPIO_Lock
                0x00000000       0x38 ..\obj\tm_stm32f4_gpio.o
 .text.TM_GPIO_GetPinSource
                0x00000000       0x30 ..\obj\tm_stm32f4_gpio.o
 .text.TM_GPIO_INT_DisableClock
                0x00000000       0x2c ..\obj\tm_stm32f4_gpio.o
 .text.TM_GPIO_GetUsedPins
                0x00000000       0x24 ..\obj\tm_stm32f4_gpio.o
 .text.TM_GPIO_GetFreePins
                0x00000000       0x28 ..\obj\tm_stm32f4_gpio.o
 .text          0x00000000        0x0 ..\obj\stm32f4xx_tim.o
 .data          0x00000000        0x0 ..\obj\stm32f4xx_tim.o
 .bss           0x00000000        0x0 ..\obj\stm32f4xx_tim.o
 .text.TIM_DeInit
                0x00000000      0x1bc ..\obj\stm32f4xx_tim.o
 .text.TIM_TimeBaseStructInit
                0x00000000       0x34 ..\obj\stm32f4xx_tim.o
 .text.TIM_PrescalerConfig
                0x00000000       0x28 ..\obj\stm32f4xx_tim.o
 .text.TIM_CounterModeConfig
                0x00000000       0x38 ..\obj\stm32f4xx_tim.o
 .text.TIM_SetCounter
                0x00000000       0x1c ..\obj\stm32f4xx_tim.o
 .text.TIM_SetAutoreload
                0x00000000       0x1c ..\obj\stm32f4xx_tim.o
 .text.TIM_GetCounter
                0x00000000       0x18 ..\obj\stm32f4xx_tim.o
 .text.TIM_GetPrescaler
                0x00000000       0x1c ..\obj\stm32f4xx_tim.o
 .text.TIM_UpdateDisableConfig
                0x00000000       0x40 ..\obj\stm32f4xx_tim.o
 .text.TIM_UpdateRequestConfig
                0x00000000       0x40 ..\obj\stm32f4xx_tim.o
 .text.TIM_ARRPreloadConfig
                0x00000000       0x40 ..\obj\stm32f4xx_tim.o
 .text.TIM_SelectOnePulseMode
                0x00000000       0x38 ..\obj\stm32f4xx_tim.o
 .text.TIM_SetClockDivision
                0x00000000       0x38 ..\obj\stm32f4xx_tim.o
 .text.TIM_OCStructInit
                0x00000000       0x44 ..\obj\stm32f4xx_tim.o
 .text.TIM_SelectOCxM
                0x00000000       0xac ..\obj\stm32f4xx_tim.o
 .text.TIM_ForcedOC1Config
                0x00000000       0x38 ..\obj\stm32f4xx_tim.o
 .text.TIM_ForcedOC2Config
                0x00000000       0x3c ..\obj\stm32f4xx_tim.o
 .text.TIM_ForcedOC3Config
                0x00000000       0x38 ..\obj\stm32f4xx_tim.o
 .text.TIM_ForcedOC4Config
                0x00000000       0x3c ..\obj\stm32f4xx_tim.o
 .text.TIM_OC2PreloadConfig
                0x00000000       0x3c ..\obj\stm32f4xx_tim.o
 .text.TIM_OC3PreloadConfig
                0x00000000       0x38 ..\obj\stm32f4xx_tim.o
 .text.TIM_OC4PreloadConfig
                0x00000000       0x3c ..\obj\stm32f4xx_tim.o
 .text.TIM_OC1FastConfig
                0x00000000       0x38 ..\obj\stm32f4xx_tim.o
 .text.TIM_OC2FastConfig
                0x00000000       0x3c ..\obj\stm32f4xx_tim.o
 .text.TIM_OC3FastConfig
                0x00000000       0x38 ..\obj\stm32f4xx_tim.o
 .text.TIM_OC4FastConfig
                0x00000000       0x3c ..\obj\stm32f4xx_tim.o
 .text.TIM_ClearOC1Ref
                0x00000000       0x38 ..\obj\stm32f4xx_tim.o
 .text.TIM_ClearOC2Ref
                0x00000000       0x3c ..\obj\stm32f4xx_tim.o
 .text.TIM_ClearOC3Ref
                0x00000000       0x38 ..\obj\stm32f4xx_tim.o
 .text.TIM_ClearOC4Ref
                0x00000000       0x3c ..\obj\stm32f4xx_tim.o
 .text.TIM_OC1PolarityConfig
                0x00000000       0x38 ..\obj\stm32f4xx_tim.o
 .text.TIM_OC1NPolarityConfig
                0x00000000       0x38 ..\obj\stm32f4xx_tim.o
 .text.TIM_OC2PolarityConfig
                0x00000000       0x3c ..\obj\stm32f4xx_tim.o
 .text.TIM_OC2NPolarityConfig
                0x00000000       0x3c ..\obj\stm32f4xx_tim.o
 .text.TIM_OC3PolarityConfig
                0x00000000       0x3c ..\obj\stm32f4xx_tim.o
 .text.TIM_OC3NPolarityConfig
                0x00000000       0x3c ..\obj\stm32f4xx_tim.o
 .text.TIM_OC4PolarityConfig
                0x00000000       0x3c ..\obj\stm32f4xx_tim.o
 .text.TIM_CCxNCmd
                0x00000000       0x54 ..\obj\stm32f4xx_tim.o
 .text.TIM_ICInit
                0x00000000       0xa8 ..\obj\stm32f4xx_tim.o
 .text.TIM_ICStructInit
                0x00000000       0x30 ..\obj\stm32f4xx_tim.o
 .text.TIM_PWMIConfig
                0x00000000       0xb8 ..\obj\stm32f4xx_tim.o
 .text.TIM_GetCapture1
                0x00000000       0x18 ..\obj\stm32f4xx_tim.o
 .text.TIM_GetCapture2
                0x00000000       0x18 ..\obj\stm32f4xx_tim.o
 .text.TIM_GetCapture3
                0x00000000       0x18 ..\obj\stm32f4xx_tim.o
 .text.TIM_GetCapture4
                0x00000000       0x18 ..\obj\stm32f4xx_tim.o
 .text.TIM_SetIC1Prescaler
                0x00000000       0x38 ..\obj\stm32f4xx_tim.o
 .text.TIM_SetIC2Prescaler
                0x00000000       0x3c ..\obj\stm32f4xx_tim.o
 .text.TIM_SetIC3Prescaler
                0x00000000       0x38 ..\obj\stm32f4xx_tim.o
 .text.TIM_SetIC4Prescaler
                0x00000000       0x3c ..\obj\stm32f4xx_tim.o
 .text.TIM_BDTRConfig
                0x00000000       0x50 ..\obj\stm32f4xx_tim.o
 .text.TIM_BDTRStructInit
                0x00000000       0x3c ..\obj\stm32f4xx_tim.o
 .text.TIM_CtrlPWMOutputs
                0x00000000       0x4c ..\obj\stm32f4xx_tim.o
 .text.TIM_SelectCOM
                0x00000000       0x40 ..\obj\stm32f4xx_tim.o
 .text.TIM_CCPreloadControl
                0x00000000       0x40 ..\obj\stm32f4xx_tim.o
 .text.TIM_ITConfig
                0x00000000       0x48 ..\obj\stm32f4xx_tim.o
 .text.TIM_GenerateEvent
                0x00000000       0x1c ..\obj\stm32f4xx_tim.o
 .text.TIM_GetFlagStatus
                0x00000000       0x38 ..\obj\stm32f4xx_tim.o
 .text.TIM_ClearFlag
                0x00000000       0x20 ..\obj\stm32f4xx_tim.o
 .text.TIM_GetITStatus
                0x00000000       0x54 ..\obj\stm32f4xx_tim.o
 .text.TIM_ClearITPendingBit
                0x00000000       0x20 ..\obj\stm32f4xx_tim.o
 .text.TIM_DMAConfig
                0x00000000       0x28 ..\obj\stm32f4xx_tim.o
 .text.TIM_DMACmd
                0x00000000       0x48 ..\obj\stm32f4xx_tim.o
 .text.TIM_SelectCCDMA
                0x00000000       0x40 ..\obj\stm32f4xx_tim.o
 .text.TIM_InternalClockConfig
                0x00000000       0x24 ..\obj\stm32f4xx_tim.o
 .text.TIM_ITRxExternalClockConfig
                0x00000000       0x2c ..\obj\stm32f4xx_tim.o
 .text.TIM_TIxExternalClockConfig
                0x00000000       0x54 ..\obj\stm32f4xx_tim.o
 .text.TIM_ETRClockMode1Config
                0x00000000       0x50 ..\obj\stm32f4xx_tim.o
 .text.TIM_ETRClockMode2Config
                0x00000000       0x30 ..\obj\stm32f4xx_tim.o
 .text.TIM_SelectInputTrigger
                0x00000000       0x38 ..\obj\stm32f4xx_tim.o
 .text.TIM_SelectOutputTrigger
                0x00000000       0x38 ..\obj\stm32f4xx_tim.o
 .text.TIM_SelectSlaveMode
                0x00000000       0x38 ..\obj\stm32f4xx_tim.o
 .text.TIM_SelectMasterSlaveMode
                0x00000000       0x38 ..\obj\stm32f4xx_tim.o
 .text.TIM_ETRConfig
                0x00000000       0x48 ..\obj\stm32f4xx_tim.o
 .text.TIM_EncoderInterfaceConfig
                0x00000000       0x8c ..\obj\stm32f4xx_tim.o
 .text.TIM_SelectHallSensor
                0x00000000       0x40 ..\obj\stm32f4xx_tim.o
 .text.TIM_RemapConfig
                0x00000000       0x20 ..\obj\stm32f4xx_tim.o
 .text.TI1_Config
                0x00000000       0x78 ..\obj\stm32f4xx_tim.o
 .text.TI2_Config
                0x00000000       0x8c ..\obj\stm32f4xx_tim.o
 .text.TI3_Config
                0x00000000       0x84 ..\obj\stm32f4xx_tim.o
 .text.TI4_Config
                0x00000000       0x90 ..\obj\stm32f4xx_tim.o

Memory Configuration

Name             Origin             Length             Attributes
rom              0x08000000         0x00100000         xr
ram              0x20000000         0x00020000         xrw
ram1             0x10000000         0x00010000         xrw
*default*        0x00000000         0xffffffff

Linker script and memory map

                0x20020000                _eram = 0x20020000

.text           0x08000000     0x1a2c
 *(.isr_vector .isr_vector.*)
 .isr_vector    0x08000000      0x188 ..\obj\startup_stm32f4xx.o
                0x08000000                g_pfnVectors
 *(.text .text.* .gnu.linkonce.t.*)
 .text.TM_SPI_Send
                0x08000188       0x78 ..\obj\tm_stm32f4_nrf24l01.o
 .text.TM_NRF24L01_InitPins
                0x08000200       0x48 ..\obj\tm_stm32f4_nrf24l01.o
                0x08000200                TM_NRF24L01_InitPins
 .text.TM_NRF24L01_Init
                0x08000248      0x120 ..\obj\tm_stm32f4_nrf24l01.o
                0x08000248                TM_NRF24L01_Init
 .text.TM_NRF24L01_SetMyAddress
                0x08000368       0x2c ..\obj\tm_stm32f4_nrf24l01.o
                0x08000368                TM_NRF24L01_SetMyAddress
 .text.TM_NRF24L01_SetTxAddress
                0x08000394       0x24 ..\obj\tm_stm32f4_nrf24l01.o
                0x08000394                TM_NRF24L01_SetTxAddress
 .text.TM_NRF24L01_ReadRegister
                0x080003b8       0x44 ..\obj\tm_stm32f4_nrf24l01.o
                0x080003b8                TM_NRF24L01_ReadRegister
 .text.TM_NRF24L01_WriteRegister
                0x080003fc       0x48 ..\obj\tm_stm32f4_nrf24l01.o
                0x080003fc                TM_NRF24L01_WriteRegister
 .text.TM_NRF24L01_WriteRegisterMulti
                0x08000444       0x4c ..\obj\tm_stm32f4_nrf24l01.o
                0x08000444                TM_NRF24L01_WriteRegisterMulti
 .text.TM_NRF24L01_PowerUpRx
                0x08000490       0x44 ..\obj\tm_stm32f4_nrf24l01.o
                0x08000490                TM_NRF24L01_PowerUpRx
 .text.TM_NRF24L01_GetData
                0x080004d4       0x44 ..\obj\tm_stm32f4_nrf24l01.o
                0x080004d4                TM_NRF24L01_GetData
 .text.TM_NRF24L01_DataReady
                0x08000518       0x34 ..\obj\tm_stm32f4_nrf24l01.o
                0x08000518                TM_NRF24L01_DataReady
 .text.TM_NRF24L01_RxFifoEmpty
                0x0800054c       0x20 ..\obj\tm_stm32f4_nrf24l01.o
                0x0800054c                TM_NRF24L01_RxFifoEmpty
 .text.TM_NRF24L01_GetStatus
                0x0800056c       0x30 ..\obj\tm_stm32f4_nrf24l01.o
                0x0800056c                TM_NRF24L01_GetStatus
 .text.TM_NRF24L01_SoftwareReset
                0x0800059c      0x124 ..\obj\tm_stm32f4_nrf24l01.o
                0x0800059c                TM_NRF24L01_SoftwareReset
 .text.TM_NRF24L01_SetChannel
                0x080006c0       0x34 ..\obj\tm_stm32f4_nrf24l01.o
                0x080006c0                TM_NRF24L01_SetChannel
 .text.TM_NRF24L01_SetRF
                0x080006f4       0x80 ..\obj\tm_stm32f4_nrf24l01.o
                0x080006f4                TM_NRF24L01_SetRF
 .text.Default_Reset_Handler
                0x08000774       0x5c ..\obj\startup_stm32f4xx.o
                0x08000774                Default_Reset_Handler
                0x08000774                Reset_Handler
 .text.Default_Handler
                0x080007d0        0x8 ..\obj\startup_stm32f4xx.o
                0x080007d0                RTC_Alarm_IRQHandler
                0x080007d0                HASH_RNG_IRQHandler
                0x080007d0                EXTI2_IRQHandler
                0x080007d0                TIM8_CC_IRQHandler
                0x080007d0                DebugMon_Handler
                0x080007d0                TIM1_CC_IRQHandler
                0x080007d0                DMA2_Stream5_IRQHandler
                0x080007d0                HardFault_Handler
                0x080007d0                DMA1_Stream5_IRQHandler
                0x080007d0                SysTick_Handler
                0x080007d0                PVD_IRQHandler
                0x080007d0                SDIO_IRQHandler
                0x080007d0                TAMP_STAMP_IRQHandler
                0x080007d0                PendSV_Handler
                0x080007d0                NMI_Handler
                0x080007d0                CAN2_RX1_IRQHandler
                0x080007d0                EXTI3_IRQHandler
                0x080007d0                TIM8_TRG_COM_TIM14_IRQHandler
                0x080007d0                TIM1_UP_TIM10_IRQHandler
                0x080007d0                TIM8_UP_TIM13_IRQHandler
                0x080007d0                I2C3_ER_IRQHandler
                0x080007d0                EXTI0_IRQHandler
                0x080007d0                I2C2_EV_IRQHandler
                0x080007d0                DMA1_Stream2_IRQHandler
                0x080007d0                CAN1_RX0_IRQHandler
                0x080007d0                FPU_IRQHandler
                0x080007d0                OTG_HS_WKUP_IRQHandler
                0x080007d0                UsageFault_Handler
                0x080007d0                CAN2_SCE_IRQHandler
                0x080007d0                DMA2_Stream2_IRQHandler
                0x080007d0                SPI1_IRQHandler
                0x080007d0                TIM6_DAC_IRQHandler
                0x080007d0                TIM1_BRK_TIM9_IRQHandler
                0x080007d0                DCMI_IRQHandler
                0x080007d0                CAN2_RX0_IRQHandler
                0x080007d0                DMA2_Stream3_IRQHandler
                0x080007d0                USART6_IRQHandler
                0x080007d0                USART3_IRQHandler
                0x080007d0                CRYP_IRQHandler
                0x080007d0                CAN1_RX1_IRQHandler
                0x080007d0                UART5_IRQHandler
                0x080007d0                DMA2_Stream0_IRQHandler
                0x080007d0                TIM4_IRQHandler
                0x080007d0                I2C1_EV_IRQHandler
                0x080007d0                DMA1_Stream6_IRQHandler
                0x080007d0                DMA1_Stream1_IRQHandler
                0x080007d0                UART4_IRQHandler
                0x080007d0                TIM3_IRQHandler
                0x080007d0                RCC_IRQHandler
                0x080007d0                TIM8_BRK_TIM12_IRQHandler
                0x080007d0                EXTI15_10_IRQHandler
                0x080007d0                ADC_IRQHandler
                0x080007d0                DMA1_Stream7_IRQHandler
                0x080007d0                TIM7_IRQHandler
                0x080007d0                CAN2_TX_IRQHandler
                0x080007d0                TIM5_IRQHandler
                0x080007d0                DMA2_Stream7_IRQHandler
                0x080007d0                I2C3_EV_IRQHandler
                0x080007d0                EXTI9_5_IRQHandler
                0x080007d0                RTC_WKUP_IRQHandler
                0x080007d0                ETH_WKUP_IRQHandler
                0x080007d0                SPI2_IRQHandler
                0x080007d0                OTG_HS_EP1_IN_IRQHandler
                0x080007d0                MemManage_Handler
                0x080007d0                DMA1_Stream0_IRQHandler
                0x080007d0                CAN1_TX_IRQHandler
                0x080007d0                SVC_Handler
                0x080007d0                EXTI4_IRQHandler
                0x080007d0                FSMC_IRQHandler
                0x080007d0                ETH_IRQHandler
                0x080007d0                OTG_HS_EP1_OUT_IRQHandler
                0x080007d0                WWDG_IRQHandler
                0x080007d0                TIM2_IRQHandler
                0x080007d0                OTG_FS_WKUP_IRQHandler
                0x080007d0                TIM1_TRG_COM_TIM11_IRQHandler
                0x080007d0                OTG_HS_IRQHandler
                0x080007d0                EXTI1_IRQHandler
                0x080007d0                USART2_IRQHandler
                0x080007d0                I2C2_ER_IRQHandler
                0x080007d0                DMA2_Stream1_IRQHandler
                0x080007d0                CAN1_SCE_IRQHandler
                0x080007d0                FLASH_IRQHandler
                0x080007d0                DMA2_Stream4_IRQHandler
                0x080007d0                BusFault_Handler
                0x080007d0                USART1_IRQHandler
                0x080007d0                OTG_FS_IRQHandler
                0x080007d0                SPI3_IRQHandler
                0x080007d0                DMA1_Stream4_IRQHandler
                0x080007d0                I2C1_ER_IRQHandler
                0x080007d0                DMA2_Stream6_IRQHandler
                0x080007d0                DMA1_Stream3_IRQHandler
 .text.InitializeGPIO
                0x080007d8       0x38 ..\obj\main.o
                0x080007d8                InitializeGPIO
 .text.enableGPIO
                0x08000810      0x108 ..\obj\main.o
                0x08000810                enableGPIO
 .text.enabletimer4
                0x08000918       0x40 ..\obj\main.o
                0x08000918                enabletimer4
 .text.pwminit  0x08000958       0x98 ..\obj\main.o
                0x08000958                pwminit
 .text.Receive  0x080009f0       0x2c ..\obj\main.o
                0x080009f0                Receive
 .text.main     0x08000a1c       0xc4 ..\obj\main.o
                0x08000a1c                main
 .text.RCC_AHB1PeriphClockCmd
                0x08000ae0       0x3c ..\obj\stm32f4xx_rcc.o
                0x08000ae0                RCC_AHB1PeriphClockCmd
 .text.RCC_APB1PeriphClockCmd
                0x08000b1c       0x3c ..\obj\stm32f4xx_rcc.o
                0x08000b1c                RCC_APB1PeriphClockCmd
 .text.TM_SPI_Init
                0x08000b58       0x80 ..\obj\tm_stm32f4_spi.o
                0x08000b58                TM_SPI_Init
 .text.TM_SPI_SendMulti
                0x08000bd8       0x98 ..\obj\tm_stm32f4_spi.o
                0x08000bd8                TM_SPI_SendMulti
 .text.TM_SPI_WriteMulti
                0x08000c70       0x88 ..\obj\tm_stm32f4_spi.o
                0x08000c70                TM_SPI_WriteMulti
 .text.TM_SPI_InitCustomPinsCallback
                0x08000cf8       0x18 ..\obj\tm_stm32f4_spi.o
                0x08000cf8                TM_SPI_InitCustomPinsCallback
 .text.TM_SPIx_Init
                0x08000d10      0x110 ..\obj\tm_stm32f4_spi.o
 .text.TM_SPI1_INT_InitPins
                0x08000e20       0x60 ..\obj\tm_stm32f4_spi.o
                0x08000e20                TM_SPI1_INT_InitPins
 .text.TM_SPI2_INT_InitPins
                0x08000e80       0x94 ..\obj\tm_stm32f4_spi.o
                0x08000e80                TM_SPI2_INT_InitPins
 .text.TM_SPI3_INT_InitPins
                0x08000f14       0x60 ..\obj\tm_stm32f4_spi.o
                0x08000f14                TM_SPI3_INT_InitPins
 .text.GPIO_Init
                0x08000f74      0x11c ..\obj\stm32f4xx_gpio.o
                0x08000f74                GPIO_Init
 .text.GPIO_SetBits
                0x08001090       0x1c ..\obj\stm32f4xx_gpio.o
                0x08001090                GPIO_SetBits
 .text.GPIO_ResetBits
                0x080010ac       0x1c ..\obj\stm32f4xx_gpio.o
                0x080010ac                GPIO_ResetBits
 .text.GPIO_PinAFConfig
                0x080010c8       0x8c ..\obj\stm32f4xx_gpio.o
                0x080010c8                GPIO_PinAFConfig
 .text.SPI_Init
                0x08001154       0x88 ..\obj\stm32f4xx_spi.o
                0x08001154                SPI_Init
 .text.SPI_StructInit
                0x080011dc       0x48 ..\obj\stm32f4xx_spi.o
                0x080011dc                SPI_StructInit
 .text.TM_GPIO_Init
                0x08001224       0x38 ..\obj\tm_stm32f4_gpio.o
                0x08001224                TM_GPIO_Init
 .text.TM_GPIO_InitAlternate
                0x0800125c       0x98 ..\obj\tm_stm32f4_gpio.o
                0x0800125c                TM_GPIO_InitAlternate
 .text.TM_GPIO_GetPortSource
                0x080012f4       0x24 ..\obj\tm_stm32f4_gpio.o
                0x080012f4                TM_GPIO_GetPortSource
 .text.TM_GPIO_INT_EnableClock
                0x08001318       0x2c ..\obj\tm_stm32f4_gpio.o
                0x08001318                TM_GPIO_INT_EnableClock
 .text.TM_GPIO_INT_Init
                0x08001344       0xfc ..\obj\tm_stm32f4_gpio.o
                0x08001344                TM_GPIO_INT_Init
 .text.TIM_TimeBaseInit
                0x08001440       0xd4 ..\obj\stm32f4xx_tim.o
                0x08001440                TIM_TimeBaseInit
 .text.TIM_Cmd  0x08001514       0x40 ..\obj\stm32f4xx_tim.o
                0x08001514                TIM_Cmd
 .text.TIM_OC1Init
                0x08001554       0xf4 ..\obj\stm32f4xx_tim.o
                0x08001554                TIM_OC1Init
 .text.TIM_OC2Init
                0x08001648      0x110 ..\obj\stm32f4xx_tim.o
                0x08001648                TIM_OC2Init
 .text.TIM_OC3Init
                0x08001758      0x10c ..\obj\stm32f4xx_tim.o
                0x08001758                TIM_OC3Init
 .text.TIM_OC4Init
                0x08001864       0xcc ..\obj\stm32f4xx_tim.o
                0x08001864                TIM_OC4Init
 .text.TIM_SetCompare1
                0x08001930       0x1c ..\obj\stm32f4xx_tim.o
                0x08001930                TIM_SetCompare1
 .text.TIM_SetCompare2
                0x0800194c       0x1c ..\obj\stm32f4xx_tim.o
                0x0800194c                TIM_SetCompare2
 .text.TIM_SetCompare3
                0x08001968       0x1c ..\obj\stm32f4xx_tim.o
                0x08001968                TIM_SetCompare3
 .text.TIM_SetCompare4
                0x08001984       0x1c ..\obj\stm32f4xx_tim.o
                0x08001984                TIM_SetCompare4
 .text.TIM_OC1PreloadConfig
                0x080019a0       0x38 ..\obj\stm32f4xx_tim.o
                0x080019a0                TIM_OC1PreloadConfig
 .text.TIM_CCxCmd
                0x080019d8       0x54 ..\obj\stm32f4xx_tim.o
                0x080019d8                TIM_CCxCmd
 *(.glue_7t)
 .glue_7t       0x00000000        0x0 linker stubs
 *(.glue_7)
 .glue_7        0x00000000        0x0 linker stubs
 *(.rodata .rodata* .gnu.linkonce.r.*)

.vfp11_veneer   0x08001a2c        0x0
 .vfp11_veneer  0x00000000        0x0 linker stubs

.v4_bx          0x08001a2c        0x0
 .v4_bx         0x00000000        0x0 linker stubs

.iplt           0x08001a2c        0x0
 .iplt          0x00000000        0x0 ..\obj\tm_stm32f4_nrf24l01.o

.rel.dyn        0x08001a2c        0x0
 .rel.iplt      0x00000000        0x0 ..\obj\tm_stm32f4_nrf24l01.o

.ARM.extab
 *(.ARM.extab* .gnu.linkonce.armextab.*)
                0x08001a2c                __exidx_start = .

.ARM.exidx
 *(.ARM.exidx* .gnu.linkonce.armexidx.*)
                0x08001a2c                __exidx_end = .
                0x08001a2c                . = ALIGN (0x4)
                0x08001a2c                _etext = .
                0x08001a2c                _sidata = .

.data           0x20000000       0x10 load address 0x08001a2c
                0x20000000                _sdata = .
 *(.data .data.*)
 .data          0x20000000       0x10 ..\obj\main.o
                0x20000000                MyAddress
                0x20000008                TxAddress
                0x20000010                . = ALIGN (0x4)
                0x20000010                _edata = .

.igot.plt       0x20000010        0x0 load address 0x08001a3c
 .igot.plt      0x00000000        0x0 ..\obj\tm_stm32f4_nrf24l01.o

.bss            0x20000010       0x50 load address 0x08001a3c
                0x20000010                _sbss = .
 *(.bss .bss.*)
 .bss           0x20000010        0x4 ..\obj\tm_stm32f4_nrf24l01.o
 .bss           0x20000014       0x18 ..\obj\tm_stm32f4_gpio.o
 *(COMMON)
 COMMON         0x2000002c       0x34 ..\obj\main.o
                0x2000002c                data1
                0x20000030                data2
                0x20000034                data4
                0x20000038                dataR
                0x20000058                i
                0x2000005c                data3
                0x20000060                . = ALIGN (0x4)
                0x20000060                _ebss = .

.co_stack       0x20000060      0x800 load address 0x08001a8c
                0x20000060                . = ALIGN (0x8)
 *(.co_stack .co_stack.*)
 .co_stack      0x20000060      0x800 ..\obj\startup_stm32f4xx.o
                0x20000060                pulStack
                0x20000860                . = ALIGN (0x4)
                0x20000860                _end = .
LOAD ..\obj\tm_stm32f4_nrf24l01.o
LOAD ..\obj\startup_stm32f4xx.o
LOAD ..\obj\main.o
LOAD ..\obj\stm32f4xx_rcc.o
LOAD ..\obj\tm_stm32f4_spi.o
LOAD ..\obj\stm32f4xx_gpio.o
LOAD ..\obj\system_stm32f4xx.o
LOAD ..\obj\stm32f4xx_spi.o
LOAD ..\obj\tm_stm32f4_gpio.o
LOAD ..\obj\stm32f4xx_tim.o
START GROUP
LOAD c:/users/vibhuti singhania/desktop/stm32f-krssg/gcc-arm-none-eabi/bin/../lib/gcc/arm-none-eabi/4.8.3/armv7e-m\libgcc.a
LOAD c:/users/vibhuti singhania/desktop/stm32f-krssg/gcc-arm-none-eabi/bin/../lib/gcc/arm-none-eabi/4.8.3/../../../../arm-none-eabi/lib/armv7e-m\libg.a
LOAD c:/users/vibhuti singhania/desktop/stm32f-krssg/gcc-arm-none-eabi/bin/../lib/gcc/arm-none-eabi/4.8.3/../../../../arm-none-eabi/lib/armv7e-m\libc.a
END GROUP
OUTPUT(Receive bldc.elf elf32-littlearm)

.debug_info     0x00000000     0x5b2c
 .debug_info    0x00000000      0x82f ..\obj\tm_stm32f4_nrf24l01.o
 .debug_info    0x0000082f       0xed ..\obj\startup_stm32f4xx.o
 .debug_info    0x0000091c      0x6c7 ..\obj\main.o
 .debug_info    0x00000fe3      0xc21 ..\obj\stm32f4xx_rcc.o
 .debug_info    0x00001c04      0xa51 ..\obj\tm_stm32f4_spi.o
 .debug_info    0x00002655      0x5d6 ..\obj\stm32f4xx_gpio.o
 .debug_info    0x00002c2b      0xadb ..\obj\stm32f4xx_spi.o
 .debug_info    0x00003706      0x7f1 ..\obj\tm_stm32f4_gpio.o
 .debug_info    0x00003ef7     0x1c35 ..\obj\stm32f4xx_tim.o

.debug_abbrev   0x00000000      0xd97
 .debug_abbrev  0x00000000      0x1e2 ..\obj\tm_stm32f4_nrf24l01.o
 .debug_abbrev  0x000001e2       0xb0 ..\obj\startup_stm32f4xx.o
 .debug_abbrev  0x00000292      0x15e ..\obj\main.o
 .debug_abbrev  0x000003f0      0x1e3 ..\obj\stm32f4xx_rcc.o
 .debug_abbrev  0x000005d3      0x1e4 ..\obj\tm_stm32f4_spi.o
 .debug_abbrev  0x000007b7      0x1a3 ..\obj\stm32f4xx_gpio.o
 .debug_abbrev  0x0000095a      0x167 ..\obj\stm32f4xx_spi.o
 .debug_abbrev  0x00000ac1      0x14f ..\obj\tm_stm32f4_gpio.o
 .debug_abbrev  0x00000c10      0x187 ..\obj\stm32f4xx_tim.o

.debug_aranges  0x00000000      0x850
 .debug_aranges
                0x00000000       0xd8 ..\obj\tm_stm32f4_nrf24l01.o
 .debug_aranges
                0x000000d8       0x28 ..\obj\startup_stm32f4xx.o
 .debug_aranges
                0x00000100       0x48 ..\obj\main.o
 .debug_aranges
                0x00000148      0x178 ..\obj\stm32f4xx_rcc.o
 .debug_aranges
                0x000002c0       0x98 ..\obj\tm_stm32f4_spi.o
 .debug_aranges
                0x00000358       0x88 ..\obj\stm32f4xx_gpio.o
 .debug_aranges
                0x000003e0       0xe0 ..\obj\stm32f4xx_spi.o
 .debug_aranges
                0x000004c0       0x98 ..\obj\tm_stm32f4_gpio.o
 .debug_aranges
                0x00000558      0x2f8 ..\obj\stm32f4xx_tim.o

.debug_ranges   0x00000000      0x7c0
 .debug_ranges  0x00000000       0xc8 ..\obj\tm_stm32f4_nrf24l01.o
 .debug_ranges  0x000000c8       0x18 ..\obj\startup_stm32f4xx.o
 .debug_ranges  0x000000e0       0x38 ..\obj\main.o
 .debug_ranges  0x00000118      0x168 ..\obj\stm32f4xx_rcc.o
 .debug_ranges  0x00000280       0x88 ..\obj\tm_stm32f4_spi.o
 .debug_ranges  0x00000308       0x78 ..\obj\stm32f4xx_gpio.o
 .debug_ranges  0x00000380       0xd0 ..\obj\stm32f4xx_spi.o
 .debug_ranges  0x00000450       0x88 ..\obj\tm_stm32f4_gpio.o
 .debug_ranges  0x000004d8      0x2e8 ..\obj\stm32f4xx_tim.o

.debug_line     0x00000000     0x2510
 .debug_line    0x00000000      0x45b ..\obj\tm_stm32f4_nrf24l01.o
 .debug_line    0x0000045b       0xa0 ..\obj\startup_stm32f4xx.o
 .debug_line    0x000004fb      0x285 ..\obj\main.o
 .debug_line    0x00000780      0x543 ..\obj\stm32f4xx_rcc.o
 .debug_line    0x00000cc3      0x45d ..\obj\tm_stm32f4_spi.o
 .debug_line    0x00001120      0x2e8 ..\obj\stm32f4xx_gpio.o
 .debug_line    0x00001408      0x3fb ..\obj\stm32f4xx_spi.o
 .debug_line    0x00001803      0x2ff ..\obj\tm_stm32f4_gpio.o
 .debug_line    0x00001b02      0xa0e ..\obj\stm32f4xx_tim.o

.debug_str      0x00000000     0x247f
 .debug_str     0x00000000      0x743 ..\obj\tm_stm32f4_nrf24l01.o
                                0x79b (size before relaxing)
 .debug_str     0x00000743       0xaf ..\obj\startup_stm32f4xx.o
                                0x146 (size before relaxing)
 .debug_str     0x000007f2      0x2fd ..\obj\main.o
                                0x61d (size before relaxing)
 .debug_str     0x00000aef      0x65e ..\obj\stm32f4xx_rcc.o
                                0x825 (size before relaxing)
 .debug_str     0x0000114d      0x2f8 ..\obj\tm_stm32f4_spi.o
                                0x71c (size before relaxing)
 .debug_str     0x00001445      0x17a ..\obj\stm32f4xx_gpio.o
                                0x478 (size before relaxing)
 .debug_str     0x000015bf      0x2ec ..\obj\stm32f4xx_spi.o
                                0x65f (size before relaxing)
 .debug_str     0x000018ab      0x1d7 ..\obj\tm_stm32f4_gpio.o
                                0x574 (size before relaxing)
 .debug_str     0x00001a82      0x9fd ..\obj\stm32f4xx_tim.o
                                0xda5 (size before relaxing)

.comment        0x00000000       0x70
 .comment       0x00000000       0x70 ..\obj\tm_stm32f4_nrf24l01.o
                                 0x71 (size before relaxing)
 .comment       0x00000000       0x71 ..\obj\startup_stm32f4xx.o
 .comment       0x00000000       0x71 ..\obj\main.o
 .comment       0x00000000       0x71 ..\obj\stm32f4xx_rcc.o
 .comment       0x00000000       0x71 ..\obj\tm_stm32f4_spi.o
 .comment       0x00000000       0x71 ..\obj\stm32f4xx_gpio.o
 .comment       0x00000000       0x71 ..\obj\stm32f4xx_spi.o
 .comment       0x00000000       0x71 ..\obj\tm_stm32f4_gpio.o
 .comment       0x00000000       0x71 ..\obj\stm32f4xx_tim.o

.ARM.attributes
                0x00000000       0x33
 .ARM.attributes
                0x00000000       0x33 ..\obj\tm_stm32f4_nrf24l01.o
 .ARM.attributes
                0x00000033       0x33 ..\obj\startup_stm32f4xx.o
 .ARM.attributes
                0x00000066       0x33 ..\obj\main.o
 .ARM.attributes
                0x00000099       0x33 ..\obj\stm32f4xx_rcc.o
 .ARM.attributes
                0x000000cc       0x33 ..\obj\tm_stm32f4_spi.o
 .ARM.attributes
                0x000000ff       0x33 ..\obj\stm32f4xx_gpio.o
 .ARM.attributes
                0x00000132       0x33 ..\obj\stm32f4xx_spi.o
 .ARM.attributes
                0x00000165       0x33 ..\obj\tm_stm32f4_gpio.o
 .ARM.attributes
                0x00000198       0x33 ..\obj\stm32f4xx_tim.o

.debug_frame    0x00000000     0x1b74
 .debug_frame   0x00000000      0x2fc ..\obj\tm_stm32f4_nrf24l01.o
 .debug_frame   0x000002fc       0x48 ..\obj\startup_stm32f4xx.o
 .debug_frame   0x00000344       0xc8 ..\obj\main.o
 .debug_frame   0x0000040c      0x4d8 ..\obj\stm32f4xx_rcc.o
 .debug_frame   0x000008e4      0x1f0 ..\obj\tm_stm32f4_spi.o
 .debug_frame   0x00000ad4      0x19c ..\obj\stm32f4xx_gpio.o
 .debug_frame   0x00000c70      0x2d0 ..\obj\stm32f4xx_spi.o
 .debug_frame   0x00000f40      0x1f8 ..\obj\tm_stm32f4_gpio.o
 .debug_frame   0x00001138      0xa3c ..\obj\stm32f4xx_tim.o
