
Allocating common symbols
Common symbol       size              file

j                   0x4               ..\obj\main.o
i                   0x4               ..\obj\main.o
transmissionStatus  0x1               ..\obj\main.o
data                0x20              ..\obj\main.o

Discarded input sections

 .text          0x00000000        0x0 ..\obj\tm_stm32f4_nrf24l01.o
 .data          0x00000000        0x0 ..\obj\tm_stm32f4_nrf24l01.o
 .text.TM_NRF24L01_WriteBit
                0x00000000       0x60 ..\obj\tm_stm32f4_nrf24l01.o
 .text.TM_NRF24L01_ReadBit
                0x00000000       0x38 ..\obj\tm_stm32f4_nrf24l01.o
 .text.TM_NRF24L01_ReadRegister
                0x00000000       0x44 ..\obj\tm_stm32f4_nrf24l01.o
 .text.TM_NRF24L01_ReadRegisterMulti
                0x00000000       0x48 ..\obj\tm_stm32f4_nrf24l01.o
 .text.TM_NRF24L01_PowerDown
                0x00000000       0x1c ..\obj\tm_stm32f4_nrf24l01.o
 .text.TM_NRF24L01_GetData
                0x00000000       0x44 ..\obj\tm_stm32f4_nrf24l01.o
 .text.TM_NRF24L01_DataReady
                0x00000000       0x34 ..\obj\tm_stm32f4_nrf24l01.o
 .text.TM_NRF24L01_RxFifoEmpty
                0x00000000       0x20 ..\obj\tm_stm32f4_nrf24l01.o
 .text.TM_NRF24L01_GetRetransmissionsCount
                0x00000000       0x18 ..\obj\tm_stm32f4_nrf24l01.o
 .text          0x00000000        0x0 ..\obj\startup_stm32f4xx.o
 .data          0x00000000        0x0 ..\obj\startup_stm32f4xx.o
 .bss           0x00000000        0x0 ..\obj\startup_stm32f4xx.o
 .text          0x00000000        0x0 ..\obj\main.o
 .bss           0x00000000        0x0 ..\obj\main.o
 .text          0x00000000        0x0 ..\obj\stm32f4xx_rcc.o
 .data          0x00000000       0x10 ..\obj\stm32f4xx_rcc.o
 .bss           0x00000000        0x0 ..\obj\stm32f4xx_rcc.o
 .text.RCC_DeInit
                0x00000000       0x50 ..\obj\stm32f4xx_rcc.o
 .text.RCC_HSEConfig
                0x00000000       0x24 ..\obj\stm32f4xx_rcc.o
 .text.RCC_WaitForHSEStartUp
                0x00000000       0x50 ..\obj\stm32f4xx_rcc.o
 .text.RCC_AdjustHSICalibrationValue
                0x00000000       0x3c ..\obj\stm32f4xx_rcc.o
 .text.RCC_HSICmd
                0x00000000       0x20 ..\obj\stm32f4xx_rcc.o
 .text.RCC_LSEConfig
                0x00000000       0x40 ..\obj\stm32f4xx_rcc.o
 .text.RCC_LSICmd
                0x00000000       0x20 ..\obj\stm32f4xx_rcc.o
 .text.RCC_PLLConfig
                0x00000000       0x3c ..\obj\stm32f4xx_rcc.o
 .text.RCC_PLLCmd
                0x00000000       0x20 ..\obj\stm32f4xx_rcc.o
 .text.RCC_PLLI2SConfig
                0x00000000       0x28 ..\obj\stm32f4xx_rcc.o
 .text.RCC_PLLI2SCmd
                0x00000000       0x20 ..\obj\stm32f4xx_rcc.o
 .text.RCC_ClockSecuritySystemCmd
                0x00000000       0x20 ..\obj\stm32f4xx_rcc.o
 .text.RCC_MCO1Config
                0x00000000       0x3c ..\obj\stm32f4xx_rcc.o
 .text.RCC_MCO2Config
                0x00000000       0x3c ..\obj\stm32f4xx_rcc.o
 .text.RCC_SYSCLKConfig
                0x00000000       0x38 ..\obj\stm32f4xx_rcc.o
 .text.RCC_GetSYSCLKSource
                0x00000000       0x20 ..\obj\stm32f4xx_rcc.o
 .text.RCC_HCLKConfig
                0x00000000       0x38 ..\obj\stm32f4xx_rcc.o
 .text.RCC_PCLK1Config
                0x00000000       0x38 ..\obj\stm32f4xx_rcc.o
 .text.RCC_PCLK2Config
                0x00000000       0x38 ..\obj\stm32f4xx_rcc.o
 .text.RCC_GetClocksFreq
                0x00000000      0x154 ..\obj\stm32f4xx_rcc.o
 .text.RCC_RTCCLKConfig
                0x00000000       0x5c ..\obj\stm32f4xx_rcc.o
 .text.RCC_RTCCLKCmd
                0x00000000       0x20 ..\obj\stm32f4xx_rcc.o
 .text.RCC_BackupResetCmd
                0x00000000       0x20 ..\obj\stm32f4xx_rcc.o
 .text.RCC_I2SCLKConfig
                0x00000000       0x1c ..\obj\stm32f4xx_rcc.o
 .text.RCC_AHB2PeriphClockCmd
                0x00000000       0x3c ..\obj\stm32f4xx_rcc.o
 .text.RCC_AHB3PeriphClockCmd
                0x00000000       0x3c ..\obj\stm32f4xx_rcc.o
 .text.RCC_APB1PeriphClockCmd
                0x00000000       0x3c ..\obj\stm32f4xx_rcc.o
 .text.RCC_APB2PeriphClockCmd
                0x00000000       0x3c ..\obj\stm32f4xx_rcc.o
 .text.RCC_AHB1PeriphResetCmd
                0x00000000       0x3c ..\obj\stm32f4xx_rcc.o
 .text.RCC_AHB2PeriphResetCmd
                0x00000000       0x3c ..\obj\stm32f4xx_rcc.o
 .text.RCC_AHB3PeriphResetCmd
                0x00000000       0x3c ..\obj\stm32f4xx_rcc.o
 .text.RCC_APB1PeriphResetCmd
                0x00000000       0x3c ..\obj\stm32f4xx_rcc.o
 .text.RCC_APB2PeriphResetCmd
                0x00000000       0x3c ..\obj\stm32f4xx_rcc.o
 .text.RCC_AHB1PeriphClockLPModeCmd
                0x00000000       0x3c ..\obj\stm32f4xx_rcc.o
 .text.RCC_AHB2PeriphClockLPModeCmd
                0x00000000       0x3c ..\obj\stm32f4xx_rcc.o
 .text.RCC_AHB3PeriphClockLPModeCmd
                0x00000000       0x3c ..\obj\stm32f4xx_rcc.o
 .text.RCC_APB1PeriphClockLPModeCmd
                0x00000000       0x3c ..\obj\stm32f4xx_rcc.o
 .text.RCC_APB2PeriphClockLPModeCmd
                0x00000000       0x3c ..\obj\stm32f4xx_rcc.o
 .text.RCC_ITConfig
                0x00000000       0x48 ..\obj\stm32f4xx_rcc.o
 .text.RCC_GetFlagStatus
                0x00000000       0x74 ..\obj\stm32f4xx_rcc.o
 .text.RCC_ClearFlag
                0x00000000       0x1c ..\obj\stm32f4xx_rcc.o
 .text.RCC_GetITStatus
                0x00000000       0x38 ..\obj\stm32f4xx_rcc.o
 .text.RCC_ClearITPendingBit
                0x00000000       0x20 ..\obj\stm32f4xx_rcc.o
 .text          0x00000000        0x0 ..\obj\tm_stm32f4_spi.o
 .data          0x00000000        0x0 ..\obj\tm_stm32f4_spi.o
 .bss           0x00000000        0x0 ..\obj\tm_stm32f4_spi.o
 .text.TM_SPI_InitWithMode
                0x00000000       0x88 ..\obj\tm_stm32f4_spi.o
 .text.TM_SPI_InitFull
                0x00000000       0x74 ..\obj\tm_stm32f4_spi.o
 .text.TM_SPI_GetPrescalerFromMaxFrequency
                0x00000000       0x68 ..\obj\tm_stm32f4_spi.o
 .text.TM_SPI_SetDataSize
                0x00000000       0x78 ..\obj\tm_stm32f4_spi.o
 .text.TM_SPI_SendMulti
                0x00000000       0x98 ..\obj\tm_stm32f4_spi.o
 .text.TM_SPI_ReadMulti
                0x00000000       0x94 ..\obj\tm_stm32f4_spi.o
 .text.TM_SPI_SendMulti16
                0x00000000       0x98 ..\obj\tm_stm32f4_spi.o
 .text.TM_SPI_WriteMulti16
                0x00000000       0x88 ..\obj\tm_stm32f4_spi.o
 .text.TM_SPI_ReadMulti16
                0x00000000       0x90 ..\obj\tm_stm32f4_spi.o
 .text          0x00000000        0x0 ..\obj\stm32f4xx_gpio.o
 .data          0x00000000        0x0 ..\obj\stm32f4xx_gpio.o
 .bss           0x00000000        0x0 ..\obj\stm32f4xx_gpio.o
 .text.GPIO_DeInit
                0x00000000      0x120 ..\obj\stm32f4xx_gpio.o
 .text.GPIO_StructInit
                0x00000000       0x34 ..\obj\stm32f4xx_gpio.o
 .text.GPIO_PinLockConfig
                0x00000000       0x44 ..\obj\stm32f4xx_gpio.o
 .text.GPIO_ReadInputDataBit
                0x00000000       0x34 ..\obj\stm32f4xx_gpio.o
 .text.GPIO_ReadInputData
                0x00000000       0x1c ..\obj\stm32f4xx_gpio.o
 .text.GPIO_ReadOutputDataBit
                0x00000000       0x34 ..\obj\stm32f4xx_gpio.o
 .text.GPIO_ReadOutputData
                0x00000000       0x1c ..\obj\stm32f4xx_gpio.o
 .text.GPIO_WriteBit
                0x00000000       0x30 ..\obj\stm32f4xx_gpio.o
 .text.GPIO_Write
                0x00000000       0x1c ..\obj\stm32f4xx_gpio.o
 .text.GPIO_ToggleBits
                0x00000000       0x24 ..\obj\stm32f4xx_gpio.o
 .text.GPIO_PinAFConfig
                0x00000000       0x8c ..\obj\stm32f4xx_gpio.o
 .text          0x00000000        0x0 ..\obj\system_stm32f4xx.o
 .data          0x00000000       0x14 ..\obj\system_stm32f4xx.o
 .bss           0x00000000        0x0 ..\obj\system_stm32f4xx.o
 .text.SystemInit
                0x00000000       0x58 ..\obj\system_stm32f4xx.o
 .text.SystemCoreClockUpdate
                0x00000000       0xf8 ..\obj\system_stm32f4xx.o
 .text.SetSysClock
                0x00000000       0xf4 ..\obj\system_stm32f4xx.o
 .debug_info    0x00000000      0x566 ..\obj\system_stm32f4xx.o
 .debug_abbrev  0x00000000      0x136 ..\obj\system_stm32f4xx.o
 .debug_aranges
                0x00000000       0x30 ..\obj\system_stm32f4xx.o
 .debug_ranges  0x00000000       0x20 ..\obj\system_stm32f4xx.o
 .debug_line    0x00000000      0x192 ..\obj\system_stm32f4xx.o
 .debug_str     0x00000000      0x37f ..\obj\system_stm32f4xx.o
 .comment       0x00000000       0x71 ..\obj\system_stm32f4xx.o
 .ARM.attributes
                0x00000000       0x33 ..\obj\system_stm32f4xx.o
 .debug_frame   0x00000000       0x64 ..\obj\system_stm32f4xx.o
 .text          0x00000000        0x0 ..\obj\stm32f4xx_spi.o
 .data          0x00000000        0x0 ..\obj\stm32f4xx_spi.o
 .bss           0x00000000        0x0 ..\obj\stm32f4xx_spi.o
 .text.SPI_I2S_DeInit
                0x00000000       0x74 ..\obj\stm32f4xx_spi.o
 .text.I2S_Init
                0x00000000      0x1b0 ..\obj\stm32f4xx_spi.o
 .text.I2S_StructInit
                0x00000000       0x38 ..\obj\stm32f4xx_spi.o
 .text.SPI_Cmd  0x00000000       0x40 ..\obj\stm32f4xx_spi.o
 .text.I2S_Cmd  0x00000000       0x40 ..\obj\stm32f4xx_spi.o
 .text.SPI_DataSizeConfig
                0x00000000       0x38 ..\obj\stm32f4xx_spi.o
 .text.SPI_BiDirectionalLineConfig
                0x00000000       0x40 ..\obj\stm32f4xx_spi.o
 .text.SPI_NSSInternalSoftwareConfig
                0x00000000       0x44 ..\obj\stm32f4xx_spi.o
 .text.SPI_SSOutputCmd
                0x00000000       0x40 ..\obj\stm32f4xx_spi.o
 .text.SPI_TIModeCmd
                0x00000000       0x40 ..\obj\stm32f4xx_spi.o
 .text.I2S_FullDuplexConfig
                0x00000000       0x9c ..\obj\stm32f4xx_spi.o
 .text.SPI_I2S_ReceiveData
                0x00000000       0x1c ..\obj\stm32f4xx_spi.o
 .text.SPI_I2S_SendData
                0x00000000       0x1c ..\obj\stm32f4xx_spi.o
 .text.SPI_CalculateCRC
                0x00000000       0x40 ..\obj\stm32f4xx_spi.o
 .text.SPI_TransmitCRC
                0x00000000       0x24 ..\obj\stm32f4xx_spi.o
 .text.SPI_GetCRC
                0x00000000       0x34 ..\obj\stm32f4xx_spi.o
 .text.SPI_GetCRCPolynomial
                0x00000000       0x1c ..\obj\stm32f4xx_spi.o
 .text.SPI_I2S_DMACmd
                0x00000000       0x48 ..\obj\stm32f4xx_spi.o
 .text.SPI_I2S_ITConfig
                0x00000000       0x60 ..\obj\stm32f4xx_spi.o
 .text.SPI_I2S_GetFlagStatus
                0x00000000       0x38 ..\obj\stm32f4xx_spi.o
 .text.SPI_I2S_ClearFlag
                0x00000000       0x20 ..\obj\stm32f4xx_spi.o
 .text.SPI_I2S_GetITStatus
                0x00000000       0x78 ..\obj\stm32f4xx_spi.o
 .text.SPI_I2S_ClearITPendingBit
                0x00000000       0x34 ..\obj\stm32f4xx_spi.o
 .text          0x00000000        0x0 ..\obj\tm_stm32f4_gpio.o
 .data          0x00000000        0x0 ..\obj\tm_stm32f4_gpio.o
 .text.TM_GPIO_DeInit
                0x00000000       0x7c ..\obj\tm_stm32f4_gpio.o
 .text.TM_GPIO_SetPinAsInput
                0x00000000       0x50 ..\obj\tm_stm32f4_gpio.o
 .text.TM_GPIO_SetPinAsOutput
                0x00000000       0x5c ..\obj\tm_stm32f4_gpio.o
 .text.TM_GPIO_SetPinAsAnalog
                0x00000000       0x4c ..\obj\tm_stm32f4_gpio.o
 .text.TM_GPIO_SetPinAsAlternate
                0x00000000       0x5c ..\obj\tm_stm32f4_gpio.o
 .text.TM_GPIO_SetPullResistor
                0x00000000       0x60 ..\obj\tm_stm32f4_gpio.o
 .text.TM_GPIO_Lock
                0x00000000       0x38 ..\obj\tm_stm32f4_gpio.o
 .text.TM_GPIO_GetPinSource
                0x00000000       0x30 ..\obj\tm_stm32f4_gpio.o
 .text.TM_GPIO_INT_DisableClock
                0x00000000       0x2c ..\obj\tm_stm32f4_gpio.o
 .text.TM_GPIO_GetUsedPins
                0x00000000       0x24 ..\obj\tm_stm32f4_gpio.o
 .text.TM_GPIO_GetFreePins
                0x00000000       0x28 ..\obj\tm_stm32f4_gpio.o

Memory Configuration

Name             Origin             Length             Attributes
rom              0x08000000         0x00100000         xr
ram              0x20000000         0x00020000         xrw
ram1             0x10000000         0x00010000         xrw
*default*        0x00000000         0xffffffff

Linker script and memory map

                0x20020000                _eram = 0x20020000

.text           0x08000000     0x10d4
 *(.isr_vector .isr_vector.*)
 .isr_vector    0x08000000      0x188 ..\obj\startup_stm32f4xx.o
                0x08000000                g_pfnVectors
 *(.text .text.* .gnu.linkonce.t.*)
 .text.TM_SPI_Send
                0x08000188       0x78 ..\obj\tm_stm32f4_nrf24l01.o
 .text.TM_NRF24L01_InitPins
                0x08000200       0x48 ..\obj\tm_stm32f4_nrf24l01.o
                0x08000200                TM_NRF24L01_InitPins
 .text.TM_NRF24L01_Init
                0x08000248      0x120 ..\obj\tm_stm32f4_nrf24l01.o
                0x08000248                TM_NRF24L01_Init
 .text.TM_NRF24L01_SetMyAddress
                0x08000368       0x2c ..\obj\tm_stm32f4_nrf24l01.o
                0x08000368                TM_NRF24L01_SetMyAddress
 .text.TM_NRF24L01_SetTxAddress
                0x08000394       0x24 ..\obj\tm_stm32f4_nrf24l01.o
                0x08000394                TM_NRF24L01_SetTxAddress
 .text.TM_NRF24L01_WriteRegister
                0x080003b8       0x48 ..\obj\tm_stm32f4_nrf24l01.o
                0x080003b8                TM_NRF24L01_WriteRegister
 .text.TM_NRF24L01_WriteRegisterMulti
                0x08000400       0x4c ..\obj\tm_stm32f4_nrf24l01.o
                0x08000400                TM_NRF24L01_WriteRegisterMulti
 .text.TM_NRF24L01_PowerUpTx
                0x0800044c       0x18 ..\obj\tm_stm32f4_nrf24l01.o
                0x0800044c                TM_NRF24L01_PowerUpTx
 .text.TM_NRF24L01_PowerUpRx
                0x08000464       0x44 ..\obj\tm_stm32f4_nrf24l01.o
                0x08000464                TM_NRF24L01_PowerUpRx
 .text.TM_NRF24L01_Transmit
                0x080004a8       0x68 ..\obj\tm_stm32f4_nrf24l01.o
                0x080004a8                TM_NRF24L01_Transmit
 .text.TM_NRF24L01_GetStatus
                0x08000510       0x30 ..\obj\tm_stm32f4_nrf24l01.o
                0x08000510                TM_NRF24L01_GetStatus
 .text.TM_NRF24L01_GetTransmissionStatus
                0x08000540       0x34 ..\obj\tm_stm32f4_nrf24l01.o
                0x08000540                TM_NRF24L01_GetTransmissionStatus
 .text.TM_NRF24L01_SoftwareReset
                0x08000574      0x124 ..\obj\tm_stm32f4_nrf24l01.o
                0x08000574                TM_NRF24L01_SoftwareReset
 .text.TM_NRF24L01_SetChannel
                0x08000698       0x34 ..\obj\tm_stm32f4_nrf24l01.o
                0x08000698                TM_NRF24L01_SetChannel
 .text.TM_NRF24L01_SetRF
                0x080006cc       0x80 ..\obj\tm_stm32f4_nrf24l01.o
                0x080006cc                TM_NRF24L01_SetRF
 .text.Default_Reset_Handler
                0x0800074c       0x5c ..\obj\startup_stm32f4xx.o
                0x0800074c                Default_Reset_Handler
                0x0800074c                Reset_Handler
 .text.Default_Handler
                0x080007a8        0x8 ..\obj\startup_stm32f4xx.o
                0x080007a8                RTC_Alarm_IRQHandler
                0x080007a8                HASH_RNG_IRQHandler
                0x080007a8                EXTI2_IRQHandler
                0x080007a8                TIM8_CC_IRQHandler
                0x080007a8                DebugMon_Handler
                0x080007a8                TIM1_CC_IRQHandler
                0x080007a8                DMA2_Stream5_IRQHandler
                0x080007a8                HardFault_Handler
                0x080007a8                DMA1_Stream5_IRQHandler
                0x080007a8                SysTick_Handler
                0x080007a8                PVD_IRQHandler
                0x080007a8                SDIO_IRQHandler
                0x080007a8                TAMP_STAMP_IRQHandler
                0x080007a8                PendSV_Handler
                0x080007a8                NMI_Handler
                0x080007a8                CAN2_RX1_IRQHandler
                0x080007a8                EXTI3_IRQHandler
                0x080007a8                TIM8_TRG_COM_TIM14_IRQHandler
                0x080007a8                TIM1_UP_TIM10_IRQHandler
                0x080007a8                TIM8_UP_TIM13_IRQHandler
                0x080007a8                I2C3_ER_IRQHandler
                0x080007a8                EXTI0_IRQHandler
                0x080007a8                I2C2_EV_IRQHandler
                0x080007a8                DMA1_Stream2_IRQHandler
                0x080007a8                CAN1_RX0_IRQHandler
                0x080007a8                FPU_IRQHandler
                0x080007a8                OTG_HS_WKUP_IRQHandler
                0x080007a8                UsageFault_Handler
                0x080007a8                CAN2_SCE_IRQHandler
                0x080007a8                DMA2_Stream2_IRQHandler
                0x080007a8                SPI1_IRQHandler
                0x080007a8                TIM6_DAC_IRQHandler
                0x080007a8                TIM1_BRK_TIM9_IRQHandler
                0x080007a8                DCMI_IRQHandler
                0x080007a8                CAN2_RX0_IRQHandler
                0x080007a8                DMA2_Stream3_IRQHandler
                0x080007a8                USART6_IRQHandler
                0x080007a8                USART3_IRQHandler
                0x080007a8                CRYP_IRQHandler
                0x080007a8                CAN1_RX1_IRQHandler
                0x080007a8                UART5_IRQHandler
                0x080007a8                DMA2_Stream0_IRQHandler
                0x080007a8                TIM4_IRQHandler
                0x080007a8                I2C1_EV_IRQHandler
                0x080007a8                DMA1_Stream6_IRQHandler
                0x080007a8                DMA1_Stream1_IRQHandler
                0x080007a8                UART4_IRQHandler
                0x080007a8                TIM3_IRQHandler
                0x080007a8                RCC_IRQHandler
                0x080007a8                TIM8_BRK_TIM12_IRQHandler
                0x080007a8                EXTI15_10_IRQHandler
                0x080007a8                ADC_IRQHandler
                0x080007a8                DMA1_Stream7_IRQHandler
                0x080007a8                TIM7_IRQHandler
                0x080007a8                CAN2_TX_IRQHandler
                0x080007a8                TIM5_IRQHandler
                0x080007a8                DMA2_Stream7_IRQHandler
                0x080007a8                I2C3_EV_IRQHandler
                0x080007a8                EXTI9_5_IRQHandler
                0x080007a8                RTC_WKUP_IRQHandler
                0x080007a8                ETH_WKUP_IRQHandler
                0x080007a8                SPI2_IRQHandler
                0x080007a8                OTG_HS_EP1_IN_IRQHandler
                0x080007a8                MemManage_Handler
                0x080007a8                DMA1_Stream0_IRQHandler
                0x080007a8                CAN1_TX_IRQHandler
                0x080007a8                SVC_Handler
                0x080007a8                EXTI4_IRQHandler
                0x080007a8                FSMC_IRQHandler
                0x080007a8                ETH_IRQHandler
                0x080007a8                OTG_HS_EP1_OUT_IRQHandler
                0x080007a8                WWDG_IRQHandler
                0x080007a8                TIM2_IRQHandler
                0x080007a8                OTG_FS_WKUP_IRQHandler
                0x080007a8                TIM1_TRG_COM_TIM11_IRQHandler
                0x080007a8                OTG_HS_IRQHandler
                0x080007a8                EXTI1_IRQHandler
                0x080007a8                USART2_IRQHandler
                0x080007a8                I2C2_ER_IRQHandler
                0x080007a8                DMA2_Stream1_IRQHandler
                0x080007a8                CAN1_SCE_IRQHandler
                0x080007a8                FLASH_IRQHandler
                0x080007a8                DMA2_Stream4_IRQHandler
                0x080007a8                BusFault_Handler
                0x080007a8                USART1_IRQHandler
                0x080007a8                OTG_FS_IRQHandler
                0x080007a8                SPI3_IRQHandler
                0x080007a8                DMA1_Stream4_IRQHandler
                0x080007a8                I2C1_ER_IRQHandler
                0x080007a8                DMA2_Stream6_IRQHandler
                0x080007a8                DMA1_Stream3_IRQHandler
 .text.InitializeGPIO
                0x080007b0       0x38 ..\obj\main.o
                0x080007b0                InitializeGPIO
 .text.Transmission
                0x080007e8       0x2c ..\obj\main.o
                0x080007e8                Transmission
 .text.dowhile  0x08000814       0x20 ..\obj\main.o
                0x08000814                dowhile
 .text.datainit
                0x08000834       0x38 ..\obj\main.o
                0x08000834                datainit
 .text.main     0x0800086c       0x68 ..\obj\main.o
                0x0800086c                main
 .text.RCC_AHB1PeriphClockCmd
                0x080008d4       0x3c ..\obj\stm32f4xx_rcc.o
                0x080008d4                RCC_AHB1PeriphClockCmd
 .text.TM_SPI_Init
                0x08000910       0x80 ..\obj\tm_stm32f4_spi.o
                0x08000910                TM_SPI_Init
 .text.TM_SPI_WriteMulti
                0x08000990       0x88 ..\obj\tm_stm32f4_spi.o
                0x08000990                TM_SPI_WriteMulti
 .text.TM_SPI_InitCustomPinsCallback
                0x08000a18       0x18 ..\obj\tm_stm32f4_spi.o
                0x08000a18                TM_SPI_InitCustomPinsCallback
 .text.TM_SPIx_Init
                0x08000a30      0x110 ..\obj\tm_stm32f4_spi.o
 .text.TM_SPI1_INT_InitPins
                0x08000b40       0x60 ..\obj\tm_stm32f4_spi.o
                0x08000b40                TM_SPI1_INT_InitPins
 .text.TM_SPI2_INT_InitPins
                0x08000ba0       0x94 ..\obj\tm_stm32f4_spi.o
                0x08000ba0                TM_SPI2_INT_InitPins
 .text.TM_SPI3_INT_InitPins
                0x08000c34       0x60 ..\obj\tm_stm32f4_spi.o
                0x08000c34                TM_SPI3_INT_InitPins
 .text.GPIO_Init
                0x08000c94      0x11c ..\obj\stm32f4xx_gpio.o
                0x08000c94                GPIO_Init
 .text.GPIO_SetBits
                0x08000db0       0x1c ..\obj\stm32f4xx_gpio.o
                0x08000db0                GPIO_SetBits
 .text.GPIO_ResetBits
                0x08000dcc       0x1c ..\obj\stm32f4xx_gpio.o
                0x08000dcc                GPIO_ResetBits
 .text.SPI_Init
                0x08000de8       0x88 ..\obj\stm32f4xx_spi.o
                0x08000de8                SPI_Init
 .text.SPI_StructInit
                0x08000e70       0x48 ..\obj\stm32f4xx_spi.o
                0x08000e70                SPI_StructInit
 .text.TM_GPIO_Init
                0x08000eb8       0x38 ..\obj\tm_stm32f4_gpio.o
                0x08000eb8                TM_GPIO_Init
 .text.TM_GPIO_InitAlternate
                0x08000ef0       0x98 ..\obj\tm_stm32f4_gpio.o
                0x08000ef0                TM_GPIO_InitAlternate
 .text.TM_GPIO_GetPortSource
                0x08000f88       0x24 ..\obj\tm_stm32f4_gpio.o
                0x08000f88                TM_GPIO_GetPortSource
 .text.TM_GPIO_INT_EnableClock
                0x08000fac       0x2c ..\obj\tm_stm32f4_gpio.o
                0x08000fac                TM_GPIO_INT_EnableClock
 .text.TM_GPIO_INT_Init
                0x08000fd8       0xfc ..\obj\tm_stm32f4_gpio.o
                0x08000fd8                TM_GPIO_INT_Init
 *(.glue_7t)
 .glue_7t       0x00000000        0x0 linker stubs
 *(.glue_7)
 .glue_7        0x00000000        0x0 linker stubs
 *(.rodata .rodata* .gnu.linkonce.r.*)

.vfp11_veneer   0x080010d4        0x0
 .vfp11_veneer  0x00000000        0x0 linker stubs

.v4_bx          0x080010d4        0x0
 .v4_bx         0x00000000        0x0 linker stubs

.iplt           0x080010d4        0x0
 .iplt          0x00000000        0x0 ..\obj\tm_stm32f4_nrf24l01.o

.rel.dyn        0x080010d4        0x0
 .rel.iplt      0x00000000        0x0 ..\obj\tm_stm32f4_nrf24l01.o

.ARM.extab
 *(.ARM.extab* .gnu.linkonce.armextab.*)
                0x080010d4                __exidx_start = .

.ARM.exidx
 *(.ARM.exidx* .gnu.linkonce.armexidx.*)
                0x080010d4                __exidx_end = .
                0x080010d4                . = ALIGN (0x4)
                0x080010d4                _etext = .
                0x080010d4                _sidata = .

.data           0x20000000       0x10 load address 0x080010d4
                0x20000000                _sdata = .
 *(.data .data.*)
 .data          0x20000000       0x10 ..\obj\main.o
                0x20000000                MyAddress
                0x20000008                TxAddress
                0x20000010                . = ALIGN (0x4)
                0x20000010                _edata = .

.igot.plt       0x20000010        0x0 load address 0x080010e4
 .igot.plt      0x00000000        0x0 ..\obj\tm_stm32f4_nrf24l01.o

.bss            0x20000010       0x48 load address 0x080010e4
                0x20000010                _sbss = .
 *(.bss .bss.*)
 .bss           0x20000010        0x4 ..\obj\tm_stm32f4_nrf24l01.o
 .bss           0x20000014       0x18 ..\obj\tm_stm32f4_gpio.o
 *(COMMON)
 COMMON         0x2000002c       0x2c ..\obj\main.o
                0x2000002c                j
                0x20000030                i
                0x20000034                transmissionStatus
                0x20000038                data
                0x20000058                . = ALIGN (0x4)
                0x20000058                _ebss = .

.co_stack       0x20000058      0x800 load address 0x0800112c
                0x20000058                . = ALIGN (0x8)
 *(.co_stack .co_stack.*)
 .co_stack      0x20000058      0x800 ..\obj\startup_stm32f4xx.o
                0x20000058                pulStack
                0x20000858                . = ALIGN (0x4)
                0x20000858                _end = .
LOAD ..\obj\tm_stm32f4_nrf24l01.o
LOAD ..\obj\startup_stm32f4xx.o
LOAD ..\obj\main.o
LOAD ..\obj\stm32f4xx_rcc.o
LOAD ..\obj\tm_stm32f4_spi.o
LOAD ..\obj\stm32f4xx_gpio.o
LOAD ..\obj\system_stm32f4xx.o
LOAD ..\obj\stm32f4xx_spi.o
LOAD ..\obj\tm_stm32f4_gpio.o
START GROUP
LOAD c:/users/vibhuti singhania/desktop/stm32f-krssg/gcc-arm-none-eabi/bin/../lib/gcc/arm-none-eabi/4.8.3/armv7e-m\libgcc.a
LOAD c:/users/vibhuti singhania/desktop/stm32f-krssg/gcc-arm-none-eabi/bin/../lib/gcc/arm-none-eabi/4.8.3/../../../../arm-none-eabi/lib/armv7e-m\libg.a
LOAD c:/users/vibhuti singhania/desktop/stm32f-krssg/gcc-arm-none-eabi/bin/../lib/gcc/arm-none-eabi/4.8.3/../../../../arm-none-eabi/lib/armv7e-m\libc.a
END GROUP
OUTPUT(nRF transmit.elf elf32-littlearm)

.debug_info     0x00000000     0x3be8
 .debug_info    0x00000000      0x82f ..\obj\tm_stm32f4_nrf24l01.o
 .debug_info    0x0000082f       0xed ..\obj\startup_stm32f4xx.o
 .debug_info    0x0000091c      0x3b8 ..\obj\main.o
 .debug_info    0x00000cd4      0xc21 ..\obj\stm32f4xx_rcc.o
 .debug_info    0x000018f5      0xa51 ..\obj\tm_stm32f4_spi.o
 .debug_info    0x00002346      0x5d6 ..\obj\stm32f4xx_gpio.o
 .debug_info    0x0000291c      0xadb ..\obj\stm32f4xx_spi.o
 .debug_info    0x000033f7      0x7f1 ..\obj\tm_stm32f4_gpio.o

.debug_abbrev   0x00000000      0xc17
 .debug_abbrev  0x00000000      0x1e2 ..\obj\tm_stm32f4_nrf24l01.o
 .debug_abbrev  0x000001e2       0xb0 ..\obj\startup_stm32f4xx.o
 .debug_abbrev  0x00000292      0x165 ..\obj\main.o
 .debug_abbrev  0x000003f7      0x1e3 ..\obj\stm32f4xx_rcc.o
 .debug_abbrev  0x000005da      0x1e4 ..\obj\tm_stm32f4_spi.o
 .debug_abbrev  0x000007be      0x1a3 ..\obj\stm32f4xx_gpio.o
 .debug_abbrev  0x00000961      0x167 ..\obj\stm32f4xx_spi.o
 .debug_abbrev  0x00000ac8      0x14f ..\obj\tm_stm32f4_gpio.o

.debug_aranges  0x00000000      0x550
 .debug_aranges
                0x00000000       0xd8 ..\obj\tm_stm32f4_nrf24l01.o
 .debug_aranges
                0x000000d8       0x28 ..\obj\startup_stm32f4xx.o
 .debug_aranges
                0x00000100       0x40 ..\obj\main.o
 .debug_aranges
                0x00000140      0x178 ..\obj\stm32f4xx_rcc.o
 .debug_aranges
                0x000002b8       0x98 ..\obj\tm_stm32f4_spi.o
 .debug_aranges
                0x00000350       0x88 ..\obj\stm32f4xx_gpio.o
 .debug_aranges
                0x000003d8       0xe0 ..\obj\stm32f4xx_spi.o
 .debug_aranges
                0x000004b8       0x98 ..\obj\tm_stm32f4_gpio.o

.debug_ranges   0x00000000      0x4d0
 .debug_ranges  0x00000000       0xc8 ..\obj\tm_stm32f4_nrf24l01.o
 .debug_ranges  0x000000c8       0x18 ..\obj\startup_stm32f4xx.o
 .debug_ranges  0x000000e0       0x30 ..\obj\main.o
 .debug_ranges  0x00000110      0x168 ..\obj\stm32f4xx_rcc.o
 .debug_ranges  0x00000278       0x88 ..\obj\tm_stm32f4_spi.o
 .debug_ranges  0x00000300       0x78 ..\obj\stm32f4xx_gpio.o
 .debug_ranges  0x00000378       0xd0 ..\obj\stm32f4xx_spi.o
 .debug_ranges  0x00000448       0x88 ..\obj\tm_stm32f4_gpio.o

.debug_line     0x00000000     0x1ac2
 .debug_line    0x00000000      0x45b ..\obj\tm_stm32f4_nrf24l01.o
 .debug_line    0x0000045b       0xa0 ..\obj\startup_stm32f4xx.o
 .debug_line    0x000004fb      0x245 ..\obj\main.o
 .debug_line    0x00000740      0x543 ..\obj\stm32f4xx_rcc.o
 .debug_line    0x00000c83      0x45d ..\obj\tm_stm32f4_spi.o
 .debug_line    0x000010e0      0x2e8 ..\obj\stm32f4xx_gpio.o
 .debug_line    0x000013c8      0x3fb ..\obj\stm32f4xx_spi.o
 .debug_line    0x000017c3      0x2ff ..\obj\tm_stm32f4_gpio.o

.debug_str      0x00000000     0x18db
 .debug_str     0x00000000      0x743 ..\obj\tm_stm32f4_nrf24l01.o
                                0x79b (size before relaxing)
 .debug_str     0x00000743       0xaf ..\obj\startup_stm32f4xx.o
                                0x146 (size before relaxing)
 .debug_str     0x000007f2      0x156 ..\obj\main.o
                                0x4a3 (size before relaxing)
 .debug_str     0x00000948      0x65e ..\obj\stm32f4xx_rcc.o
                                0x825 (size before relaxing)
 .debug_str     0x00000fa6      0x2f8 ..\obj\tm_stm32f4_spi.o
                                0x71c (size before relaxing)
 .debug_str     0x0000129e      0x17a ..\obj\stm32f4xx_gpio.o
                                0x478 (size before relaxing)
 .debug_str     0x00001418      0x2ec ..\obj\stm32f4xx_spi.o
                                0x65f (size before relaxing)
 .debug_str     0x00001704      0x1d7 ..\obj\tm_stm32f4_gpio.o
                                0x574 (size before relaxing)

.comment        0x00000000       0x70
 .comment       0x00000000       0x70 ..\obj\tm_stm32f4_nrf24l01.o
                                 0x71 (size before relaxing)
 .comment       0x00000000       0x71 ..\obj\startup_stm32f4xx.o
 .comment       0x00000000       0x71 ..\obj\main.o
 .comment       0x00000000       0x71 ..\obj\stm32f4xx_rcc.o
 .comment       0x00000000       0x71 ..\obj\tm_stm32f4_spi.o
 .comment       0x00000000       0x71 ..\obj\stm32f4xx_gpio.o
 .comment       0x00000000       0x71 ..\obj\stm32f4xx_spi.o
 .comment       0x00000000       0x71 ..\obj\tm_stm32f4_gpio.o

.ARM.attributes
                0x00000000       0x33
 .ARM.attributes
                0x00000000       0x33 ..\obj\tm_stm32f4_nrf24l01.o
 .ARM.attributes
                0x00000033       0x33 ..\obj\startup_stm32f4xx.o
 .ARM.attributes
                0x00000066       0x33 ..\obj\main.o
 .ARM.attributes
                0x00000099       0x33 ..\obj\stm32f4xx_rcc.o
 .ARM.attributes
                0x000000cc       0x33 ..\obj\tm_stm32f4_spi.o
 .ARM.attributes
                0x000000ff       0x33 ..\obj\stm32f4xx_gpio.o
 .ARM.attributes
                0x00000132       0x33 ..\obj\stm32f4xx_spi.o
 .ARM.attributes
                0x00000165       0x33 ..\obj\tm_stm32f4_gpio.o

.debug_frame    0x00000000     0x110c
 .debug_frame   0x00000000      0x2fc ..\obj\tm_stm32f4_nrf24l01.o
 .debug_frame   0x000002fc       0x48 ..\obj\startup_stm32f4xx.o
 .debug_frame   0x00000344       0x9c ..\obj\main.o
 .debug_frame   0x000003e0      0x4d8 ..\obj\stm32f4xx_rcc.o
 .debug_frame   0x000008b8      0x1f0 ..\obj\tm_stm32f4_spi.o
 .debug_frame   0x00000aa8      0x19c ..\obj\stm32f4xx_gpio.o
 .debug_frame   0x00000c44      0x2d0 ..\obj\stm32f4xx_spi.o
 .debug_frame   0x00000f14      0x1f8 ..\obj\tm_stm32f4_gpio.o
