
Allocating common symbols
Common symbol       size              file

dataR               0x20              ..\obj\main.o
i                   0x4               ..\obj\main.o

Discarded input sections

 .text          0x00000000        0x0 ..\obj\tm_stm32f4_nrf24l01.o
 .data          0x00000000        0x0 ..\obj\tm_stm32f4_nrf24l01.o
 .text.TM_NRF24L01_WriteBit
                0x00000000       0x60 ..\obj\tm_stm32f4_nrf24l01.o
 .text.TM_NRF24L01_ReadBit
                0x00000000       0x38 ..\obj\tm_stm32f4_nrf24l01.o
 .text.TM_NRF24L01_ReadRegisterMulti
                0x00000000       0x48 ..\obj\tm_stm32f4_nrf24l01.o
 .text.TM_NRF24L01_PowerUpTx
                0x00000000       0x18 ..\obj\tm_stm32f4_nrf24l01.o
 .text.TM_NRF24L01_PowerDown
                0x00000000       0x1c ..\obj\tm_stm32f4_nrf24l01.o
 .text.TM_NRF24L01_Transmit
                0x00000000       0x68 ..\obj\tm_stm32f4_nrf24l01.o
 .text.TM_NRF24L01_GetTransmissionStatus
                0x00000000       0x34 ..\obj\tm_stm32f4_nrf24l01.o
 .text.TM_NRF24L01_GetRetransmissionsCount
                0x00000000       0x18 ..\obj\tm_stm32f4_nrf24l01.o
 .text          0x00000000        0x0 ..\obj\startup_stm32f4xx.o
 .data          0x00000000        0x0 ..\obj\startup_stm32f4xx.o
 .bss           0x00000000        0x0 ..\obj\startup_stm32f4xx.o
 .text          0x00000000        0x0 ..\obj\main.o
 .bss           0x00000000        0x0 ..\obj\main.o
 .text          0x00000000        0x0 ..\obj\stm32f4xx_rcc.o
 .data          0x00000000       0x10 ..\obj\stm32f4xx_rcc.o
 .bss           0x00000000        0x0 ..\obj\stm32f4xx_rcc.o
 .text.RCC_DeInit
                0x00000000       0x50 ..\obj\stm32f4xx_rcc.o
 .text.RCC_HSEConfig
                0x00000000       0x24 ..\obj\stm32f4xx_rcc.o
 .text.RCC_WaitForHSEStartUp
                0x00000000       0x50 ..\obj\stm32f4xx_rcc.o
 .text.RCC_AdjustHSICalibrationValue
                0x00000000       0x3c ..\obj\stm32f4xx_rcc.o
 .text.RCC_HSICmd
                0x00000000       0x20 ..\obj\stm32f4xx_rcc.o
 .text.RCC_LSEConfig
                0x00000000       0x40 ..\obj\stm32f4xx_rcc.o
 .text.RCC_LSICmd
                0x00000000       0x20 ..\obj\stm32f4xx_rcc.o
 .text.RCC_PLLConfig
                0x00000000       0x3c ..\obj\stm32f4xx_rcc.o
 .text.RCC_PLLCmd
                0x00000000       0x20 ..\obj\stm32f4xx_rcc.o
 .text.RCC_PLLI2SConfig
                0x00000000       0x28 ..\obj\stm32f4xx_rcc.o
 .text.RCC_PLLI2SCmd
                0x00000000       0x20 ..\obj\stm32f4xx_rcc.o
 .text.RCC_ClockSecuritySystemCmd
                0x00000000       0x20 ..\obj\stm32f4xx_rcc.o
 .text.RCC_MCO1Config
                0x00000000       0x3c ..\obj\stm32f4xx_rcc.o
 .text.RCC_MCO2Config
                0x00000000       0x3c ..\obj\stm32f4xx_rcc.o
 .text.RCC_SYSCLKConfig
                0x00000000       0x38 ..\obj\stm32f4xx_rcc.o
 .text.RCC_GetSYSCLKSource
                0x00000000       0x20 ..\obj\stm32f4xx_rcc.o
 .text.RCC_HCLKConfig
                0x00000000       0x38 ..\obj\stm32f4xx_rcc.o
 .text.RCC_PCLK1Config
                0x00000000       0x38 ..\obj\stm32f4xx_rcc.o
 .text.RCC_PCLK2Config
                0x00000000       0x38 ..\obj\stm32f4xx_rcc.o
 .text.RCC_GetClocksFreq
                0x00000000      0x154 ..\obj\stm32f4xx_rcc.o
 .text.RCC_RTCCLKConfig
                0x00000000       0x5c ..\obj\stm32f4xx_rcc.o
 .text.RCC_RTCCLKCmd
                0x00000000       0x20 ..\obj\stm32f4xx_rcc.o
 .text.RCC_BackupResetCmd
                0x00000000       0x20 ..\obj\stm32f4xx_rcc.o
 .text.RCC_I2SCLKConfig
                0x00000000       0x1c ..\obj\stm32f4xx_rcc.o
 .text.RCC_AHB2PeriphClockCmd
                0x00000000       0x3c ..\obj\stm32f4xx_rcc.o
 .text.RCC_AHB3PeriphClockCmd
                0x00000000       0x3c ..\obj\stm32f4xx_rcc.o
 .text.RCC_APB1PeriphClockCmd
                0x00000000       0x3c ..\obj\stm32f4xx_rcc.o
 .text.RCC_APB2PeriphClockCmd
                0x00000000       0x3c ..\obj\stm32f4xx_rcc.o
 .text.RCC_AHB1PeriphResetCmd
                0x00000000       0x3c ..\obj\stm32f4xx_rcc.o
 .text.RCC_AHB2PeriphResetCmd
                0x00000000       0x3c ..\obj\stm32f4xx_rcc.o
 .text.RCC_AHB3PeriphResetCmd
                0x00000000       0x3c ..\obj\stm32f4xx_rcc.o
 .text.RCC_APB1PeriphResetCmd
                0x00000000       0x3c ..\obj\stm32f4xx_rcc.o
 .text.RCC_APB2PeriphResetCmd
                0x00000000       0x3c ..\obj\stm32f4xx_rcc.o
 .text.RCC_AHB1PeriphClockLPModeCmd
                0x00000000       0x3c ..\obj\stm32f4xx_rcc.o
 .text.RCC_AHB2PeriphClockLPModeCmd
                0x00000000       0x3c ..\obj\stm32f4xx_rcc.o
 .text.RCC_AHB3PeriphClockLPModeCmd
                0x00000000       0x3c ..\obj\stm32f4xx_rcc.o
 .text.RCC_APB1PeriphClockLPModeCmd
                0x00000000       0x3c ..\obj\stm32f4xx_rcc.o
 .text.RCC_APB2PeriphClockLPModeCmd
                0x00000000       0x3c ..\obj\stm32f4xx_rcc.o
 .text.RCC_ITConfig
                0x00000000       0x48 ..\obj\stm32f4xx_rcc.o
 .text.RCC_GetFlagStatus
                0x00000000       0x74 ..\obj\stm32f4xx_rcc.o
 .text.RCC_ClearFlag
                0x00000000       0x1c ..\obj\stm32f4xx_rcc.o
 .text.RCC_GetITStatus
                0x00000000       0x38 ..\obj\stm32f4xx_rcc.o
 .text.RCC_ClearITPendingBit
                0x00000000       0x20 ..\obj\stm32f4xx_rcc.o
 .text          0x00000000        0x0 ..\obj\tm_stm32f4_spi.o
 .data          0x00000000        0x0 ..\obj\tm_stm32f4_spi.o
 .bss           0x00000000        0x0 ..\obj\tm_stm32f4_spi.o
 .text.TM_SPI_InitWithMode
                0x00000000       0x88 ..\obj\tm_stm32f4_spi.o
 .text.TM_SPI_InitFull
                0x00000000       0x74 ..\obj\tm_stm32f4_spi.o
 .text.TM_SPI_GetPrescalerFromMaxFrequency
                0x00000000       0x68 ..\obj\tm_stm32f4_spi.o
 .text.TM_SPI_SetDataSize
                0x00000000       0x78 ..\obj\tm_stm32f4_spi.o
 .text.TM_SPI_ReadMulti
                0x00000000       0x94 ..\obj\tm_stm32f4_spi.o
 .text.TM_SPI_SendMulti16
                0x00000000       0x98 ..\obj\tm_stm32f4_spi.o
 .text.TM_SPI_WriteMulti16
                0x00000000       0x88 ..\obj\tm_stm32f4_spi.o
 .text.TM_SPI_ReadMulti16
                0x00000000       0x90 ..\obj\tm_stm32f4_spi.o
 .text          0x00000000        0x0 ..\obj\stm32f4xx_gpio.o
 .data          0x00000000        0x0 ..\obj\stm32f4xx_gpio.o
 .bss           0x00000000        0x0 ..\obj\stm32f4xx_gpio.o
 .text.GPIO_DeInit
                0x00000000      0x120 ..\obj\stm32f4xx_gpio.o
 .text.GPIO_StructInit
                0x00000000       0x34 ..\obj\stm32f4xx_gpio.o
 .text.GPIO_PinLockConfig
                0x00000000       0x44 ..\obj\stm32f4xx_gpio.o
 .text.GPIO_ReadInputDataBit
                0x00000000       0x34 ..\obj\stm32f4xx_gpio.o
 .text.GPIO_ReadInputData
                0x00000000       0x1c ..\obj\stm32f4xx_gpio.o
 .text.GPIO_ReadOutputDataBit
                0x00000000       0x34 ..\obj\stm32f4xx_gpio.o
 .text.GPIO_ReadOutputData
                0x00000000       0x1c ..\obj\stm32f4xx_gpio.o
 .text.GPIO_ResetBits
                0x00000000       0x1c ..\obj\stm32f4xx_gpio.o
 .text.GPIO_WriteBit
                0x00000000       0x30 ..\obj\stm32f4xx_gpio.o
 .text.GPIO_Write
                0x00000000       0x1c ..\obj\stm32f4xx_gpio.o
 .text.GPIO_ToggleBits
                0x00000000       0x24 ..\obj\stm32f4xx_gpio.o
 .text.GPIO_PinAFConfig
                0x00000000       0x8c ..\obj\stm32f4xx_gpio.o
 .text          0x00000000        0x0 ..\obj\system_stm32f4xx.o
 .data          0x00000000       0x14 ..\obj\system_stm32f4xx.o
 .bss           0x00000000        0x0 ..\obj\system_stm32f4xx.o
 .text.SystemInit
                0x00000000       0x58 ..\obj\system_stm32f4xx.o
 .text.SystemCoreClockUpdate
                0x00000000       0xf8 ..\obj\system_stm32f4xx.o
 .text.SetSysClock
                0x00000000       0xf4 ..\obj\system_stm32f4xx.o
 .debug_info    0x00000000      0x566 ..\obj\system_stm32f4xx.o
 .debug_abbrev  0x00000000      0x136 ..\obj\system_stm32f4xx.o
 .debug_aranges
                0x00000000       0x30 ..\obj\system_stm32f4xx.o
 .debug_ranges  0x00000000       0x20 ..\obj\system_stm32f4xx.o
 .debug_line    0x00000000      0x190 ..\obj\system_stm32f4xx.o
 .debug_str     0x00000000      0x37e ..\obj\system_stm32f4xx.o
 .comment       0x00000000       0x71 ..\obj\system_stm32f4xx.o
 .ARM.attributes
                0x00000000       0x33 ..\obj\system_stm32f4xx.o
 .debug_frame   0x00000000       0x64 ..\obj\system_stm32f4xx.o
 .text          0x00000000        0x0 ..\obj\stm32f4xx_spi.o
 .data          0x00000000        0x0 ..\obj\stm32f4xx_spi.o
 .bss           0x00000000        0x0 ..\obj\stm32f4xx_spi.o
 .text.SPI_I2S_DeInit
                0x00000000       0x74 ..\obj\stm32f4xx_spi.o
 .text.I2S_Init
                0x00000000      0x1b0 ..\obj\stm32f4xx_spi.o
 .text.I2S_StructInit
                0x00000000       0x38 ..\obj\stm32f4xx_spi.o
 .text.SPI_Cmd  0x00000000       0x40 ..\obj\stm32f4xx_spi.o
 .text.I2S_Cmd  0x00000000       0x40 ..\obj\stm32f4xx_spi.o
 .text.SPI_DataSizeConfig
                0x00000000       0x38 ..\obj\stm32f4xx_spi.o
 .text.SPI_BiDirectionalLineConfig
                0x00000000       0x40 ..\obj\stm32f4xx_spi.o
 .text.SPI_NSSInternalSoftwareConfig
                0x00000000       0x44 ..\obj\stm32f4xx_spi.o
 .text.SPI_SSOutputCmd
                0x00000000       0x40 ..\obj\stm32f4xx_spi.o
 .text.SPI_TIModeCmd
                0x00000000       0x40 ..\obj\stm32f4xx_spi.o
 .text.I2S_FullDuplexConfig
                0x00000000       0x9c ..\obj\stm32f4xx_spi.o
 .text.SPI_I2S_ReceiveData
                0x00000000       0x1c ..\obj\stm32f4xx_spi.o
 .text.SPI_I2S_SendData
                0x00000000       0x1c ..\obj\stm32f4xx_spi.o
 .text.SPI_CalculateCRC
                0x00000000       0x40 ..\obj\stm32f4xx_spi.o
 .text.SPI_TransmitCRC
                0x00000000       0x24 ..\obj\stm32f4xx_spi.o
 .text.SPI_GetCRC
                0x00000000       0x34 ..\obj\stm32f4xx_spi.o
 .text.SPI_GetCRCPolynomial
                0x00000000       0x1c ..\obj\stm32f4xx_spi.o
 .text.SPI_I2S_DMACmd
                0x00000000       0x48 ..\obj\stm32f4xx_spi.o
 .text.SPI_I2S_ITConfig
                0x00000000       0x60 ..\obj\stm32f4xx_spi.o
 .text.SPI_I2S_GetFlagStatus
                0x00000000       0x38 ..\obj\stm32f4xx_spi.o
 .text.SPI_I2S_ClearFlag
                0x00000000       0x20 ..\obj\stm32f4xx_spi.o
 .text.SPI_I2S_GetITStatus
                0x00000000       0x78 ..\obj\stm32f4xx_spi.o
 .text.SPI_I2S_ClearITPendingBit
                0x00000000       0x34 ..\obj\stm32f4xx_spi.o
 .text          0x00000000        0x0 ..\obj\tm_stm32f4_gpio.o
 .data          0x00000000        0x0 ..\obj\tm_stm32f4_gpio.o
 .text.TM_GPIO_DeInit
                0x00000000       0x7c ..\obj\tm_stm32f4_gpio.o
 .text.TM_GPIO_SetPinAsInput
                0x00000000       0x50 ..\obj\tm_stm32f4_gpio.o
 .text.TM_GPIO_SetPinAsOutput
                0x00000000       0x5c ..\obj\tm_stm32f4_gpio.o
 .text.TM_GPIO_SetPinAsAnalog
                0x00000000       0x4c ..\obj\tm_stm32f4_gpio.o
 .text.TM_GPIO_SetPinAsAlternate
                0x00000000       0x5c ..\obj\tm_stm32f4_gpio.o
 .text.TM_GPIO_SetPullResistor
                0x00000000       0x60 ..\obj\tm_stm32f4_gpio.o
 .text.TM_GPIO_Lock
                0x00000000       0x38 ..\obj\tm_stm32f4_gpio.o
 .text.TM_GPIO_GetPinSource
                0x00000000       0x30 ..\obj\tm_stm32f4_gpio.o
 .text.TM_GPIO_INT_DisableClock
                0x00000000       0x2c ..\obj\tm_stm32f4_gpio.o
 .text.TM_GPIO_GetUsedPins
                0x00000000       0x24 ..\obj\tm_stm32f4_gpio.o
 .text.TM_GPIO_GetFreePins
                0x00000000       0x28 ..\obj\tm_stm32f4_gpio.o

Memory Configuration

Name             Origin             Length             Attributes
rom              0x08000000         0x00100000         xr
ram              0x20000000         0x00020000         xrw
ram1             0x10000000         0x00010000         xrw
*default*        0x00000000         0xffffffff

Linker script and memory map

                0x20020000                _eram = 0x20020000

.text           0x08000000     0x10e8
 *(.isr_vector .isr_vector.*)
 .isr_vector    0x08000000      0x188 ..\obj\startup_stm32f4xx.o
                0x08000000                g_pfnVectors
 *(.text .text.* .gnu.linkonce.t.*)
 .text.TM_SPI_Send
                0x08000188       0x78 ..\obj\tm_stm32f4_nrf24l01.o
 .text.TM_NRF24L01_InitPins
                0x08000200       0x48 ..\obj\tm_stm32f4_nrf24l01.o
                0x08000200                TM_NRF24L01_InitPins
 .text.TM_NRF24L01_Init
                0x08000248      0x120 ..\obj\tm_stm32f4_nrf24l01.o
                0x08000248                TM_NRF24L01_Init
 .text.TM_NRF24L01_SetMyAddress
                0x08000368       0x2c ..\obj\tm_stm32f4_nrf24l01.o
                0x08000368                TM_NRF24L01_SetMyAddress
 .text.TM_NRF24L01_SetTxAddress
                0x08000394       0x24 ..\obj\tm_stm32f4_nrf24l01.o
                0x08000394                TM_NRF24L01_SetTxAddress
 .text.TM_NRF24L01_ReadRegister
                0x080003b8       0x44 ..\obj\tm_stm32f4_nrf24l01.o
                0x080003b8                TM_NRF24L01_ReadRegister
 .text.TM_NRF24L01_WriteRegister
                0x080003fc       0x48 ..\obj\tm_stm32f4_nrf24l01.o
                0x080003fc                TM_NRF24L01_WriteRegister
 .text.TM_NRF24L01_WriteRegisterMulti
                0x08000444       0x4c ..\obj\tm_stm32f4_nrf24l01.o
                0x08000444                TM_NRF24L01_WriteRegisterMulti
 .text.TM_NRF24L01_PowerUpRx
                0x08000490       0x44 ..\obj\tm_stm32f4_nrf24l01.o
                0x08000490                TM_NRF24L01_PowerUpRx
 .text.TM_NRF24L01_GetData
                0x080004d4       0x44 ..\obj\tm_stm32f4_nrf24l01.o
                0x080004d4                TM_NRF24L01_GetData
 .text.TM_NRF24L01_DataReady
                0x08000518       0x34 ..\obj\tm_stm32f4_nrf24l01.o
                0x08000518                TM_NRF24L01_DataReady
 .text.TM_NRF24L01_RxFifoEmpty
                0x0800054c       0x20 ..\obj\tm_stm32f4_nrf24l01.o
                0x0800054c                TM_NRF24L01_RxFifoEmpty
 .text.TM_NRF24L01_GetStatus
                0x0800056c       0x30 ..\obj\tm_stm32f4_nrf24l01.o
                0x0800056c                TM_NRF24L01_GetStatus
 .text.TM_NRF24L01_SoftwareReset
                0x0800059c      0x124 ..\obj\tm_stm32f4_nrf24l01.o
                0x0800059c                TM_NRF24L01_SoftwareReset
 .text.TM_NRF24L01_SetChannel
                0x080006c0       0x34 ..\obj\tm_stm32f4_nrf24l01.o
                0x080006c0                TM_NRF24L01_SetChannel
 .text.TM_NRF24L01_SetRF
                0x080006f4       0x80 ..\obj\tm_stm32f4_nrf24l01.o
                0x080006f4                TM_NRF24L01_SetRF
 .text.Default_Reset_Handler
                0x08000774       0x5c ..\obj\startup_stm32f4xx.o
                0x08000774                Default_Reset_Handler
                0x08000774                Reset_Handler
 .text.Default_Handler
                0x080007d0        0x8 ..\obj\startup_stm32f4xx.o
                0x080007d0                RTC_Alarm_IRQHandler
                0x080007d0                HASH_RNG_IRQHandler
                0x080007d0                EXTI2_IRQHandler
                0x080007d0                TIM8_CC_IRQHandler
                0x080007d0                DebugMon_Handler
                0x080007d0                TIM1_CC_IRQHandler
                0x080007d0                DMA2_Stream5_IRQHandler
                0x080007d0                HardFault_Handler
                0x080007d0                DMA1_Stream5_IRQHandler
                0x080007d0                SysTick_Handler
                0x080007d0                PVD_IRQHandler
                0x080007d0                SDIO_IRQHandler
                0x080007d0                TAMP_STAMP_IRQHandler
                0x080007d0                PendSV_Handler
                0x080007d0                NMI_Handler
                0x080007d0                CAN2_RX1_IRQHandler
                0x080007d0                EXTI3_IRQHandler
                0x080007d0                TIM8_TRG_COM_TIM14_IRQHandler
                0x080007d0                TIM1_UP_TIM10_IRQHandler
                0x080007d0                TIM8_UP_TIM13_IRQHandler
                0x080007d0                I2C3_ER_IRQHandler
                0x080007d0                EXTI0_IRQHandler
                0x080007d0                I2C2_EV_IRQHandler
                0x080007d0                DMA1_Stream2_IRQHandler
                0x080007d0                CAN1_RX0_IRQHandler
                0x080007d0                FPU_IRQHandler
                0x080007d0                OTG_HS_WKUP_IRQHandler
                0x080007d0                UsageFault_Handler
                0x080007d0                CAN2_SCE_IRQHandler
                0x080007d0                DMA2_Stream2_IRQHandler
                0x080007d0                SPI1_IRQHandler
                0x080007d0                TIM6_DAC_IRQHandler
                0x080007d0                TIM1_BRK_TIM9_IRQHandler
                0x080007d0                DCMI_IRQHandler
                0x080007d0                CAN2_RX0_IRQHandler
                0x080007d0                DMA2_Stream3_IRQHandler
                0x080007d0                USART6_IRQHandler
                0x080007d0                USART3_IRQHandler
                0x080007d0                CRYP_IRQHandler
                0x080007d0                CAN1_RX1_IRQHandler
                0x080007d0                UART5_IRQHandler
                0x080007d0                DMA2_Stream0_IRQHandler
                0x080007d0                TIM4_IRQHandler
                0x080007d0                I2C1_EV_IRQHandler
                0x080007d0                DMA1_Stream6_IRQHandler
                0x080007d0                DMA1_Stream1_IRQHandler
                0x080007d0                UART4_IRQHandler
                0x080007d0                TIM3_IRQHandler
                0x080007d0                RCC_IRQHandler
                0x080007d0                TIM8_BRK_TIM12_IRQHandler
                0x080007d0                EXTI15_10_IRQHandler
                0x080007d0                ADC_IRQHandler
                0x080007d0                DMA1_Stream7_IRQHandler
                0x080007d0                TIM7_IRQHandler
                0x080007d0                CAN2_TX_IRQHandler
                0x080007d0                TIM5_IRQHandler
                0x080007d0                DMA2_Stream7_IRQHandler
                0x080007d0                I2C3_EV_IRQHandler
                0x080007d0                EXTI9_5_IRQHandler
                0x080007d0                RTC_WKUP_IRQHandler
                0x080007d0                ETH_WKUP_IRQHandler
                0x080007d0                SPI2_IRQHandler
                0x080007d0                OTG_HS_EP1_IN_IRQHandler
                0x080007d0                MemManage_Handler
                0x080007d0                DMA1_Stream0_IRQHandler
                0x080007d0                CAN1_TX_IRQHandler
                0x080007d0                SVC_Handler
                0x080007d0                EXTI4_IRQHandler
                0x080007d0                FSMC_IRQHandler
                0x080007d0                ETH_IRQHandler
                0x080007d0                OTG_HS_EP1_OUT_IRQHandler
                0x080007d0                WWDG_IRQHandler
                0x080007d0                TIM2_IRQHandler
                0x080007d0                OTG_FS_WKUP_IRQHandler
                0x080007d0                TIM1_TRG_COM_TIM11_IRQHandler
                0x080007d0                OTG_HS_IRQHandler
                0x080007d0                EXTI1_IRQHandler
                0x080007d0                USART2_IRQHandler
                0x080007d0                I2C2_ER_IRQHandler
                0x080007d0                DMA2_Stream1_IRQHandler
                0x080007d0                CAN1_SCE_IRQHandler
                0x080007d0                FLASH_IRQHandler
                0x080007d0                DMA2_Stream4_IRQHandler
                0x080007d0                BusFault_Handler
                0x080007d0                USART1_IRQHandler
                0x080007d0                OTG_FS_IRQHandler
                0x080007d0                SPI3_IRQHandler
                0x080007d0                DMA1_Stream4_IRQHandler
                0x080007d0                I2C1_ER_IRQHandler
                0x080007d0                DMA2_Stream6_IRQHandler
                0x080007d0                DMA1_Stream3_IRQHandler
 .text.InitializeGPIO
                0x080007d8       0x38 ..\obj\main.o
                0x080007d8                InitializeGPIO
 .text.Receive  0x08000810       0x2c ..\obj\main.o
                0x08000810                Receive
 .text.main     0x0800083c       0x30 ..\obj\main.o
                0x0800083c                main
 .text.RCC_AHB1PeriphClockCmd
                0x0800086c       0x3c ..\obj\stm32f4xx_rcc.o
                0x0800086c                RCC_AHB1PeriphClockCmd
 .text.TM_SPI_Init
                0x080008a8       0x80 ..\obj\tm_stm32f4_spi.o
                0x080008a8                TM_SPI_Init
 .text.TM_SPI_SendMulti
                0x08000928       0x98 ..\obj\tm_stm32f4_spi.o
                0x08000928                TM_SPI_SendMulti
 .text.TM_SPI_WriteMulti
                0x080009c0       0x88 ..\obj\tm_stm32f4_spi.o
                0x080009c0                TM_SPI_WriteMulti
 .text.TM_SPI_InitCustomPinsCallback
                0x08000a48       0x18 ..\obj\tm_stm32f4_spi.o
                0x08000a48                TM_SPI_InitCustomPinsCallback
 .text.TM_SPIx_Init
                0x08000a60      0x110 ..\obj\tm_stm32f4_spi.o
 .text.TM_SPI1_INT_InitPins
                0x08000b70       0x60 ..\obj\tm_stm32f4_spi.o
                0x08000b70                TM_SPI1_INT_InitPins
 .text.TM_SPI2_INT_InitPins
                0x08000bd0       0x94 ..\obj\tm_stm32f4_spi.o
                0x08000bd0                TM_SPI2_INT_InitPins
 .text.TM_SPI3_INT_InitPins
                0x08000c64       0x60 ..\obj\tm_stm32f4_spi.o
                0x08000c64                TM_SPI3_INT_InitPins
 .text.GPIO_Init
                0x08000cc4      0x11c ..\obj\stm32f4xx_gpio.o
                0x08000cc4                GPIO_Init
 .text.GPIO_SetBits
                0x08000de0       0x1c ..\obj\stm32f4xx_gpio.o
                0x08000de0                GPIO_SetBits
 .text.SPI_Init
                0x08000dfc       0x88 ..\obj\stm32f4xx_spi.o
                0x08000dfc                SPI_Init
 .text.SPI_StructInit
                0x08000e84       0x48 ..\obj\stm32f4xx_spi.o
                0x08000e84                SPI_StructInit
 .text.TM_GPIO_Init
                0x08000ecc       0x38 ..\obj\tm_stm32f4_gpio.o
                0x08000ecc                TM_GPIO_Init
 .text.TM_GPIO_InitAlternate
                0x08000f04       0x98 ..\obj\tm_stm32f4_gpio.o
                0x08000f04                TM_GPIO_InitAlternate
 .text.TM_GPIO_GetPortSource
                0x08000f9c       0x24 ..\obj\tm_stm32f4_gpio.o
                0x08000f9c                TM_GPIO_GetPortSource
 .text.TM_GPIO_INT_EnableClock
                0x08000fc0       0x2c ..\obj\tm_stm32f4_gpio.o
                0x08000fc0                TM_GPIO_INT_EnableClock
 .text.TM_GPIO_INT_Init
                0x08000fec       0xfc ..\obj\tm_stm32f4_gpio.o
                0x08000fec                TM_GPIO_INT_Init
 *(.glue_7t)
 .glue_7t       0x00000000        0x0 linker stubs
 *(.glue_7)
 .glue_7        0x00000000        0x0 linker stubs
 *(.rodata .rodata* .gnu.linkonce.r.*)

.vfp11_veneer   0x080010e8        0x0
 .vfp11_veneer  0x00000000        0x0 linker stubs

.v4_bx          0x080010e8        0x0
 .v4_bx         0x00000000        0x0 linker stubs

.iplt           0x080010e8        0x0
 .iplt          0x00000000        0x0 ..\obj\tm_stm32f4_nrf24l01.o

.rel.dyn        0x080010e8        0x0
 .rel.iplt      0x00000000        0x0 ..\obj\tm_stm32f4_nrf24l01.o

.ARM.extab
 *(.ARM.extab* .gnu.linkonce.armextab.*)
                0x080010e8                __exidx_start = .

.ARM.exidx
 *(.ARM.exidx* .gnu.linkonce.armexidx.*)
                0x080010e8                __exidx_end = .
                0x080010e8                . = ALIGN (0x4)
                0x080010e8                _etext = .
                0x080010e8                _sidata = .

.data           0x20000000       0x10 load address 0x080010e8
                0x20000000                _sdata = .
 *(.data .data.*)
 .data          0x20000000       0x10 ..\obj\main.o
                0x20000000                TxAddress
                0x20000008                MyAddress
                0x20000010                . = ALIGN (0x4)
                0x20000010                _edata = .

.igot.plt       0x20000010        0x0 load address 0x080010f8
 .igot.plt      0x00000000        0x0 ..\obj\tm_stm32f4_nrf24l01.o

.bss            0x20000010       0x40 load address 0x080010f8
                0x20000010                _sbss = .
 *(.bss .bss.*)
 .bss           0x20000010        0x4 ..\obj\tm_stm32f4_nrf24l01.o
 .bss           0x20000014       0x18 ..\obj\tm_stm32f4_gpio.o
 *(COMMON)
 COMMON         0x2000002c       0x24 ..\obj\main.o
                0x2000002c                dataR
                0x2000004c                i
                0x20000050                . = ALIGN (0x4)
                0x20000050                _ebss = .

.co_stack       0x20000050      0x800 load address 0x08001138
                0x20000050                . = ALIGN (0x8)
 *(.co_stack .co_stack.*)
 .co_stack      0x20000050      0x800 ..\obj\startup_stm32f4xx.o
                0x20000050                pulStack
                0x20000850                . = ALIGN (0x4)
                0x20000850                _end = .
LOAD ..\obj\tm_stm32f4_nrf24l01.o
LOAD ..\obj\startup_stm32f4xx.o
LOAD ..\obj\main.o
LOAD ..\obj\stm32f4xx_rcc.o
LOAD ..\obj\tm_stm32f4_spi.o
LOAD ..\obj\stm32f4xx_gpio.o
LOAD ..\obj\system_stm32f4xx.o
LOAD ..\obj\stm32f4xx_spi.o
LOAD ..\obj\tm_stm32f4_gpio.o
START GROUP
LOAD c:/users/vibhuti singhania/desktop/stm32f-krssg/gcc-arm-none-eabi/bin/../lib/gcc/arm-none-eabi/4.8.3/armv7e-m\libgcc.a
LOAD c:/users/vibhuti singhania/desktop/stm32f-krssg/gcc-arm-none-eabi/bin/../lib/gcc/arm-none-eabi/4.8.3/../../../../arm-none-eabi/lib/armv7e-m\libg.a
LOAD c:/users/vibhuti singhania/desktop/stm32f-krssg/gcc-arm-none-eabi/bin/../lib/gcc/arm-none-eabi/4.8.3/../../../../arm-none-eabi/lib/armv7e-m\libc.a
END GROUP
OUTPUT(nrf rec new.elf elf32-littlearm)

.debug_info     0x00000000     0x3b7f
 .debug_info    0x00000000      0x82f ..\obj\tm_stm32f4_nrf24l01.o
 .debug_info    0x0000082f       0xed ..\obj\startup_stm32f4xx.o
 .debug_info    0x0000091c      0x34f ..\obj\main.o
 .debug_info    0x00000c6b      0xc21 ..\obj\stm32f4xx_rcc.o
 .debug_info    0x0000188c      0xa51 ..\obj\tm_stm32f4_spi.o
 .debug_info    0x000022dd      0x5d6 ..\obj\stm32f4xx_gpio.o
 .debug_info    0x000028b3      0xadb ..\obj\stm32f4xx_spi.o
 .debug_info    0x0000338e      0x7f1 ..\obj\tm_stm32f4_gpio.o

.debug_abbrev   0x00000000      0xc01
 .debug_abbrev  0x00000000      0x1e2 ..\obj\tm_stm32f4_nrf24l01.o
 .debug_abbrev  0x000001e2       0xb0 ..\obj\startup_stm32f4xx.o
 .debug_abbrev  0x00000292      0x14f ..\obj\main.o
 .debug_abbrev  0x000003e1      0x1e3 ..\obj\stm32f4xx_rcc.o
 .debug_abbrev  0x000005c4      0x1e4 ..\obj\tm_stm32f4_spi.o
 .debug_abbrev  0x000007a8      0x1a3 ..\obj\stm32f4xx_gpio.o
 .debug_abbrev  0x0000094b      0x167 ..\obj\stm32f4xx_spi.o
 .debug_abbrev  0x00000ab2      0x14f ..\obj\tm_stm32f4_gpio.o

.debug_aranges  0x00000000      0x540
 .debug_aranges
                0x00000000       0xd8 ..\obj\tm_stm32f4_nrf24l01.o
 .debug_aranges
                0x000000d8       0x28 ..\obj\startup_stm32f4xx.o
 .debug_aranges
                0x00000100       0x30 ..\obj\main.o
 .debug_aranges
                0x00000130      0x178 ..\obj\stm32f4xx_rcc.o
 .debug_aranges
                0x000002a8       0x98 ..\obj\tm_stm32f4_spi.o
 .debug_aranges
                0x00000340       0x88 ..\obj\stm32f4xx_gpio.o
 .debug_aranges
                0x000003c8       0xe0 ..\obj\stm32f4xx_spi.o
 .debug_aranges
                0x000004a8       0x98 ..\obj\tm_stm32f4_gpio.o

.debug_ranges   0x00000000      0x4c0
 .debug_ranges  0x00000000       0xc8 ..\obj\tm_stm32f4_nrf24l01.o
 .debug_ranges  0x000000c8       0x18 ..\obj\startup_stm32f4xx.o
 .debug_ranges  0x000000e0       0x20 ..\obj\main.o
 .debug_ranges  0x00000100      0x168 ..\obj\stm32f4xx_rcc.o
 .debug_ranges  0x00000268       0x88 ..\obj\tm_stm32f4_spi.o
 .debug_ranges  0x000002f0       0x78 ..\obj\stm32f4xx_gpio.o
 .debug_ranges  0x00000368       0xd0 ..\obj\stm32f4xx_spi.o
 .debug_ranges  0x00000438       0x88 ..\obj\tm_stm32f4_gpio.o

.debug_line     0x00000000     0x1a5f
 .debug_line    0x00000000      0x458 ..\obj\tm_stm32f4_nrf24l01.o
 .debug_line    0x00000458       0x9f ..\obj\startup_stm32f4xx.o
 .debug_line    0x000004f7      0x1f7 ..\obj\main.o
 .debug_line    0x000006ee      0x53f ..\obj\stm32f4xx_rcc.o
 .debug_line    0x00000c2d      0x45a ..\obj\tm_stm32f4_spi.o
 .debug_line    0x00001087      0x2e4 ..\obj\stm32f4xx_gpio.o
 .debug_line    0x0000136b      0x3f7 ..\obj\stm32f4xx_spi.o
 .debug_line    0x00001762      0x2fd ..\obj\tm_stm32f4_gpio.o

.debug_str      0x00000000     0x18b3
 .debug_str     0x00000000      0x743 ..\obj\tm_stm32f4_nrf24l01.o
                                0x79b (size before relaxing)
 .debug_str     0x00000743       0xae ..\obj\startup_stm32f4xx.o
                                0x145 (size before relaxing)
 .debug_str     0x000007f1      0x132 ..\obj\main.o
                                0x3f8 (size before relaxing)
 .debug_str     0x00000923      0x65d ..\obj\stm32f4xx_rcc.o
                                0x824 (size before relaxing)
 .debug_str     0x00000f80      0x2f8 ..\obj\tm_stm32f4_spi.o
                                0x71c (size before relaxing)
 .debug_str     0x00001278      0x179 ..\obj\stm32f4xx_gpio.o
                                0x477 (size before relaxing)
 .debug_str     0x000013f1      0x2eb ..\obj\stm32f4xx_spi.o
                                0x65e (size before relaxing)
 .debug_str     0x000016dc      0x1d7 ..\obj\tm_stm32f4_gpio.o
                                0x574 (size before relaxing)

.comment        0x00000000       0x70
 .comment       0x00000000       0x70 ..\obj\tm_stm32f4_nrf24l01.o
                                 0x71 (size before relaxing)
 .comment       0x00000000       0x71 ..\obj\startup_stm32f4xx.o
 .comment       0x00000000       0x71 ..\obj\main.o
 .comment       0x00000000       0x71 ..\obj\stm32f4xx_rcc.o
 .comment       0x00000000       0x71 ..\obj\tm_stm32f4_spi.o
 .comment       0x00000000       0x71 ..\obj\stm32f4xx_gpio.o
 .comment       0x00000000       0x71 ..\obj\stm32f4xx_spi.o
 .comment       0x00000000       0x71 ..\obj\tm_stm32f4_gpio.o

.ARM.attributes
                0x00000000       0x33
 .ARM.attributes
                0x00000000       0x33 ..\obj\tm_stm32f4_nrf24l01.o
 .ARM.attributes
                0x00000033       0x33 ..\obj\startup_stm32f4xx.o
 .ARM.attributes
                0x00000066       0x33 ..\obj\main.o
 .ARM.attributes
                0x00000099       0x33 ..\obj\stm32f4xx_rcc.o
 .ARM.attributes
                0x000000cc       0x33 ..\obj\tm_stm32f4_spi.o
 .ARM.attributes
                0x000000ff       0x33 ..\obj\stm32f4xx_gpio.o
 .ARM.attributes
                0x00000132       0x33 ..\obj\stm32f4xx_spi.o
 .ARM.attributes
                0x00000165       0x33 ..\obj\tm_stm32f4_gpio.o

.debug_frame    0x00000000     0x10d8
 .debug_frame   0x00000000      0x2fc ..\obj\tm_stm32f4_nrf24l01.o
 .debug_frame   0x000002fc       0x48 ..\obj\startup_stm32f4xx.o
 .debug_frame   0x00000344       0x68 ..\obj\main.o
 .debug_frame   0x000003ac      0x4d8 ..\obj\stm32f4xx_rcc.o
 .debug_frame   0x00000884      0x1f0 ..\obj\tm_stm32f4_spi.o
 .debug_frame   0x00000a74      0x19c ..\obj\stm32f4xx_gpio.o
 .debug_frame   0x00000c10      0x2d0 ..\obj\stm32f4xx_spi.o
 .debug_frame   0x00000ee0      0x1f8 ..\obj\tm_stm32f4_gpio.o
